Archive member included because of file (symbol)

contiki-z1.a(rimeaddr.o)      obj_z1/contiki-z1-main.o (rimeaddr_copy)
contiki-z1.a(csma.o)          obj_z1/contiki-z1-main.o (csma_driver)
contiki-z1.a(contikimac.o)    obj_z1/contiki-z1-main.o (contikimac_driver)
contiki-z1.a(phase.o)         contiki-z1.a(contikimac.o) (phase_update)
contiki-z1.a(process.o)       obj_z1/contiki-z1-main.o (process_init)
contiki-z1.a(autostart.o)     obj_z1/contiki-z1-main.o (autostart_start)
contiki-z1.a(memb.o)          contiki-z1.a(csma.o) (memb_init)
contiki-z1.a(timer.o)         contiki-z1.a(phase.o) (timer_set)
contiki-z1.a(list.o)          contiki-z1.a(csma.o) (list_init)
contiki-z1.a(etimer.o)        obj_z1/contiki-z1-main.o (etimer_process)
contiki-z1.a(ctimer.o)        obj_z1/contiki-z1-main.o (ctimer_init)
contiki-z1.a(energest.o)      obj_z1/contiki-z1-main.o (energest_init)
contiki-z1.a(rtimer.o)        obj_z1/contiki-z1-main.o (rtimer_init)
contiki-z1.a(random.o)        contiki-z1.a(csma.o) (random_rand)
contiki-z1.a(nbr-table.o)     contiki-z1.a(phase.o) (nbr_table_register)
contiki-z1.a(packetbuf.o)     contiki-z1.a(contikimac.o) (packetbuf_hdr_remove)
contiki-z1.a(queuebuf.o)      obj_z1/contiki-z1-main.o (queuebuf_init)
contiki-z1.a(sicslowpan.o)    obj_z1/contiki-z1-main.o (sicslowpan_driver)
contiki-z1.a(tcpip.o)         contiki-z1.a(sicslowpan.o) (tcpip_set_outputfunc)
contiki-z1.a(uip-debug.o)     server-nonroot.co (uip_debug_ipaddr_print)
contiki-z1.a(uip-ds6-route.o)
                              contiki-z1.a(tcpip.o) (uip_ds6_route_nexthop)
contiki-z1.a(uip-ds6-nbr.o)   contiki-z1.a(tcpip.o) (uip_ds6_nbr_add)
contiki-z1.a(uip-ds6.o)       contiki-z1.a(tcpip.o) (uip_ds6_is_addr_onlink)
contiki-z1.a(uip-nd6.o)       contiki-z1.a(tcpip.o) (uip_nd6_ns_output)
contiki-z1.a(uip-udp-packet.)
                              server-nonroot.co (uip_udp_packet_send)
contiki-z1.a(uip6.o)          server-nonroot.co (uip_aligned_buf)
contiki-z1.a(contiki-z1-plat)
                              obj_z1/contiki-z1-main.o (init_platform)
contiki-z1.a(msp430.o)        obj_z1/contiki-z1-main.o (msp430_cpu_init)
contiki-z1.a(leds.o)          obj_z1/contiki-z1-main.o (leds_init)
contiki-z1.a(watchdog.o)      obj_z1/contiki-z1-main.o (watchdog_start)
contiki-z1.a(xmem.o)          obj_z1/contiki-z1-main.o (xmem_init)
contiki-z1.a(spi.o)           contiki-z1.a(xmem.o) (spi_init)
contiki-z1.a(cc2420.o)        obj_z1/contiki-z1-main.o (cc2420_set_pan_addr)
contiki-z1.a(cc2420-arch.o)   contiki-z1.a(cc2420.o) (cc2420_arch_init)
contiki-z1.a(node-id.o)       obj_z1/contiki-z1-main.o (node_id_restore)
contiki-z1.a(sensors.o)       contiki-z1.a(contiki-z1-plat) (sensors_process)
contiki-z1.a(button-sensor.o)
                              obj_z1/contiki-z1-main.o (button_sensor)
contiki-z1.a(uart0.o)         obj_z1/contiki-z1-main.o (uart0_active)
contiki-z1.a(uart0-putchar.o)
                              obj_z1/ping6.o (putchar)
contiki-z1.a(adxl345.o)       obj_z1/contiki-z1-main.o (accm_init)
contiki-z1.a(clock.o)         contiki-z1.a(timer.o) (clock_time)
contiki-z1.a(leds-arch.o)     contiki-z1.a(leds.o) (leds_arch_init)
contiki-z1.a(rtimer-arch.o)   contiki-z1.a(rtimer.o) (rtimer_arch_init)
contiki-z1.a(rimestats.o)     contiki-z1.a(cc2420.o) (rimestats)
contiki-z1.a(mac.o)           contiki-z1.a(csma.o) (mac_call_sent_callback)
contiki-z1.a(framer-802154.o)
                              contiki-z1.a(contikimac.o) (framer_802154)
contiki-z1.a(rpl.o)           contiki-z1.a(uip-ds6-nbr.o) (rpl_link_neighbor_callback)
contiki-z1.a(rpl-dag.o)       contiki-z1.a(rpl.o) (rpl_dag_init)
contiki-z1.a(rpl-icmp6.o)     contiki-z1.a(rpl.o) (dao_output_target)
contiki-z1.a(rpl-timers.o)    contiki-z1.a(rpl.o) (rpl_reset_periodic_timer)
contiki-z1.a(rpl-mrhof.o)     contiki-z1.a(rpl-dag.o) (rpl_mrhof)
contiki-z1.a(rpl-ext-header.)
                              contiki-z1.a(uip6.o) (rpl_verify_header)
contiki-z1.a(stimer.o)        contiki-z1.a(tcpip.o) (stimer_set)
contiki-z1.a(uip-icmp6.o)     contiki-z1.a(uip6.o) (uip_icmp6_echo_request_input)
contiki-z1.a(i2cmaster.o)     contiki-z1.a(adxl345.o) (i2c_receiveinit)
contiki-z1.a(frame802154.o)   contiki-z1.a(framer-802154.o) (frame802154_hdrlen)
/usr/local/msp430/bin/../lib/gcc/msp430/4.7.0/mcpu-430x/mmpy-16/libgcc.a(_mulsi3.o)
                              contiki-z1.a(csma.o) (__mulsi3)
/usr/local/msp430/bin/../lib/gcc/msp430/4.7.0/mcpu-430x/mmpy-16/libgcc.a(_udivmod16.o)
                              contiki-z1.a(rpl-dag.o) (__udivhi3)
/usr/local/msp430/bin/../lib/gcc/msp430/4.7.0/mcpu-430x/mmpy-16/libgcc.a(_divmod16.o)
                              contiki-z1.a(nbr-table.o) (__divhi3)
/usr/local/msp430/bin/../lib/gcc/msp430/4.7.0/mcpu-430x/mmpy-16/libgcc.a(_udivmod32.o)
                              obj_z1/contiki-z1-main.o (__udivsi3)
/usr/local/msp430/bin/../lib/gcc/msp430/4.7.0/../../../../msp430/lib/mcpu-430x/mmpy-16/libc.a(printf.o)
[...]
Memory Configuration

Name             Origin             Length             Attributes
sfr              0x00000000         0x00000010
peripheral_8bit  0x00000010         0x000000f0
peripheral_16bit 0x00000100         0x00000100
ram_mirror       0x00000200         0x00000800         xw
infomem          0x00001000         0x00000100
infod            0x00001000         0x00000040
infoc            0x00001040         0x00000040
infob            0x00001080         0x00000040
infoa            0x000010c0         0x00000040
ram              0x00001100         0x00002000         xw
rom              0x00003100         0x0000cebe         xr
vectors          0x0000ffc0         0x00000040
far_rom          0x00010000         0x0000a000
bsl              0x00000000         0x00000000
ram2             0x00000000         0x00000000         xw
usbram           0x00000000         0x00000000         xw
*default*        0x00000000         0xffffffff

Linker script and memory map

LOAD /usr/local/msp430/bin/../lib/gcc/msp430/4.7.0/mcpu-430x/mmpy-16/crt0ivtbl32.o
                0x00000041                __P1SEL2 = 0x41
                0x00000045                __P5SEL2 = 0x45
LOAD server-nonroot.co
LOAD obj_z1/ping6.o
LOAD obj_z1/contiki-z1-main.o
LOAD contiki-z1.a
LOAD /usr/local/msp430/bin/../lib/gcc/msp430/4.7.0/mcpu-430x/mmpy-16/libgcc.a
LOAD /usr/local/msp430/bin/../lib/gcc/msp430/4.7.0/../../../../msp430/lib/mcpu-430x/mmpy-16/libc.a
LOAD /usr/local/msp430/bin/../lib/gcc/msp430/4.7.0/mcpu-430x/mmpy-16/libgcc.a
LOAD /usr/local/msp430/bin/../lib/gcc/msp430/4.7.0/mcpu-430x/mmpy-16/libcrt0.a
                0x00000040                PROVIDE (__info_segment_size, 0x40)
                0x00001000                PROVIDE (__infod, 0x1000)
                0x00001040                PROVIDE (__infoc, 0x1040)
                0x00001080                PROVIDE (__infob, 0x1080)
                0x000010c0                PROVIDE (__infoa, 0x10c0)
                0x00000000                __IE1 = 0x0
                0x00000002                __IFG1 = 0x2
                0x00000001                __IE2 = 0x1
                0x00000003                __IFG2 = 0x3
                0x00000006                __UC1IE = 0x6
                0x00000007                __UC1IFG = 0x7
                0x000001a0                __ADC12CTL0 = 0x1a0
                0x000001a2                __ADC12CTL1 = 0x1a2
                0x000001a4                __ADC12IFG = 0x1a4
                0x000001a6                __ADC12IE = 0x1a6
                0x000001a8                __ADC12IV = 0x1a8
                0x00000140                __ADC12MEM0 = 0x140
                0x00000142                __ADC12MEM1 = 0x142
                0x00000144                __ADC12MEM2 = 0x144
                0x00000146                __ADC12MEM3 = 0x146
                0x00000148                __ADC12MEM4 = 0x148
                0x0000014a                __ADC12MEM5 = 0x14a
                0x0000014c                __ADC12MEM6 = 0x14c
                0x0000014e                __ADC12MEM7 = 0x14e
                0x00000150                __ADC12MEM8 = 0x150
                0x00000152                __ADC12MEM9 = 0x152
                0x00000154                __ADC12MEM10 = 0x154
                0x00000156                __ADC12MEM11 = 0x156
                0x00000158                __ADC12MEM12 = 0x158
                0x0000015a                __ADC12MEM13 = 0x15a
                0x0000015c                __ADC12MEM14 = 0x15c
                0x0000015e                __ADC12MEM15 = 0x15e
                0x00000080                __ADC12MCTL0 = 0x80
                0x00000081                __ADC12MCTL1 = 0x81
                0x00000082                __ADC12MCTL2 = 0x82
                0x00000083                __ADC12MCTL3 = 0x83
                0x00000084                __ADC12MCTL4 = 0x84
                0x00000085                __ADC12MCTL5 = 0x85
                0x00000086                __ADC12MCTL6 = 0x86
                0x00000087                __ADC12MCTL7 = 0x87
                0x00000088                __ADC12MCTL8 = 0x88
                0x00000089                __ADC12MCTL9 = 0x89
                0x0000008a                __ADC12MCTL10 = 0x8a
                0x0000008b                __ADC12MCTL11 = 0x8b
                0x0000008c                __ADC12MCTL12 = 0x8c
                0x0000008d                __ADC12MCTL13 = 0x8d
                0x0000008e                __ADC12MCTL14 = 0x8e
                0x0000008f                __ADC12MCTL15 = 0x8f
                0x00000056                __DCOCTL = 0x56
                0x00000057                __BCSCTL1 = 0x57
                0x00000058                __BCSCTL2 = 0x58
                0x00000053                __BCSCTL3 = 0x53
                0x00000059                __CACTL1 = 0x59
                0x0000005a                __CACTL2 = 0x5a
                0x0000005b                __CAPD = 0x5b
                0x000001c0                __DAC12_0CTL = 0x1c0
                0x000001c2                __DAC12_1CTL = 0x1c2
                0x000001c8                __DAC12_0DAT = 0x1c8
                0x000001ca                __DAC12_1DAT = 0x1ca
                0x00000122                __DMACTL0 = 0x122
                0x00000124                __DMACTL1 = 0x124
                0x00000126                __DMAIV = 0x126
                0x000001d0                __DMA0CTL = 0x1d0
                0x000001dc                __DMA1CTL = 0x1dc
                0x000001e8                __DMA2CTL = 0x1e8
                0x000001d2                __DMA0SA = 0x1d2
                0x000001d2                __DMA0SAL = 0x1d2
                0x000001d6                __DMA0DA = 0x1d6
                0x000001d6                __DMA0DAL = 0x1d6
                0x000001da                __DMA0SZ = 0x1da
                0x000001de                __DMA1SA = 0x1de
                0x000001de                __DMA1SAL = 0x1de
                0x000001e2                __DMA1DA = 0x1e2
                0x000001e2                __DMA1DAL = 0x1e2
                0x000001e6                __DMA1SZ = 0x1e6
                0x000001ea                __DMA2SA = 0x1ea
                0x000001ea                __DMA2SAL = 0x1ea
                0x000001ee                __DMA2DA = 0x1ee
                0x000001ee                __DMA2DAL = 0x1ee
                0x000001f2                __DMA2SZ = 0x1f2
                0x00000128                __FCTL1 = 0x128
                0x0000012a                __FCTL2 = 0x12a
                0x0000012c                __FCTL3 = 0x12c
                0x000001be                __FCTL4 = 0x1be
                0x00000130                __MPY = 0x130
                0x00000132                __MPYS = 0x132
                0x00000134                __MAC = 0x134
                0x00000136                __MACS = 0x136
                0x00000138                __OP2 = 0x138
                0x0000013a                __RESLO = 0x13a
                0x0000013c                __RESHI = 0x13c
                0x0000013e                __SUMEXT = 0x13e
                0x00000020                __P1IN = 0x20
                0x00000021                __P1OUT = 0x21
                0x00000022                __P1DIR = 0x22
                0x00000023                __P1IFG = 0x23
                0x00000024                __P1IES = 0x24
                0x00000025                __P1IE = 0x25
                0x00000026                __P1SEL = 0x26
                0x00000027                __P1REN = 0x27
                0x00000028                __P2IN = 0x28
                0x00000029                __P2OUT = 0x29
                0x0000002a                __P2DIR = 0x2a
                0x0000002b                __P2IFG = 0x2b
                0x0000002c                __P2IES = 0x2c
                0x0000002d                __P2IE = 0x2d
                0x0000002e                __P2SEL = 0x2e
                0x0000002f                __P2REN = 0x2f
                0x00000018                __P3IN = 0x18
                0x00000019                __P3OUT = 0x19
                0x0000001a                __P3DIR = 0x1a
                0x0000001b                __P3SEL = 0x1b
                0x00000010                __P3REN = 0x10
                0x0000001c                __P4IN = 0x1c
                0x0000001d                __P4OUT = 0x1d
                0x0000001e                __P4DIR = 0x1e
                0x0000001f                __P4SEL = 0x1f
                0x00000011                __P4REN = 0x11
                0x00000030                __P5IN = 0x30
                0x00000031                __P5OUT = 0x31
                0x00000032                __P5DIR = 0x32
                0x00000033                __P5SEL = 0x33
                0x00000012                __P5REN = 0x12
                0x00000034                __P6IN = 0x34
                0x00000035                __P6OUT = 0x35
                0x00000036                __P6DIR = 0x36
                0x00000037                __P6SEL = 0x37
                0x00000013                __P6REN = 0x13
                0x00000038                __P7IN = 0x38
                0x0000003a                __P7OUT = 0x3a
                0x0000003c                __P7DIR = 0x3c
                0x0000003e                __P7SEL = 0x3e
                0x00000014                __P7REN = 0x14
                0x00000039                __P8IN = 0x39
                0x0000003b                __P8OUT = 0x3b
                0x0000003d                __P8DIR = 0x3d
                0x0000003f                __P8SEL = 0x3f
                0x00000015                __P8REN = 0x15
                0x00000038                __PAIN = 0x38
                0x0000003a                __PAOUT = 0x3a
                0x0000003c                __PADIR = 0x3c
                0x0000003e                __PASEL = 0x3e
                0x00000014                __PAREN = 0x14
                0x00000055                __SVSCTL = 0x55
                0x0000012e                __TAIV = 0x12e
                0x00000160                __TACTL = 0x160
                0x00000162                __TACCTL0 = 0x162
                0x00000164                __TACCTL1 = 0x164
                0x00000166                __TACCTL2 = 0x166
                0x00000170                __TAR = 0x170
                0x00000172                __TACCR0 = 0x172
                0x00000174                __TACCR1 = 0x174
                0x00000176                __TACCR2 = 0x176
                0x0000011e                __TBIV = 0x11e
                0x00000180                __TBCTL = 0x180
                0x00000182                __TBCCTL0 = 0x182
                0x00000184                __TBCCTL1 = 0x184
                0x00000186                __TBCCTL2 = 0x186
                0x00000188                __TBCCTL3 = 0x188
                0x0000018a                __TBCCTL4 = 0x18a
                0x0000018c                __TBCCTL5 = 0x18c
                0x0000018e                __TBCCTL6 = 0x18e
                0x00000190                __TBR = 0x190
                0x00000192                __TBCCR0 = 0x192
                0x00000194                __TBCCR1 = 0x194
                0x00000196                __TBCCR2 = 0x196
                0x00000198                __TBCCR3 = 0x198
                0x0000019a                __TBCCR4 = 0x19a
                0x0000019c                __TBCCR5 = 0x19c
                0x0000019e                __TBCCR6 = 0x19e
                0x00000060                __UCA0CTL0 = 0x60
                0x00000061                __UCA0CTL1 = 0x61
                0x00000062                __UCA0BR0 = 0x62
                0x00000063                __UCA0BR1 = 0x63
                0x00000064                __UCA0MCTL = 0x64
                0x00000065                __UCA0STAT = 0x65
                0x00000066                __UCA0RXBUF = 0x66
                0x00000067                __UCA0TXBUF = 0x67
                0x0000005d                __UCA0ABCTL = 0x5d
                0x0000005e                __UCA0IRTCTL = 0x5e
                0x0000005f                __UCA0IRRCTL = 0x5f
                0x00000068                __UCB0CTL0 = 0x68
                0x00000069                __UCB0CTL1 = 0x69
                0x0000006a                __UCB0BR0 = 0x6a
                0x0000006b                __UCB0BR1 = 0x6b
                0x0000006c                __UCB0I2CIE = 0x6c
                0x0000006d                __UCB0STAT = 0x6d
                0x0000006e                __UCB0RXBUF = 0x6e
                0x0000006f                __UCB0TXBUF = 0x6f
                0x00000118                __UCB0I2COA = 0x118
                0x0000011a                __UCB0I2CSA = 0x11a
                0x000000d0                __UCA1CTL0 = 0xd0
                0x000000d1                __UCA1CTL1 = 0xd1
                0x000000d2                __UCA1BR0 = 0xd2
                0x000000d3                __UCA1BR1 = 0xd3
                0x000000d4                __UCA1MCTL = 0xd4
                0x000000d5                __UCA1STAT = 0xd5
                0x000000d6                __UCA1RXBUF = 0xd6
                0x000000d7                __UCA1TXBUF = 0xd7
                0x000000cd                __UCA1ABCTL = 0xcd
                0x000000ce                __UCA1IRTCTL = 0xce
                0x000000cf                __UCA1IRRCTL = 0xcf
                0x000000d8                __UCB1CTL0 = 0xd8
                0x000000d9                __UCB1CTL1 = 0xd9
                0x000000da                __UCB1BR0 = 0xda
                0x000000db                __UCB1BR1 = 0xdb
                0x000000dc                __UCB1I2CIE = 0xdc
                0x000000dd                __UCB1STAT = 0xdd
                0x000000de                __UCB1RXBUF = 0xde
                0x000000df                __UCB1TXBUF = 0xdf
                0x0000017c                __UCB1I2COA = 0x17c
                0x0000017e                __UCB1I2CSA = 0x17e
                0x00000120                __WDTCTL = 0x120
                0x000010c0                __TLV_CHECKSUM = 0x10c0
                0x000010f6                __TLV_DCO_30_TAG = 0x10f6
                0x000010f7                __TLV_DCO_30_LEN = 0x10f7
                0x000010da                __TLV_ADC12_1_TAG = 0x10da
                0x000010db                __TLV_ADC12_1_LEN = 0x10db
                0x000010f8                __CALDCO_16MHZ = 0x10f8
                0x000010f9                __CALBC1_16MHZ = 0x10f9
                0x000010fa                __CALDCO_12MHZ = 0x10fa
                0x000010fb                __CALBC1_12MHZ = 0x10fb
                0x000010fc                __CALDCO_8MHZ = 0x10fc
                0x000010fd                __CALBC1_8MHZ = 0x10fd
                0x000010fe                __CALDCO_1MHZ = 0x10fe
                0x000010ff                __CALBC1_1MHZ = 0x10ff

.hash
 *(.hash)

.dynsym
 *(.dynsym)

.dynstr
 *(.dynstr)

.gnu.version
 *(.gnu.version)

.gnu.version_d
 *(.gnu.version_d)

.gnu.version_r
 *(.gnu.version_r)

.rel.init
 *(.rel.init)

.rela.init
 *(.rela.init)

.rel.fini
 *(.rel.fini)

.rela.fini
 *(.rela.fini)

.rel.text
 *(.rel.text .rel.text.* .rel.gnu.linkonce.t.*)

.rela.text
 *(.rela.text .rela.text.* .rela.gnu.linkonce.t.*)

.rel.rodata
 *(.rel.rodata .rel.rodata.* .rel.gnu.linkonce.r.*)

.rela.rodata
 *(.rela.rodata .rela.rodata.* .rela.gnu.linkonce.r.*)

.rel.data
 *(.rel.data .rel.data.* .rel.gnu.linkonce.d.*)

.rela.data
 *(.rela.data .rela.data.* .rela.gnu.linkonce.d.*)

.rel.bss
 *(.rel.bss .rel.bss.* .rel.gnu.linkonce.b.*)

.rela.bss
 *(.rela.bss .rela.bss.* .rela.gnu.linkonce.b.*)

.rel.ctors
 *(.rel.ctors)

.rela.ctors
 *(.rela.ctors)

.rel.dtors
 *(.rel.dtors)

.rela.dtors
 *(.rela.dtors)

.rel.got
 *(.rel.got)

.rela.got
 *(.rela.got)

.rel.plt
 *(.rel.plt)

.rela.plt
 *(.rela.plt)

.text           0x00003100     0xb39e
                0x00003100                . = ALIGN (0x2)
 *(.init .init.*)
 *(.init0)
 .init0         0x00003100        0x0 /usr/local/msp430/bin/../lib/gcc/msp430/4.7.0/mcpu-430x/mmpy-16/libcrt0.a(_reset_vector__.o)
                0x00003100                _reset_vector__
 *(.init1)
 .init1         0x00003100        0xc /usr/local/msp430/bin/../lib/gcc/msp430/4.7.0/mcpu-430x/mmpy-16/libcrt0.a(__watchdog_support.o)
                0x00003100                __watchdog_support
 *(.init2)
 .init2         0x0000310c        0x4 /usr/local/msp430/bin/../lib/gcc/msp430/4.7.0/mcpu-430x/mmpy-16/libcrt0.a(__init_stack.o)
                0x0000310c                __init_stack
 *(.init3)
 .init3         0x00003110        0x0 /usr/local/msp430/bin/../lib/gcc/msp430/4.7.0/mcpu-430x/mmpy-16/libcrt0.a(__low_level_init.o)
                0x00003110                __low_level_init
 *(.init4)
 .init4         0x00003110       0x18 /usr/local/msp430/bin/../lib/gcc/msp430/4.7.0/mcpu-430x/mmpy-16/libcrt0.a(_copy_data.o)
                0x00003110                __do_copy_data
 .init4         0x00003128       0x16 /usr/local/msp430/bin/../lib/gcc/msp430/4.7.0/mcpu-430x/mmpy-16/libcrt0.a(_clear_bss.o)
                0x00003128                __do_clear_bss
 *(.init5)
 *(.init6)
 *(.init7)
 *(.init8)
 *(.init9)
 .init9         0x0000313e      0x35c obj_z1/contiki-z1-main.o
                0x0000313e                main
 *(.fini9)
 .fini9         0x0000349a        0x0 /usr/local/msp430/bin/../lib/gcc/msp430/4.7.0/mcpu-430x/mmpy-16/libcrt0.a(__stop_progExec__.o)
                0x0000349a                __stop_progExec__
 *(.fini8)
 *(.fini7)
 *(.fini6)
 *(.fini5)
 *(.fini4)
 *(.fini3)
 *(.fini2)
 *(.fini1)
 *(.fini0)
 .fini0         0x0000349a        0x6 /usr/local/msp430/bin/../lib/gcc/msp430/4.7.0/mcpu-430x/mmpy-16/libcrt0.a(_endless_loop__.o)
                0x0000349a                _endless_loop__
 *(.fini .fini.*)
                0x000034a0                . = ALIGN (0x2)
                0x000034a0                __ctors_start = .
 *(.ctors)
                0x000034a0                __ctors_end = .
                0x000034a0                __dtors_start = .
 *(.dtors)
                0x000034a0                __dtors_end = .
                0x000034a0                . = ALIGN (0x2)
 *(.text .text.* .gnu.linkonce.t.*)
 .text          0x000034a0        0x4 /usr/local/msp430/bin/../lib/gcc/msp430/4.7.0/mcpu-430x/mmpy-16/crt0ivtbl32.o
                0x000034a0                __isr_14
                0x000034a0                __isr_4
                0x000034a0                __isr_29
                0x000034a0                __isr_11
                0x000034a0                __isr_5
                0x000034a0                __isr_2
                0x000034a0                __isr_10
                0x000034a0                __isr_7
                0x000034a0                __isr_0
                0x000034a0                __isr_28
                0x000034a0                __isr_8
                0x000034a0                __isr_20
                0x000034a0                __isr_3
                0x000034a0                __isr_12
                0x000034a0                __isr_13
                0x000034a0                __isr_27
                0x000034a0                __isr_9
                0x000034a0                __isr_30
                0x000034a0                __isr_6
                0x000034a0                __isr_22
                0x000034a0                __isr_1
                0x000034a0                __isr_15
                0x000034a0                __isr_21
 .text.crt0     0x000034a4        0x0 /usr/local/msp430/bin/../lib/gcc/msp430/4.7.0/mcpu-430x/mmpy-16/crt0ivtbl32.o
 .text          0x000034a4      0x124 server-nonroot.co
 .text          0x000035c8      0x184 obj_z1/ping6.o
 .text          0x0000374c        0x6 obj_z1/contiki-z1-main.o
                0x0000374c                uip_log
 .text          0x00003752       0x26 contiki-z1.a(rimeaddr.o)
                0x00003752                rimeaddr_copy
                0x0000375a                rimeaddr_cmp
                0x0000376c                rimeaddr_set_node_addr
 .text          0x00003778      0x360 contiki-z1.a(csma.o)
 .text          0x00003ad8      0x6f6 contiki-z1.a(contikimac.o)
                0x000041ca                contikimac_debug_print
 .text          0x000041ce      0x1b8 contiki-z1.a(phase.o)
                0x00004212                phase_update
                0x00004298                phase_wait
                0x00004372                phase_init
 .text          0x00004386      0x2a0 contiki-z1.a(process.o)
                0x00004482                process_alloc_event
                0x00004490                process_exit
                0x0000449a                process_init
                0x000044b6                process_run
                0x0000455a                process_nevents
                0x00004568                process_post
                0x000045b8                process_post_synch
                0x000045ca                process_start
                0x00004600                process_poll
                0x00004618                process_is_running
 .text          0x00004626       0x2a contiki-z1.a(autostart.o)
                0x00004626                autostart_start
                0x0000463c                autostart_exit
 .text          0x00004650       0xd8 contiki-z1.a(memb.o)
                0x00004650                memb_init
                0x00004686                memb_alloc
                0x000046c4                memb_free
                0x000046fe                memb_inmemb
 .text          0x00004728       0x8c contiki-z1.a(timer.o)
                0x00004728                timer_set
                0x00004744                timer_reset
                0x00004752                timer_restart
                0x00004766                timer_expired
                0x00004790                timer_remaining
 .text          0x000047b4       0xec contiki-z1.a(list.o)
                0x000047b4                list_init
                0x000047ba                list_head
                0x000047be                list_copy
                0x000047c4                list_tail
                0x000047d6                list_chop
                0x000047f0                list_pop
                0x000047fe                list_remove
                0x00004832                list_push
                0x00004848                list_add
                0x0000486e                list_length
                0x0000487e                list_insert
                0x00004894                list_item_next
 .text          0x000048a0      0x258 contiki-z1.a(etimer.o)
                0x00004910                etimer_request_poll
                0x00004a1e                etimer_set
                0x00004a30                etimer_reset
                0x00004a42                etimer_restart
                0x00004a54                etimer_adjust
                0x00004a6e                etimer_expired
                0x00004a7c                etimer_expiration_time
                0x00004a90                etimer_start_time
                0x00004a98                etimer_pending
                0x00004aa4                etimer_next_expiration_time
                0x00004aba                etimer_stop
 .text          0x00004af8      0x1ce contiki-z1.a(ctimer.o)
                0x00004b98                ctimer_init
                0x00004bb0                ctimer_set
                0x00004c02                ctimer_reset
                0x00004c38                ctimer_restart
                0x00004c6e                ctimer_stop
                0x00004c96                ctimer_expired
 .text          0x00004cc6       0xaa contiki-z1.a(energest.o)
                0x00004cc6                energest_init
                0x00004cea                energest_type_time
                0x00004d26                energest_leveldevice_leveltime
                0x00004d2c                energest_type_set
                0x00004d38                energest_flush
 .text          0x00004d70       0x50 contiki-z1.a(rtimer.o)
                0x00004d70                rtimer_init
                0x00004d76                rtimer_set
                0x00004d9a                rtimer_run_next
 .text          0x00004dc0        0xc contiki-z1.a(random.o)
                0x00004dc0                random_init
                0x00004dc6                random_rand
 .text          0x00004dcc      0x372 contiki-z1.a(nbr-table.o)
                0x00004ef4                nbr_table_register
                0x00004f1a                nbr_table_next
                0x00004f66                nbr_table_head
                0x00004f9c                nbr_table_add_lladdr
                0x000050ac                nbr_table_get_from_lladdr
                0x000050d4                nbr_table_remove
                0x000050fe                nbr_table_lock
                0x0000510e                nbr_table_unlock
                0x0000511e                nbr_table_get_lladdr
 .text          0x0000513e      0x21a contiki-z1.a(packetbuf.o)
                0x0000513e                packetbuf_clear_hdr
                0x00005146                packetbuf_copyto_hdr
                0x00005162                packetbuf_copyto
                0x000051a8                packetbuf_hdr_remove
                0x000051ae                packetbuf_hdrreduce
                0x000051c8                packetbuf_set_datalen
                0x000051ce                packetbuf_dataptr
                0x000051dc                packetbuf_hdrptr
                0x000051e6                packetbuf_is_reference
                0x000051f4                packetbuf_compact
                0x0000523c                packetbuf_reference_ptr
                0x00005242                packetbuf_datalen
                0x00005248                packetbuf_hdrlen
                0x00005252                packetbuf_totlen
                0x00005262                packetbuf_hdralloc
                0x0000528c                packetbuf_attr_clear
                0x000052b8                packetbuf_clear
                0x000052d2                packetbuf_reference
                0x000052e8                packetbuf_copyfrom
                0x00005312                packetbuf_attr_copyto
                0x00005334                packetbuf_attr_copyfrom
 .text          0x00005358      0x1a6 contiki-z1.a(queuebuf.o)
                0x00005358                queuebuf_init
                0x00005372                queuebuf_new_from_packetbuf
                0x000053ec                queuebuf_update_attr_from_packetbuf
                0x000053fe                queuebuf_free
                0x0000543e                queuebuf_to_packetbuf
                0x000054a8                queuebuf_dataptr
                0x000054da                queuebuf_datalen
                0x000054e0                queuebuf_addr
                0x000054ee                queuebuf_attr
                0x000054fc                queuebuf_debug_print
 .text          0x000054fe      0xebc contiki-z1.a(sicslowpan.o)
                0x00005c5c                sicslowpan_init
                0x000063ae                rime_sniffer_add
                0x000063b4                rime_sniffer_remove
 .text          0x000063ba      0x518 contiki-z1.a(tcpip.o)
                0x000063d0                tcpip_output
                0x000063e0                tcpip_set_outputfunc
                0x000063e6                tcp_unlisten
                0x00006418                tcp_listen
                0x00006452                tcp_attach
                0x0000645e                udp_attach
                0x0000646a                udp_new
                0x00006484                udp_broadcast_new
                0x000064ca                icmp6_new
                0x000064e2                tcpip_icmp6_call
                0x000064fe                tcpip_input
                0x00006514                tcpip_ipv6_output
                0x00006824                tcpip_poll_udp
                0x00006832                tcpip_poll_tcp
                0x00006840                tcp_connect
                0x00006862                tcpip_uipcall
 .text          0x000068d2       0x9e contiki-z1.a(uip-debug.o)
                0x000068d2                uip_debug_ipaddr_print
                0x00006944                uip_debug_lladdr_print
 .text          0x00006970      0x3e0 contiki-z1.a(uip-ds6-route.o)
                0x000069b0                uip_ds6_notification_add
                0x000069c8                uip_ds6_notification_rm
                0x000069d4                uip_ds6_route_init
                0x00006a02                uip_ds6_route_nexthop
                0x00006a1c                uip_ds6_route_head
                0x00006a44                uip_ds6_route_next
                0x00006a74                uip_ds6_route_num_routes
                0x00006a7a                uip_ds6_route_lookup
                0x00006aba                uip_ds6_route_add
                0x00006b5a                uip_ds6_route_rm
                0x00006bf0                uip_ds6_route_rm_by_nexthop
                0x00006c04                uip_ds6_defrt_rm
                0x00006c48                uip_ds6_defrt_lookup
                0x00006c7a                uip_ds6_defrt_add
                0x00006ce2                uip_ds6_defrt_choose
                0x00006d18                uip_ds6_defrt_periodic
 .text          0x00006d50      0x27e contiki-z1.a(uip-ds6-nbr.o)
                0x00006d50                uip_ds6_nbr_rm
                0x00006d6a                uip_ds6_neighbors_init
                0x00006d78                uip_ds6_nbr_add
                0x00006dcc                uip_ds6_nbr_get_ipaddr
                0x00006dce                uip_ds6_nbr_get_ll
                0x00006dda                uip_ds6_nbr_num
                0x00006dfe                uip_ds6_nbr_lookup
                0x00006e3c                uip_ds6_nbr_ll_lookup
                0x00006e48                uip_ds6_nbr_ipaddr_from_lladdr
                0x00006e4e                uip_ds6_nbr_lladdr_from_ipaddr
                0x00006e60                uip_ds6_link_neighbor_callback
                0x00006e86                uip_ds6_neighbor_periodic
                0x00006f80                uip_ds6_get_least_lifetime_neighbor
 .text          0x00006fce      0x68e contiki-z1.a(uip-ds6.o)
                0x00006fce                uip_ds6_list_loop
                0x00007034                uip_ds6_prefix_add
                0x000070a4                uip_ds6_prefix_rm
                0x000070ae                uip_ds6_prefix_lookup
                0x000070d6                uip_ds6_is_addr_onlink
                0x00007118                uip_ds6_addr_lookup
                0x00007142                uip_ds6_get_link_local
                0x00007180                uip_ds6_get_global
                0x000071be                uip_ds6_maddr_add
                0x00007206                uip_ds6_addr_add
                0x000072ba                uip_ds6_maddr_rm
                0x000072c4                uip_ds6_maddr_lookup
                0x000072ee                uip_ds6_addr_rm
                0x00007342                uip_ds6_periodic
                0x0000738c                uip_ds6_aaddr_add
                0x000073d2                uip_ds6_aaddr_rm
                0x000073dc                uip_ds6_aaddr_lookup
                0x00007404                uip_ds6_set_addr_iid
                0x00007418                get_match_length
                0x00007454                uip_ds6_select_src
                0x000074ee                uip_ds6_compute_reachable_time
                0x00007524                uip_ds6_init
 .text          0x0000765c      0x55c contiki-z1.a(uip-nd6.o)
                0x0000765c                uip_nd6_ns_input
                0x000078a2                uip_nd6_ns_output
                0x00007a18                uip_nd6_na_input
 .text          0x00007bb8       0x84 contiki-z1.a(uip-udp-packet.)
                0x00007bb8                uip_udp_packet_send
                0x00007be6                uip_udp_packet_sendto
 .text          0x00007c3c     0x136e contiki-z1.a(uip6.o)
                0x00007d86                uip_add32
                0x00007e14                uip_chksum
                0x00007e2c                uip_icmp6chksum
                0x00007e36                uip_tcpchksum
                0x00007e40                uip_udpchksum
                0x00007e4a                uip_init
                0x00007ea4                uip_connect
                0x00007fbe                remove_ext_hdr
                0x00008012                uip_udp_new
                0x000080ca                uip_unlisten
                0x000080f4                uip_listen
                0x00008120                uip_process
                0x00008f48                uip_htons
                0x00008f54                uip_htonl
                0x00008f7e                uip_send
 .text          0x00008faa        0xc contiki-z1.a(contiki-z1-plat)
                0x00008faa                init_platform
 .text          0x00008fb6       0xd2 contiki-z1.a(msp430.o)
                0x00008fb6                msp430_init_dco
                0x00008fde                msp430_quick_synch_dco
                0x0000905a                msp430_cpu_init
                0x00009080                splhigh_
 .text          0x00009088      0x168 contiki-z1.a(leds.o)
                0x00009180                leds_init
                0x0000918e                leds_get
                0x00009194                leds_on
                0x000091a8                leds_off
                0x000091bc                leds_invert
                0x000091c6                leds_toggle
                0x000091cc                leds_blink
 .text          0x000091f0       0x54 contiki-z1.a(watchdog.o)
                0x000091f0                watchdog_start
                0x00009204                watchdog_periodic
                0x00009216                watchdog_stop
                0x0000922c                watchdog_init
                0x0000923e                watchdog_reboot
 .text          0x00009244      0x30a contiki-z1.a(xmem.o)
                0x000092b0                xmem_init
                0x000092ce                xmem_pread
                0x00009390                xmem_pwrite
                0x000094a4                xmem_erase
 .text          0x0000954e       0x32 contiki-z1.a(spi.o)
                0x0000954e                spi_init
 .text          0x00009580      0xa1c contiki-z1.a(cc2420.o)
                0x00009884                cc2420_on
                0x000098a6                cc2420_off
                0x00009a9a                cc2420_get_channel
                0x00009aa0                cc2420_set_channel
                0x00009b18                cc2420_set_pan_addr
                0x00009c38                cc2420_interrupt
                0x00009c56                cc2420_set_txpower
                0x00009c64                cc2420_get_txpower
                0x00009e32                cc2420_rssi
                0x00009e90                cc2420_cca_valid
                0x00009eb4                cc2420_set_cca_threshold
                0x00009eca                cc2420_init
 .text          0x00009f9c       0x1a contiki-z1.a(cc2420-arch.o)
                0x00009f9c                cc2420_arch_init
 .text          0x00009fb6       0x96 contiki-z1.a(node-id.o)
                0x00009fb6                node_id_restore
                0x0000a002                node_id_burn
 .text          0x0000a04c      0x156 contiki-z1.a(sensors.o)
                0x0000a10e                sensors_first
                0x0000a114                sensors_next
                0x0000a138                sensors_changed
                0x0000a162                sensors_find
 .text          0x0000a1a2       0x86 contiki-z1.a(button-sensor.o)
 .text          0x0000a228       0x6a contiki-z1.a(uart0.o)
                0x0000a228                uart0_active
                0x0000a236                uart0_set_input
                0x0000a23c                uart0_writeb
                0x0000a252                uart0_init
 .text          0x0000a292       0x10 contiki-z1.a(uart0-putchar.o)
                0x0000a292                putchar
 .text          0x0000a2a2      0x254 contiki-z1.a(adxl345.o)
                0x0000a2a2                accm_write_reg
                0x0000a2d0                accm_write_stream
                0x0000a2fa                accm_read_reg
                0x0000a3a4                accm_read_stream
                0x0000a3f6                accm_read_axis
                0x0000a41c                accm_set_grange
                0x0000a440                accm_init
                0x0000a4ca                accm_set_irq
 .text          0x0000a4f6       0xda contiki-z1.a(clock.o)
                0x0000a4f6                clock_time
                0x0000a510                clock_set
                0x0000a526                clock_fine_max
                0x0000a52c                clock_fine
                0x0000a538                clock_init
                0x0000a560                clock_delay
                0x0000a56c                clock_wait
                0x0000a590                clock_set_seconds
                0x0000a5a8                clock_seconds
                0x0000a5c2                clock_counter
 .text          0x0000a5d0       0x74 contiki-z1.a(leds-arch.o)
                0x0000a5d0                leds_arch_init
                0x0000a5de                leds_arch_get
                0x0000a60c                leds_arch_set
 .text          0x0000a644       0x22 contiki-z1.a(rtimer-arch.o)
                0x0000a644                rtimer_arch_init
                0x0000a652                rtimer_arch_now
                0x0000a660                rtimer_arch_schedule
 .text          0x0000a666        0x0 contiki-z1.a(rimestats.o)
 .text          0x0000a666       0x14 contiki-z1.a(mac.o)
                0x0000a666                mac_call_sent_callback
 .text          0x0000a67a      0x1b6 contiki-z1.a(framer-802154.o)
 .text          0x0000a830      0x202 contiki-z1.a(rpl.o)
                0x0000a830                rpl_purge_routes
                0x0000a8c6                rpl_remove_routes
                0x0000a8e8                rpl_remove_routes_by_nexthop
                0x0000a926                rpl_add_route
                0x0000a96e                rpl_link_neighbor_callback
                0x0000a9d4                rpl_ipv6_neighbor_callback
                0x0000a9f2                rpl_init
 .text          0x0000aa32      0xdfc contiki-z1.a(rpl-dag.o)
                0x0000ab4e                rpl_dag_init
                0x0000ab5c                rpl_get_parent_rank
                0x0000ab74                rpl_get_parent_link_metric
                0x0000ab8c                rpl_get_parent_ipaddr
                0x0000ab9c                rpl_set_prefix
                0x0000ac10                rpl_set_default_route
                0x0000ac70                rpl_alloc_instance
                0x0000ac9c                rpl_set_default_instance
                0x0000aca2                rpl_add_parent
                0x0000acda                rpl_find_parent
                0x0000acf6                rpl_find_parent_any_dag
                0x0000ad1a                rpl_select_parent
                0x0000ad6e                rpl_select_dag
                0x0000af04                rpl_nullify_parent
                0x0000af4e                rpl_remove_parent
                0x0000af92                rpl_free_dag
                0x0000afc6                rpl_free_instance
                0x0000b01a                rpl_move_parent
                0x0000b080                rpl_get_any_dag
                0x0000b096                rpl_get_instance
                0x0000b0fc                rpl_alloc_dag
                0x0000b15e                rpl_set_root
                0x0000b23a                rpl_repair_root
                0x0000b286                rpl_find_of
                0x0000b296                rpl_join_instance
                0x0000b3be                rpl_local_repair
                0x0000b422                rpl_process_parent_event
                0x0000b48e                rpl_recalculate_ranks
                0x0000b4d0                rpl_add_dag
                0x0000b5d2                rpl_process_dio
 .text          0x0000b82e      0xd50 contiki-z1.a(rpl-icmp6.o)
                0x0000b8b4                dis_output
                0x0000b924                dio_output
                0x0000bbca                dao_output_target
                0x0000bcda                dao_output
                0x0000bd4a                dao_ack_output
                0x0000bd9c                uip_rpl_input
 .text          0x0000c57e      0x23c contiki-z1.a(rpl-timers.o)
                0x0000c708                rpl_reset_periodic_timer
                0x0000c75c                rpl_reset_dio_timer
                0x0000c774                rpl_schedule_dao
 .text          0x0000c7ba      0x120 contiki-z1.a(rpl-mrhof.o)
 .text          0x0000c8da      0x2de contiki-z1.a(rpl-ext-header.)
                0x0000c8da                rpl_verify_header
                0x0000c98a                rpl_update_header_empty
                0x0000ca7a                rpl_update_header_final
                0x0000cb02                rpl_remove_header
                0x0000cb4e                rpl_invert_header
                0x0000cb9c                rpl_insert_header
 .text          0x0000cbb8       0xa4 contiki-z1.a(stimer.o)
                0x0000cbb8                stimer_set
                0x0000cbd4                stimer_reset
                0x0000cbe2                stimer_restart
                0x0000cbf6                stimer_expired
                0x0000cc26                stimer_remaining
                0x0000cc4a                stimer_elapsed
 .text          0x0000cc5c      0x318 contiki-z1.a(uip-icmp6.o)
                0x0000cc5c                uip_icmp6_echo_request_input
                0x0000cd84                uip_icmp6_error_output
                0x0000cef0                uip_icmp6_send
 .text          0x0000cf74       0xfa contiki-z1.a(i2cmaster.o)
                0x0000cf74                i2c_receiveinit
                0x0000cfa8                i2c_transmitinit
                0x0000cfd6                i2c_receive_n
                0x0000d014                i2c_busy
                0x0000d01e                i2c_enable
                0x0000d040                i2c_disable
                0x0000d05a                i2c_transmit_n
 .text          0x0000d06e      0x366 contiki-z1.a(frame802154.o)
                0x0000d0fa                frame802154_hdrlen
                0x0000d128                frame802154_create
                0x0000d25e                frame802154_parse
 .text          0x0000d3d4        0x0 /usr/local/msp430/bin/../lib/gcc/msp430/4.7.0/mcpu-430x/mmpy-16/libgcc.a(_mulsi3.o)
 .text.libgcc   0x0000d3d4       0x26 /usr/local/msp430/bin/../lib/gcc/msp430/4.7.0/mcpu-430x/mmpy-16/libgcc.a(_mulsi3.o)
                0x0000d3d4                __mulsi3
 .text          0x0000d3fa        0x0 /usr/local/msp430/bin/../lib/gcc/msp430/4.7.0/mcpu-430x/mmpy-16/libgcc.a(_udivmod16.o)
 .text.libgcc   0x0000d3fa       0x22 /usr/local/msp430/bin/../lib/gcc/msp430/4.7.0/mcpu-430x/mmpy-16/libgcc.a(_udivmod16.o)
                0x0000d3fa                __udivhi3
                0x0000d3fa                __ext_udivmod16
                0x0000d414                __umodhi3
 .text          0x0000d41c        0x0 /usr/local/msp430/bin/../lib/gcc/msp430/4.7.0/mcpu-430x/mmpy-16/libgcc.a(_divmod16.o)
 .text.libgcc   0x0000d41c       0x3a /usr/local/msp430/bin/../lib/gcc/msp430/4.7.0/mcpu-430x/mmpy-16/libgcc.a(_divmod16.o)
                0x0000d41c                __ext_divmod16
                0x0000d41c                __divhi3
                0x0000d44e                __modhi3
 .text          0x0000d456        0x0 /usr/local/msp430/bin/../lib/gcc/msp430/4.7.0/mcpu-430x/mmpy-16/libgcc.a(_udivmod32.o)
 .text.libgcc   0x0000d456       0x38 /usr/local/msp430/bin/../lib/gcc/msp430/4.7.0/mcpu-430x/mmpy-16/libgcc.a(_udivmod32.o)
                0x0000d456                __udivsi3
                0x0000d456                __ext_udivmod32
                0x0000d484                __umodsi3
 .text          0x0000d48e        0x0 /usr/local/msp430/bin/../lib/gcc/msp430/4.7.0/../../../../msp430/lib/mcpu-430x/mmpy-16/libc.a(printf.o)
 .text.printf   0x0000d48e       0x10 /usr/local/msp430/bin/../lib/gcc/msp430/4.7.0/../../../../msp430/lib/mcpu-430x/mmpy-16/libc.a(printf.o)
                0x0000d48e                printf
 .text.vprintf  0x0000d49e        0xe /usr/local/msp430/bin/../lib/gcc/msp430/4.7.0/../../../../msp430/lib/mcpu-430x/mmpy-16/libc.a(printf.o)
                0x0000d49e                vprintf
 .text          0x0000d4ac        0x0 /usr/local/msp430/bin/../lib/gcc/msp430/4.7.0/../../../../msp430/lib/mcpu-430x/mmpy-16/libc.a(vuprintf.o)
 .text.print_field
                0x0000d4ac      0x176 /usr/local/msp430/bin/../lib/gcc/msp430/4.7.0/../../../../msp430/lib/mcpu-430x/mmpy-16/libc.a(vuprintf.o)
 .text.vuprintf
                0x0000d622      0x740 /usr/local/msp430/bin/../lib/gcc/msp430/4.7.0/../../../../msp430/lib/mcpu-430x/mmpy-16/libc.a(vuprintf.o)
                0x0000d622                vuprintf
 .text          0x0000dd62        0x0 /usr/local/msp430/bin/../lib/gcc/msp430/4.7.0/../../../../msp430/lib/mcpu-430x/mmpy-16/libc.a(puts.o)
 .text.puts     0x0000dd62       0x2c /usr/local/msp430/bin/../lib/gcc/msp430/4.7.0/../../../../msp430/lib/mcpu-430x/mmpy-16/libc.a(puts.o)
                0x0000dd62                puts
 .text          0x0000dd8e        0x0 /usr/local/msp430/bin/../lib/gcc/msp430/4.7.0/../../../../msp430/lib/mcpu-430x/mmpy-16/libc.a(rand.o)
 .text.rand_r   0x0000dd8e       0x24 /usr/local/msp430/bin/../lib/gcc/msp430/4.7.0/../../../../msp430/lib/mcpu-430x/mmpy-16/libc.a(rand.o)
                0x0000dd8e                rand_r
 .text.rand     0x0000ddb2       0x26 /usr/local/msp430/bin/../lib/gcc/msp430/4.7.0/../../../../msp430/lib/mcpu-430x/mmpy-16/libc.a(rand.o)
                0x0000ddb2                rand
 .text.srand    0x0000ddd8        0xa /usr/local/msp430/bin/../lib/gcc/msp430/4.7.0/../../../../msp430/lib/mcpu-430x/mmpy-16/libc.a(rand.o)
                0x0000ddd8                srand
 .text          0x0000dde2        0x0 /usr/local/msp430/bin/../lib/gcc/msp430/4.7.0/../../../../msp430/lib/mcpu-430x/mmpy-16/libc.a(strncmp.o)
 .text.strncmp  0x0000dde2       0x2a /usr/local/msp430/bin/../lib/gcc/msp430/4.7.0/../../../../msp430/lib/mcpu-430x/mmpy-16/libc.a(strncmp.o)
                0x0000dde2                strncmp
 .text          0x0000de0c        0x0 /usr/local/msp430/bin/../lib/gcc/msp430/4.7.0/../../../../msp430/lib/mcpu-430x/mmpy-16/libc.a(memcmp.o)
 .text.memcmp   0x0000de0c       0x2c /usr/local/msp430/bin/../lib/gcc/msp430/4.7.0/../../../../msp430/lib/mcpu-430x/mmpy-16/libc.a(memcmp.o)
                0x0000de0c                memcmp
 .text          0x0000de38        0x0 /usr/local/msp430/bin/../lib/gcc/msp430/4.7.0/../../../../msp430/lib/mcpu-430x/mmpy-16/libc.a(memcpy.o)
 .text.memcpy   0x0000de38       0xe8 /usr/local/msp430/bin/../lib/gcc/msp430/4.7.0/../../../../msp430/lib/mcpu-430x/mmpy-16/libc.a(memcpy.o)
                0x0000de38                memcpy
 .text          0x0000df20        0x0 /usr/local/msp430/bin/../lib/gcc/msp430/4.7.0/../../../../msp430/lib/mcpu-430x/mmpy-16/libc.a(memmove.o)
 .text.memmove  0x0000df20       0xe8 /usr/local/msp430/bin/../lib/gcc/msp430/4.7.0/../../../../msp430/lib/mcpu-430x/mmpy-16/libc.a(memmove.o)
                0x0000df20                memmove
 .text          0x0000e008        0x0 /usr/local/msp430/bin/../lib/gcc/msp430/4.7.0/../../../../msp430/lib/mcpu-430x/mmpy-16/libc.a(memset.o)
 .text.memset   0x0000e008       0x5c /usr/local/msp430/bin/../lib/gcc/msp430/4.7.0/../../../../msp430/lib/mcpu-430x/mmpy-16/libc.a(memset.o)
                0x0000e008                memset
 .text          0x0000e064        0x0 /usr/local/msp430/bin/../lib/gcc/msp430/4.7.0/mcpu-430x/mmpy-16/libgcc.a(_udivmod64.o)
 .text.libgcc   0x0000e064       0xbc /usr/local/msp430/bin/../lib/gcc/msp430/4.7.0/mcpu-430x/mmpy-16/libgcc.a(_udivmod64.o)
                0x0000e064                __xabi_udivmod64
                0x0000e0b6                __udivdi3
                0x0000e0d0                __umoddi3
                0x0000e0f2                __udivmoddi4
 .text          0x0000e120        0x0 /usr/local/msp430/bin/../lib/gcc/msp430/4.7.0/mcpu-430x/mmpy-16/libcrt0.a(_reset_vector__.o)
 .text          0x0000e120        0x0 /usr/local/msp430/bin/../lib/gcc/msp430/4.7.0/mcpu-430x/mmpy-16/libcrt0.a(__watchdog_support.o)
 .text          0x0000e120        0x0 /usr/local/msp430/bin/../lib/gcc/msp430/4.7.0/mcpu-430x/mmpy-16/libcrt0.a(__init_stack.o)
 .text          0x0000e120        0x0 /usr/local/msp430/bin/../lib/gcc/msp430/4.7.0/mcpu-430x/mmpy-16/libcrt0.a(__low_level_init.o)
 .text          0x0000e120        0x0 /usr/local/msp430/bin/../lib/gcc/msp430/4.7.0/mcpu-430x/mmpy-16/libcrt0.a(_copy_data.o)
 .text          0x0000e120        0x0 /usr/local/msp430/bin/../lib/gcc/msp430/4.7.0/mcpu-430x/mmpy-16/libcrt0.a(_clear_bss.o)
 .text          0x0000e120        0x0 /usr/local/msp430/bin/../lib/gcc/msp430/4.7.0/mcpu-430x/mmpy-16/libcrt0.a(__stop_progExec__.o)
 .text          0x0000e120        0x0 /usr/local/msp430/bin/../lib/gcc/msp430/4.7.0/mcpu-430x/mmpy-16/libcrt0.a(_endless_loop__.o)
 .text          0x0000e120        0x0 /usr/local/msp430/bin/../lib/gcc/msp430/4.7.0/mcpu-430x/mmpy-16/libcrt0.a(_unexpected_.o)
 .text.crt0     0x0000e120        0x2 /usr/local/msp430/bin/../lib/gcc/msp430/4.7.0/mcpu-430x/mmpy-16/libcrt0.a(_unexpected_.o)
                0x0000e120                _unexpected_
 *(.near.text .near.text.*)
 .near.text     0x0000e122        0x6 contiki-z1.a(watchdog.o)
                0x0000e122                __isr_26
                0x0000e122                watchdog_interrupt
 .near.text     0x0000e128       0x76 contiki-z1.a(button-sensor.o)
                0x0000e128                irq_p2
                0x0000e128                __isr_19
 .near.text     0x0000e19e       0x64 contiki-z1.a(uart0.o)
                0x0000e19e                __isr_23
                0x0000e19e                uart0_rx_interrupt
 .near.text     0x0000e202       0xbe contiki-z1.a(adxl345.o)
                0x0000e202                port1_isr
                0x0000e202                __isr_18
 .near.text     0x0000e2c0       0xea contiki-z1.a(clock.o)
                0x0000e2c0                __isr_24
                0x0000e2c0                timera1
 .near.text     0x0000e3aa       0x5c contiki-z1.a(rtimer-arch.o)
                0x0000e3aa                __isr_25
                0x0000e3aa                timera0
 .near.text     0x0000e406       0x98 contiki-z1.a(i2cmaster.o)
                0x0000e406                __isr_16
                0x0000e406                i2c_tx_interrupt
                0x0000e48a                i2c_rx_interrupt
                0x0000e48a                __isr_17

.rodata         0x0000e4a0      0xb6c
                0x0000e4a0                . = ALIGN (0x2)
 *(.rodata .rodata.* .gnu.linkonce.r.*)
 .rodata        0x0000e4a0       0x5e server-nonroot.co
                0x0000e4e6                autostart_processes
 .rodata        0x0000e4fe       0x63 obj_z1/ping6.o
 .rodata        0x0000e561      0x118 obj_z1/contiki-z1-main.o
 *fill*         0x0000e679        0x1 00
 .rodata        0x0000e67a        0x8 contiki-z1.a(rimeaddr.o)
                0x0000e67a                rimeaddr_null
 .rodata        0x0000e682       0x14 contiki-z1.a(csma.o)
                0x0000e688                csma_driver
 .rodata        0x0000e696       0x1c contiki-z1.a(contikimac.o)
                0x0000e6a2                contikimac_driver
 .rodata        0x0000e6b2        0xc contiki-z1.a(etimer.o)
 .rodata        0x0000e6be        0xf contiki-z1.a(ctimer.o)
 *fill*         0x0000e6cd        0x1 00
 .rodata        0x0000e6ce       0x24 contiki-z1.a(sicslowpan.o)
                0x0000e6da                sicslowpan_driver
                0x0000e6e0                llprefix
                0x0000e6e2                unc_mxconf
                0x0000e6e6                unc_ctxconf
                0x0000e6ea                unc_llconf
 .rodata        0x0000e6f2        0xd contiki-z1.a(tcpip.o)
 .rodata        0x0000e6ff       0x1a contiki-z1.a(uip-debug.o)
 *fill*         0x0000e719        0x3 00
 .rodata        0x0000e71c       0x20 contiki-z1.a(uip6.o)
 .rodata        0x0000e73c       0x2c contiki-z1.a(xmem.o)
 .rodata        0x0000e768       0x22 contiki-z1.a(cc2420.o)
                0x0000e768                cc2420_driver
 .rodata        0x0000e78a        0x8 contiki-z1.a(sensors.o)
 .rodata        0x0000e792       0x10 contiki-z1.a(button-sensor.o)
                0x0000e79a                button_sensor
 .rodata        0x0000e7a2       0x16 contiki-z1.a(adxl345.o)
 .rodata        0x0000e7b8        0x4 contiki-z1.a(framer-802154.o)
                0x0000e7b8                framer_802154
 .rodata        0x0000e7bc      0x847 contiki-z1.a(rpl-icmp6.o)
 .rodata        0x0000f003        0x2 contiki-z1.a(frame802154.o)
 .rodata.vuprintf
                0x0000f005        0x7 /usr/local/msp430/bin/../lib/gcc/msp430/4.7.0/../../../../msp430/lib/mcpu-430x/mmpy-16/libc.a(vuprintf.o)
 *(.near.rodata .near.rodata.*)
                0x0000f00c                . = ALIGN (0x2)
                0x0000f00c                _etext = .

.data           0x00001100       0xf2 load address 0x0000f00c
                0x00001100                . = ALIGN (0x2)
                0x00001100                __data_start = .
 *(.data .data.* .gnu.linkonce.d.*)
 .data          0x00001100        0x0 /usr/local/msp430/bin/../lib/gcc/msp430/4.7.0/mcpu-430x/mmpy-16/crt0ivtbl32.o
 .data          0x00001100        0xa server-nonroot.co
                0x00001100                udp_server_process
 .data          0x0000110a        0xa obj_z1/ping6.o
                0x0000110a                ping6_process
 .data          0x00001114        0x4 obj_z1/contiki-z1-main.o
                0x00001114                sensors
 .data          0x00001118        0x0 contiki-z1.a(rimeaddr.o)
 .data          0x00001118       0x18 contiki-z1.a(csma.o)
 .data          0x00001130        0x0 contiki-z1.a(contikimac.o)
 .data          0x00001130       0x10 contiki-z1.a(phase.o)
 .data          0x00001140        0x0 contiki-z1.a(process.o)
 .data          0x00001140        0x0 contiki-z1.a(autostart.o)
 .data          0x00001140        0x0 contiki-z1.a(memb.o)
 .data          0x00001140        0x0 contiki-z1.a(timer.o)
 .data          0x00001140        0x0 contiki-z1.a(list.o)
 .data          0x00001140        0xa contiki-z1.a(etimer.o)
                0x00001140                etimer_process
 .data          0x0000114a        0xa contiki-z1.a(ctimer.o)
                0x0000114a                ctimer_process
 .data          0x00001154        0x0 contiki-z1.a(energest.o)
 .data          0x00001154        0x0 contiki-z1.a(rtimer.o)
 .data          0x00001154        0x0 contiki-z1.a(random.o)
 .data          0x00001154        0x8 contiki-z1.a(nbr-table.o)
 .data          0x0000115c        0x0 contiki-z1.a(packetbuf.o)
 .data          0x0000115c       0x18 contiki-z1.a(queuebuf.o)
 .data          0x00001174        0x0 contiki-z1.a(sicslowpan.o)
 .data          0x00001174        0xa contiki-z1.a(tcpip.o)
                0x00001174                tcpip_process
 .data          0x0000117e        0x0 contiki-z1.a(uip-debug.o)
 .data          0x0000117e       0x18 contiki-z1.a(uip-ds6-route.o)
 .data          0x00001196        0xa contiki-z1.a(uip-ds6-nbr.o)
                0x00001196                ds6_neighbors
 .data          0x000011a0        0x0 contiki-z1.a(uip-ds6.o)
 .data          0x000011a0        0x0 contiki-z1.a(uip-nd6.o)
 .data          0x000011a0        0x0 contiki-z1.a(uip-udp-packet.)
 .data          0x000011a0        0x0 contiki-z1.a(uip6.o)
 .data          0x000011a0        0x0 contiki-z1.a(contiki-z1-plat)
 .data          0x000011a0        0x2 contiki-z1.a(msp430.o)
 .data          0x000011a2        0x0 contiki-z1.a(leds.o)
 .data          0x000011a2        0x0 contiki-z1.a(watchdog.o)
 .data          0x000011a2        0x0 contiki-z1.a(xmem.o)
 .data          0x000011a2        0x0 contiki-z1.a(spi.o)
 .data          0x000011a2        0xa contiki-z1.a(cc2420.o)
                0x000011a2                cc2420_process
 .data          0x000011ac        0x0 contiki-z1.a(cc2420-arch.o)
 .data          0x000011ac        0x0 contiki-z1.a(node-id.o)
 .data          0x000011ac        0xa contiki-z1.a(sensors.o)
                0x000011ac                sensors_process
 .data          0x000011b6        0x0 contiki-z1.a(button-sensor.o)
 .data          0x000011b6        0x0 contiki-z1.a(uart0.o)
 .data          0x000011b6        0x0 contiki-z1.a(uart0-putchar.o)
 .data          0x000011b6       0x20 contiki-z1.a(adxl345.o)
                0x000011b6                accmeter_process
 .data          0x000011d6        0x0 contiki-z1.a(clock.o)
 .data          0x000011d6        0x0 contiki-z1.a(leds-arch.o)
 .data          0x000011d6        0x0 contiki-z1.a(rtimer-arch.o)
 .data          0x000011d6        0x0 contiki-z1.a(rimestats.o)
 .data          0x000011d6        0x0 contiki-z1.a(mac.o)
 .data          0x000011d6        0x0 contiki-z1.a(framer-802154.o)
 .data          0x000011d6        0x0 contiki-z1.a(rpl.o)
 .data          0x000011d6        0x8 contiki-z1.a(rpl-dag.o)
 .data          0x000011de        0x1 contiki-z1.a(rpl-icmp6.o)
 .data          0x000011df        0x0 contiki-z1.a(rpl-timers.o)
 *fill*         0x000011df        0x1 00
 .data          0x000011e0        0xe contiki-z1.a(rpl-mrhof.o)
                0x000011e0                rpl_mrhof
 .data          0x000011ee        0x0 contiki-z1.a(rpl-ext-header.)
 .data          0x000011ee        0x0 contiki-z1.a(stimer.o)
 .data          0x000011ee        0x0 contiki-z1.a(uip-icmp6.o)
 .data          0x000011ee        0x0 contiki-z1.a(i2cmaster.o)
 .data          0x000011ee        0x0 contiki-z1.a(frame802154.o)
 .data          0x000011ee        0x0 /usr/local/msp430/bin/../lib/gcc/msp430/4.7.0/mcpu-430x/mmpy-16/libgcc.a(_mulsi3.o)
 .data          0x000011ee        0x0 /usr/local/msp430/bin/../lib/gcc/msp430/4.7.0/mcpu-430x/mmpy-16/libgcc.a(_udivmod16.o)
 .data          0x000011ee        0x0 /usr/local/msp430/bin/../lib/gcc/msp430/4.7.0/mcpu-430x/mmpy-16/libgcc.a(_divmod16.o)
 .data          0x000011ee        0x0 /usr/local/msp430/bin/../lib/gcc/msp430/4.7.0/mcpu-430x/mmpy-16/libgcc.a(_udivmod32.o)
 .data          0x000011ee        0x0 /usr/local/msp430/bin/../lib/gcc/msp430/4.7.0/../../../../msp430/lib/mcpu-430x/mmpy-16/libc.a(printf.o)
 .data          0x000011ee        0x0 /usr/local/msp430/bin/../lib/gcc/msp430/4.7.0/../../../../msp430/lib/mcpu-430x/mmpy-16/libc.a(vuprintf.o)
 .data          0x000011ee        0x0 /usr/local/msp430/bin/../lib/gcc/msp430/4.7.0/../../../../msp430/lib/mcpu-430x/mmpy-16/libc.a(puts.o)
 .data          0x000011ee        0x0 /usr/local/msp430/bin/../lib/gcc/msp430/4.7.0/../../../../msp430/lib/mcpu-430x/mmpy-16/libc.a(rand.o)
 .data.next     0x000011ee        0x4 /usr/local/msp430/bin/../lib/gcc/msp430/4.7.0/../../../../msp430/lib/mcpu-430x/mmpy-16/libc.a(rand.o)
 .data          0x000011f2        0x0 /usr/local/msp430/bin/../lib/gcc/msp430/4.7.0/../../../../msp430/lib/mcpu-430x/mmpy-16/libc.a(strncmp.o)
 .data          0x000011f2        0x0 /usr/local/msp430/bin/../lib/gcc/msp430/4.7.0/../../../../msp430/lib/mcpu-430x/mmpy-16/libc.a(memcmp.o)
 .data          0x000011f2        0x0 /usr/local/msp430/bin/../lib/gcc/msp430/4.7.0/../../../../msp430/lib/mcpu-430x/mmpy-16/libc.a(memcpy.o)
 .data          0x000011f2        0x0 /usr/local/msp430/bin/../lib/gcc/msp430/4.7.0/../../../../msp430/lib/mcpu-430x/mmpy-16/libc.a(memmove.o)
 .data          0x000011f2        0x0 /usr/local/msp430/bin/../lib/gcc/msp430/4.7.0/../../../../msp430/lib/mcpu-430x/mmpy-16/libc.a(memset.o)
 .data          0x000011f2        0x0 /usr/local/msp430/bin/../lib/gcc/msp430/4.7.0/mcpu-430x/mmpy-16/libgcc.a(_udivmod64.o)
 .data          0x000011f2        0x0 /usr/local/msp430/bin/../lib/gcc/msp430/4.7.0/mcpu-430x/mmpy-16/libcrt0.a(_reset_vector__.o)
 .data          0x000011f2        0x0 /usr/local/msp430/bin/../lib/gcc/msp430/4.7.0/mcpu-430x/mmpy-16/libcrt0.a(__watchdog_support.o)
 .data          0x000011f2        0x0 /usr/local/msp430/bin/../lib/gcc/msp430/4.7.0/mcpu-430x/mmpy-16/libcrt0.a(__init_stack.o)
 .data          0x000011f2        0x0 /usr/local/msp430/bin/../lib/gcc/msp430/4.7.0/mcpu-430x/mmpy-16/libcrt0.a(__low_level_init.o)
 .data          0x000011f2        0x0 /usr/local/msp430/bin/../lib/gcc/msp430/4.7.0/mcpu-430x/mmpy-16/libcrt0.a(_copy_data.o)
 .data          0x000011f2        0x0 /usr/local/msp430/bin/../lib/gcc/msp430/4.7.0/mcpu-430x/mmpy-16/libcrt0.a(_clear_bss.o)
 .data          0x000011f2        0x0 /usr/local/msp430/bin/../lib/gcc/msp430/4.7.0/mcpu-430x/mmpy-16/libcrt0.a(__stop_progExec__.o)
 .data          0x000011f2        0x0 /usr/local/msp430/bin/../lib/gcc/msp430/4.7.0/mcpu-430x/mmpy-16/libcrt0.a(_endless_loop__.o)
 .data          0x000011f2        0x0 /usr/local/msp430/bin/../lib/gcc/msp430/4.7.0/mcpu-430x/mmpy-16/libcrt0.a(_unexpected_.o)
 *(.near.data .near.data.*)
                0x000011f2                . = ALIGN (0x2)
                0x000011f2                _edata = .
                0x0000f00c                __data_load_start = LOADADDR (.data)
                0x000000f2                __data_size = SIZEOF (.data)

.bss            0x000011f2     0x15c0 load address 0x0000f0fe
                0x000011f2                __bss_start = .
 *(.bss .bss.*)
 .bss           0x000011f2        0x0 /usr/local/msp430/bin/../lib/gcc/msp430/4.7.0/mcpu-430x/mmpy-16/crt0ivtbl32.o
 .bss           0x000011f2       0x7c server-nonroot.co
 .bss           0x0000126e       0x1e obj_z1/ping6.o
 .bss           0x0000128c        0x4 obj_z1/contiki-z1-main.o
 .bss           0x00001290        0x0 contiki-z1.a(rimeaddr.o)
 .bss           0x00001290       0x8a contiki-z1.a(csma.o)
 .bss           0x0000131a       0xcc contiki-z1.a(contikimac.o)
 .bss           0x000013e6      0x19c contiki-z1.a(phase.o)
 .bss           0x00001582       0x42 contiki-z1.a(process.o)
                0x00001582                process_current
                0x00001584                process_list
 .bss           0x000015c4        0x0 contiki-z1.a(autostart.o)
 .bss           0x000015c4        0x0 contiki-z1.a(memb.o)
 .bss           0x000015c4        0x0 contiki-z1.a(timer.o)
 .bss           0x000015c4        0x0 contiki-z1.a(list.o)
 .bss           0x000015c4        0x6 contiki-z1.a(etimer.o)
 .bss           0x000015ca        0x4 contiki-z1.a(ctimer.o)
 .bss           0x000015ce        0x0 contiki-z1.a(energest.o)
 .bss           0x000015ce        0x2 contiki-z1.a(rtimer.o)
 .bss           0x000015d0        0x0 contiki-z1.a(random.o)
 .bss           0x000015d0       0xd8 contiki-z1.a(nbr-table.o)
 .bss           0x000016a8       0xba contiki-z1.a(packetbuf.o)
 .bss           0x00001762      0x3c6 contiki-z1.a(queuebuf.o)
 .bss           0x00001b28       0xbe contiki-z1.a(sicslowpan.o)
 .bss           0x00001be6       0x36 contiki-z1.a(tcpip.o)
 .bss           0x00001c1c        0x0 contiki-z1.a(uip-debug.o)
 .bss           0x00001c1c      0x24e contiki-z1.a(uip-ds6-route.o)
 .bss           0x00001e6a      0x21c contiki-z1.a(uip-ds6-nbr.o)
 .bss           0x00002086       0x18 contiki-z1.a(uip-ds6.o)
 .bss           0x0000209e        0xa contiki-z1.a(uip-nd6.o)
 .bss           0x000020a8        0x0 contiki-z1.a(uip-udp-packet.)
 .bss           0x000020a8        0xe contiki-z1.a(uip6.o)
                0x000020a8                uip_ext_opt_offset
                0x000020a9                uip_ext_len
                0x000020aa                uip_ext_bitmap
 .bss           0x000020b6        0x0 contiki-z1.a(contiki-z1-plat)
 .bss           0x000020b6        0x0 contiki-z1.a(msp430.o)
 .bss           0x000020b6        0x2 contiki-z1.a(leds.o)
 .bss           0x000020b8        0x2 contiki-z1.a(watchdog.o)
 .bss           0x000020ba        0x0 contiki-z1.a(xmem.o)
 .bss           0x000020ba        0x1 contiki-z1.a(spi.o)
                0x000020ba                spi_busy
 *fill*         0x000020bb        0x1 00
 .bss           0x000020bc        0xa contiki-z1.a(cc2420.o)
 .bss           0x000020c6        0x0 contiki-z1.a(cc2420-arch.o)
 .bss           0x000020c6        0x2 contiki-z1.a(node-id.o)
                0x000020c6                node_id
 .bss           0x000020c8        0x6 contiki-z1.a(sensors.o)
 .bss           0x000020ce        0x8 contiki-z1.a(button-sensor.o)
 .bss           0x000020d6        0x4 contiki-z1.a(uart0.o)
 .bss           0x000020da        0x0 contiki-z1.a(uart0-putchar.o)
 .bss           0x000020da       0x16 contiki-z1.a(adxl345.o)
 .bss           0x000020f0        0xa contiki-z1.a(clock.o)
 .bss           0x000020fa        0x0 contiki-z1.a(leds-arch.o)
 .bss           0x000020fa        0x0 contiki-z1.a(rtimer-arch.o)
 .bss           0x000020fa        0x0 contiki-z1.a(rimestats.o)
 .bss           0x000020fa        0x0 contiki-z1.a(mac.o)
 .bss           0x000020fa        0x2 contiki-z1.a(framer-802154.o)
 .bss           0x000020fc        0x0 contiki-z1.a(rpl.o)
 .bss           0x000020fc       0x96 contiki-z1.a(rpl-dag.o)
 .bss           0x00002192        0x0 contiki-z1.a(rpl-icmp6.o)
 .bss           0x00002192       0x18 contiki-z1.a(rpl-timers.o)
 .bss           0x000021aa        0x0 contiki-z1.a(rpl-mrhof.o)
 .bss           0x000021aa        0x0 contiki-z1.a(rpl-ext-header.)
 .bss           0x000021aa        0x0 contiki-z1.a(stimer.o)
 .bss           0x000021aa       0x10 contiki-z1.a(uip-icmp6.o)
 .bss           0x000021ba        0x2 contiki-z1.a(i2cmaster.o)
 .bss           0x000021bc        0x0 contiki-z1.a(frame802154.o)
 .bss           0x000021bc        0x0 /usr/local/msp430/bin/../lib/gcc/msp430/4.7.0/mcpu-430x/mmpy-16/libgcc.a(_mulsi3.o)
 .bss           0x000021bc        0x0 /usr/local/msp430/bin/../lib/gcc/msp430/4.7.0/mcpu-430x/mmpy-16/libgcc.a(_udivmod16.o)
 .bss           0x000021bc        0x0 /usr/local/msp430/bin/../lib/gcc/msp430/4.7.0/mcpu-430x/mmpy-16/libgcc.a(_divmod16.o)
 .bss           0x000021bc        0x0 /usr/local/msp430/bin/../lib/gcc/msp430/4.7.0/mcpu-430x/mmpy-16/libgcc.a(_udivmod32.o)
 .bss           0x000021bc        0x0 /usr/local/msp430/bin/../lib/gcc/msp430/4.7.0/../../../../msp430/lib/mcpu-430x/mmpy-16/libc.a(printf.o)
 .bss           0x000021bc        0x0 /usr/local/msp430/bin/../lib/gcc/msp430/4.7.0/../../../../msp430/lib/mcpu-430x/mmpy-16/libc.a(vuprintf.o)
 .bss           0x000021bc        0x0 /usr/local/msp430/bin/../lib/gcc/msp430/4.7.0/../../../../msp430/lib/mcpu-430x/mmpy-16/libc.a(puts.o)
 .bss           0x000021bc        0x0 /usr/local/msp430/bin/../lib/gcc/msp430/4.7.0/../../../../msp430/lib/mcpu-430x/mmpy-16/libc.a(rand.o)
 .bss           0x000021bc        0x0 /usr/local/msp430/bin/../lib/gcc/msp430/4.7.0/../../../../msp430/lib/mcpu-430x/mmpy-16/libc.a(strncmp.o)
 .bss           0x000021bc        0x0 /usr/local/msp430/bin/../lib/gcc/msp430/4.7.0/../../../../msp430/lib/mcpu-430x/mmpy-16/libc.a(memcmp.o)
 .bss           0x000021bc        0x0 /usr/local/msp430/bin/../lib/gcc/msp430/4.7.0/../../../../msp430/lib/mcpu-430x/mmpy-16/libc.a(memcpy.o)
 .bss           0x000021bc        0x0 /usr/local/msp430/bin/../lib/gcc/msp430/4.7.0/../../../../msp430/lib/mcpu-430x/mmpy-16/libc.a(memmove.o)
 .bss           0x000021bc        0x0 /usr/local/msp430/bin/../lib/gcc/msp430/4.7.0/../../../../msp430/lib/mcpu-430x/mmpy-16/libc.a(memset.o)
 .bss           0x000021bc        0x0 /usr/local/msp430/bin/../lib/gcc/msp430/4.7.0/mcpu-430x/mmpy-16/libgcc.a(_udivmod64.o)
 .bss           0x000021bc        0x0 /usr/local/msp430/bin/../lib/gcc/msp430/4.7.0/mcpu-430x/mmpy-16/libcrt0.a(_reset_vector__.o)
 .bss           0x000021bc        0x0 /usr/local/msp430/bin/../lib/gcc/msp430/4.7.0/mcpu-430x/mmpy-16/libcrt0.a(__watchdog_support.o)
 .bss           0x000021bc        0x0 /usr/local/msp430/bin/../lib/gcc/msp430/4.7.0/mcpu-430x/mmpy-16/libcrt0.a(__init_stack.o)
 .bss           0x000021bc        0x0 /usr/local/msp430/bin/../lib/gcc/msp430/4.7.0/mcpu-430x/mmpy-16/libcrt0.a(__low_level_init.o)
 .bss           0x000021bc        0x0 /usr/local/msp430/bin/../lib/gcc/msp430/4.7.0/mcpu-430x/mmpy-16/libcrt0.a(_copy_data.o)
 .bss           0x000021bc        0x0 /usr/local/msp430/bin/../lib/gcc/msp430/4.7.0/mcpu-430x/mmpy-16/libcrt0.a(_clear_bss.o)
 .bss           0x000021bc        0x0 /usr/local/msp430/bin/../lib/gcc/msp430/4.7.0/mcpu-430x/mmpy-16/libcrt0.a(__stop_progExec__.o)
 .bss           0x000021bc        0x0 /usr/local/msp430/bin/../lib/gcc/msp430/4.7.0/mcpu-430x/mmpy-16/libcrt0.a(_endless_loop__.o)
 .bss           0x000021bc        0x0 /usr/local/msp430/bin/../lib/gcc/msp430/4.7.0/mcpu-430x/mmpy-16/libcrt0.a(_unexpected_.o)
 *(.near.bss .near.bss.*)
 *(COMMON)
 COMMON         0x000021bc        0x2 obj_z1/contiki-z1-main.o
                0x000021bc                sensors_flags
 COMMON         0x000021be        0x8 contiki-z1.a(rimeaddr.o)
                0x000021be                rimeaddr_node_addr
 COMMON         0x000021c6        0x1 contiki-z1.a(process.o)
                0x000021c6                process_maxevents
 *fill*         0x000021c7        0x1 00
 COMMON         0x000021c8       0x56 contiki-z1.a(energest.o)
                0x000021c8                energest_total_time
                0x000021f8                energest_total_count
                0x000021fa                energest_current_mode
                0x00002206                energest_current_time
 COMMON         0x0000221e       0x50 contiki-z1.a(packetbuf.o)
                0x0000221e                packetbuf_addrs
                0x0000223e                packetbuf_attrs
 COMMON         0x0000226e        0x8 contiki-z1.a(sicslowpan.o)
                0x0000226e                frag_sender
 COMMON         0x00002276        0x2 contiki-z1.a(tcpip.o)
                0x00002276                tcpip_event
                0x00002277                tcpip_icmp6_event
 COMMON         0x00002278      0x15c contiki-z1.a(uip-ds6.o)
                0x00002278                uip_ds6_timer_ra
                0x00002280                uip_ds6_if
                0x0000236c                uip_ds6_netif_addr_list_offset
                0x0000236d                uip_ds6_addr_size
                0x0000236e                uip_ds6_prefix_list
                0x000023c8                uip_ds6_timer_periodic
 COMMON         0x000023d4      0x2a4 contiki-z1.a(uip6.o)
                0x000023d4                uip_len
                0x000023d6                uip_sappdata
                0x000023d8                uip_acc32
                0x000023dc                uip_lladdr
                0x000023e4                uip_aligned_buf
                0x00002470                uip_flags
                0x00002472                uip_next_hdr
                0x00002474                uip_udp_conn
                0x00002476                uip_appdata
                0x00002478                uip_conn
                0x0000247a                uip_conns
                0x0000252a                uip_icmp6_conns
                0x0000252e                uip_listenports
                0x0000253e                uip_slen
                0x00002540                uip_udp_conns
 COMMON         0x00002678       0x14 contiki-z1.a(cc2420.o)
                0x00002678                cc2420_last_rssi
                0x0000267a                cc2420_packets_read
                0x0000267c                cc2420_packets_seen
                0x0000267e                cc2420_sfd_start_time
                0x00002680                cc2420_time_of_departure
                0x00002682                cc2420_time_of_arrival
                0x00002684                cc2420_last_correlation
                0x00002686                cc2420_authority_level_of_sender
                0x00002688                cc2420_sfd_counter
                0x0000268a                cc2420_sfd_end_time
 COMMON         0x0000268c        0x8 contiki-z1.a(node-id.o)
                0x0000268c                node_mac
 COMMON         0x00002694        0x1 contiki-z1.a(sensors.o)
                0x00002694                sensors_event
 *fill*         0x00002695        0x1 00
 COMMON         0x00002696        0x7 contiki-z1.a(adxl345.o)
                0x00002696                accm_int2_cb
                0x00002698                int2_event
                0x0000269a                accm_int1_cb
                0x0000269c                int1_event
 *fill*         0x0000269d        0x1 00
 COMMON         0x0000269e       0x48 contiki-z1.a(rimestats.o)
                0x0000269e                rimestats
 COMMON         0x000026e6       0xbe contiki-z1.a(rpl-dag.o)
                0x000026e6                default_instance
                0x000026e8                instance_table
 COMMON         0x000027a4        0xe contiki-z1.a(i2cmaster.o)
                0x000027a4                transmit_data1
                0x000027a5                rx_byte_ctr
                0x000027a6                tx_buf_ptr
                0x000027a8                tx_byte_ctr
                0x000027aa                i
                0x000027ac                receive_data
                0x000027ad                rx_buf
                0x000027af                transmit_data2
                0x000027b0                rx_buf_ptr
                0x000027b2                . = ALIGN (0x2)
                0x000027b2                __bss_end = .
                0x000015c0                __bss_size = SIZEOF (.bss)

.noinit         0x000027b2        0x2 load address 0x0000f0fe
                0x000027b2                . = ALIGN (0x2)
                0x000027b2                __noinit_start = .
 *(.noinit .noinit.*)
 .noinit.crt0   0x000027b2        0x2 /usr/local/msp430/bin/../lib/gcc/msp430/4.7.0/mcpu-430x/mmpy-16/libcrt0.a(__watchdog_support.o)
                0x000027b2                __wdt_clear_value
                0x000027b4                . = ALIGN (0x2)
                0x000027b4                __noinit_end = .
                0x000027b4                . = ALIGN (0x2)
                0x000027b4                _end = .

.infomem        0x00001000        0x0
                0x00001000                . = ALIGN (0x2)
 *(.infomem .infomem.*)

.infomemnobits  0x00001000        0x0
                0x00001000                . = ALIGN (0x2)
 *(.infomemnobits .infomemnobits.*)

.infoa          0x000010c0        0x0
                0x000010c0                . = ALIGN (0x2)
 *(.infoa .infoa.*)

.infob          0x00001080        0x0
                0x00001080                . = ALIGN (0x2)
 *(.infob .infob.*)

.infoc          0x00001040        0x0
                0x00001040                . = ALIGN (0x2)
 *(.infoc .infoc.*)

.infod          0x00001000        0x0
                0x00001000                . = ALIGN (0x2)
 *(.infod .infod.*)

.vectors        0x0000ffc0       0x40
                0x0000ffc0                __vectors_start = .
 *(.vectors*)
 .vectors       0x0000ffc0       0x40 /usr/local/msp430/bin/../lib/gcc/msp430/4.7.0/mcpu-430x/mmpy-16/crt0ivtbl32.o
                0x0000ffc0                __ivtbl_32
                0x00010000                _vectors_end = .

.fartext        0x00010000        0x0
                0x00010000                . = ALIGN (0x2)
 *(.fartext .fartext.*)

.far.text       0x00010000        0x0
                0x00010000                . = ALIGN (0x2)
 *(.far.text .far.text.*)

.far.rodata     0x00010000        0x0
                0x00010000                . = ALIGN (0x2)
 *(.far.rodata .far.rodata.*)
                0x00010000                . = ALIGN (0x2)
                0x00010000                _efartext = .

.far.data       0x00000000        0x0 load address 0x00010000
                0x00000000                . = ALIGN (0x2)
                0x00000000                __far_data_start = .
 *(.far.data .far.data.*)
                0x00000000                . = ALIGN (0x2)
                0x00000000                _efardata = .
                0x00010000                __far_data_load_start = LOADADDR (.far.data)
                0x00000000                __far_data_size = SIZEOF (.far.data)

.far.bss        0x00000000        0x0 load address 0x00010000
                0x00000000                . = ALIGN (0x2)
                0x00000000                __far_bss_start = .
 *(.far.bss .far.bss.*)
                0x00000000                . = ALIGN (0x2)
                0x00000000                __far_bss_end = .
                0x00000000                __far_bss_size = SIZEOF (.far.bss)
                0x00000000                . = ALIGN (0x2)
                0x00000000                _far_end = .

.profiler
 *(.profiler)

.stab
 *(.stab)

.stabstr
 *(.stabstr)

.stab.excl
 *(.stab.excl)

.stab.exclstr
 *(.stab.exclstr)

.stab.index
 *(.stab.index)

.stab.indexstr
 *(.stab.indexstr)

.comment        0x00000000       0x30
 *(.comment)
 .comment       0x00000000       0x30 server-nonroot.co
                                 0x31 (size before relaxing)
 .comment       0x00000000       0x31 obj_z1/ping6.o
 .comment       0x00000000       0x31 obj_z1/contiki-z1-main.o
 .comment       0x00000000       0x31 contiki-z1.a(rimeaddr.o)
 .comment       0x00000000       0x31 contiki-z1.a(csma.o)
 .comment       0x00000000       0x31 contiki-z1.a(contikimac.o)
 .comment       0x00000000       0x31 contiki-z1.a(phase.o)
 .comment       0x00000000       0x31 contiki-z1.a(process.o)
 .comment       0x00000000       0x31 contiki-z1.a(autostart.o)
 .comment       0x00000000       0x31 contiki-z1.a(memb.o)
 .comment       0x00000000       0x31 contiki-z1.a(timer.o)
 .comment       0x00000000       0x31 contiki-z1.a(list.o)
 .comment       0x00000000       0x31 contiki-z1.a(etimer.o)
 .comment       0x00000000       0x31 contiki-z1.a(ctimer.o)
 .comment       0x00000000       0x31 contiki-z1.a(energest.o)
 .comment       0x00000000       0x31 contiki-z1.a(rtimer.o)
 .comment       0x00000000       0x31 contiki-z1.a(random.o)
 .comment       0x00000000       0x31 contiki-z1.a(nbr-table.o)
 .comment       0x00000000       0x31 contiki-z1.a(packetbuf.o)
 .comment       0x00000000       0x31 contiki-z1.a(queuebuf.o)
 .comment       0x00000000       0x31 contiki-z1.a(sicslowpan.o)
 .comment       0x00000000       0x31 contiki-z1.a(tcpip.o)
 .comment       0x00000000       0x31 contiki-z1.a(uip-debug.o)
 .comment       0x00000000       0x31 contiki-z1.a(uip-ds6-route.o)
 .comment       0x00000000       0x31 contiki-z1.a(uip-ds6-nbr.o)
 .comment       0x00000000       0x31 contiki-z1.a(uip-ds6.o)
 .comment       0x00000000       0x31 contiki-z1.a(uip-nd6.o)
 .comment       0x00000000       0x31 contiki-z1.a(uip-udp-packet.)
 .comment       0x00000000       0x31 contiki-z1.a(uip6.o)
 .comment       0x00000000       0x31 contiki-z1.a(contiki-z1-plat)
 .comment       0x00000000       0x31 contiki-z1.a(msp430.o)
 .comment       0x00000000       0x31 contiki-z1.a(leds.o)
 .comment       0x00000000       0x31 contiki-z1.a(watchdog.o)
 .comment       0x00000000       0x31 contiki-z1.a(xmem.o)
 .comment       0x00000000       0x31 contiki-z1.a(spi.o)
 .comment       0x00000000       0x31 contiki-z1.a(cc2420.o)
 .comment       0x00000000       0x31 contiki-z1.a(cc2420-arch.o)
 .comment       0x00000000       0x31 contiki-z1.a(node-id.o)
 .comment       0x00000000       0x31 contiki-z1.a(sensors.o)
 .comment       0x00000000       0x31 contiki-z1.a(button-sensor.o)
 .comment       0x00000000       0x31 contiki-z1.a(uart0.o)
 .comment       0x00000000       0x31 contiki-z1.a(uart0-putchar.o)
 .comment       0x00000000       0x31 contiki-z1.a(adxl345.o)
 .comment       0x00000000       0x31 contiki-z1.a(clock.o)
 .comment       0x00000000       0x31 contiki-z1.a(leds-arch.o)
 .comment       0x00000000       0x31 contiki-z1.a(rtimer-arch.o)
 .comment       0x00000000       0x31 contiki-z1.a(rimestats.o)
 .comment       0x00000000       0x31 contiki-z1.a(mac.o)
 .comment       0x00000000       0x31 contiki-z1.a(framer-802154.o)
 .comment       0x00000000       0x31 contiki-z1.a(rpl.o)
 .comment       0x00000000       0x31 contiki-z1.a(rpl-dag.o)
 .comment       0x00000000       0x31 contiki-z1.a(rpl-icmp6.o)
 .comment       0x00000000       0x31 contiki-z1.a(rpl-timers.o)
 .comment       0x00000000       0x31 contiki-z1.a(rpl-mrhof.o)
 .comment       0x00000000       0x31 contiki-z1.a(rpl-ext-header.)
 .comment       0x00000000       0x31 contiki-z1.a(stimer.o)
 .comment       0x00000000       0x31 contiki-z1.a(uip-icmp6.o)
 .comment       0x00000000       0x31 contiki-z1.a(i2cmaster.o)
 .comment       0x00000000       0x31 contiki-z1.a(frame802154.o)
 .comment       0x00000000       0x31 /usr/local/msp430/bin/../lib/gcc/msp430/4.7.0/../../../../msp430/lib/mcpu-430x/mmpy-16/libc.a(printf.o)
 .comment       0x00000000       0x31 /usr/local/msp430/bin/../lib/gcc/msp430/4.7.0/../../../../msp430/lib/mcpu-430x/mmpy-16/libc.a(vuprintf.o)
 .comment       0x00000000       0x31 /usr/local/msp430/bin/../lib/gcc/msp430/4.7.0/../../../../msp430/lib/mcpu-430x/mmpy-16/libc.a(puts.o)
 .comment       0x00000000       0x31 /usr/local/msp430/bin/../lib/gcc/msp430/4.7.0/../../../../msp430/lib/mcpu-430x/mmpy-16/libc.a(rand.o)
 .comment       0x00000000       0x31 /usr/local/msp430/bin/../lib/gcc/msp430/4.7.0/../../../../msp430/lib/mcpu-430x/mmpy-16/libc.a(strncmp.o)
 .comment       0x00000000       0x31 /usr/local/msp430/bin/../lib/gcc/msp430/4.7.0/../../../../msp430/lib/mcpu-430x/mmpy-16/libc.a(memcmp.o)
 .comment       0x00000000       0x31 /usr/local/msp430/bin/../lib/gcc/msp430/4.7.0/../../../../msp430/lib/mcpu-430x/mmpy-16/libc.a(memcpy.o)
 .comment       0x00000000       0x31 /usr/local/msp430/bin/../lib/gcc/msp430/4.7.0/../../../../msp430/lib/mcpu-430x/mmpy-16/libc.a(memmove.o)
 .comment       0x00000000       0x31 /usr/local/msp430/bin/../lib/gcc/msp430/4.7.0/../../../../msp430/lib/mcpu-430x/mmpy-16/libc.a(memset.o)

.debug
 *(.debug)

.line
 *(.line)

.debug_srcinfo
 *(.debug_srcinfo)

.debug_sfnames
 *(.debug_sfnames)

.debug_aranges  0x00000000      0x2c0
 *(.debug_aranges)
 .debug_aranges
                0x00000000       0x20 /usr/local/msp430/bin/../lib/gcc/msp430/4.7.0/mcpu-430x/mmpy-16/crt0ivtbl32.o
 .debug_aranges
                0x00000020       0x20 /usr/local/msp430/bin/../lib/gcc/msp430/4.7.0/mcpu-430x/mmpy-16/libgcc.a(_mulsi3.o)
 .debug_aranges
                0x00000040       0x20 /usr/local/msp430/bin/../lib/gcc/msp430/4.7.0/mcpu-430x/mmpy-16/libgcc.a(_udivmod16.o)
 .debug_aranges
                0x00000060       0x20 /usr/local/msp430/bin/../lib/gcc/msp430/4.7.0/mcpu-430x/mmpy-16/libgcc.a(_divmod16.o)
 .debug_aranges
                0x00000080       0x20 /usr/local/msp430/bin/../lib/gcc/msp430/4.7.0/mcpu-430x/mmpy-16/libgcc.a(_udivmod32.o)
 .debug_aranges
                0x000000a0       0x28 /usr/local/msp430/bin/../lib/gcc/msp430/4.7.0/../../../../msp430/lib/mcpu-430x/mmpy-16/libc.a(printf.o)
 .debug_aranges
                0x000000c8       0x28 /usr/local/msp430/bin/../lib/gcc/msp430/4.7.0/../../../../msp430/lib/mcpu-430x/mmpy-16/libc.a(vuprintf.o)
 .debug_aranges
                0x000000f0       0x20 /usr/local/msp430/bin/../lib/gcc/msp430/4.7.0/../../../../msp430/lib/mcpu-430x/mmpy-16/libc.a(puts.o)
 .debug_aranges
                0x00000110       0x30 /usr/local/msp430/bin/../lib/gcc/msp430/4.7.0/../../../../msp430/lib/mcpu-430x/mmpy-16/libc.a(rand.o)
 .debug_aranges
                0x00000140       0x20 /usr/local/msp430/bin/../lib/gcc/msp430/4.7.0/../../../../msp430/lib/mcpu-430x/mmpy-16/libc.a(strncmp.o)
 .debug_aranges
                0x00000160       0x20 /usr/local/msp430/bin/../lib/gcc/msp430/4.7.0/../../../../msp430/lib/mcpu-430x/mmpy-16/libc.a(memcmp.o)
 .debug_aranges
                0x00000180       0x20 /usr/local/msp430/bin/../lib/gcc/msp430/4.7.0/../../../../msp430/lib/mcpu-430x/mmpy-16/libc.a(memcpy.o)
 .debug_aranges
                0x000001a0       0x20 /usr/local/msp430/bin/../lib/gcc/msp430/4.7.0/../../../../msp430/lib/mcpu-430x/mmpy-16/libc.a(memmove.o)
 .debug_aranges
                0x000001c0       0x20 /usr/local/msp430/bin/../lib/gcc/msp430/4.7.0/../../../../msp430/lib/mcpu-430x/mmpy-16/libc.a(memset.o)
 .debug_aranges
                0x000001e0       0x20 /usr/local/msp430/bin/../lib/gcc/msp430/4.7.0/mcpu-430x/mmpy-16/libgcc.a(_udivmod64.o)
 .debug_aranges
                0x00000200       0x20 /usr/local/msp430/bin/../lib/gcc/msp430/4.7.0/mcpu-430x/mmpy-16/libcrt0.a(__watchdog_support.o)
 .debug_aranges
                0x00000220       0x20 /usr/local/msp430/bin/../lib/gcc/msp430/4.7.0/mcpu-430x/mmpy-16/libcrt0.a(__init_stack.o)
 .debug_aranges
                0x00000240       0x20 /usr/local/msp430/bin/../lib/gcc/msp430/4.7.0/mcpu-430x/mmpy-16/libcrt0.a(_copy_data.o)
 .debug_aranges
                0x00000260       0x20 /usr/local/msp430/bin/../lib/gcc/msp430/4.7.0/mcpu-430x/mmpy-16/libcrt0.a(_clear_bss.o)
 .debug_aranges
                0x00000280       0x20 /usr/local/msp430/bin/../lib/gcc/msp430/4.7.0/mcpu-430x/mmpy-16/libcrt0.a(_endless_loop__.o)
 .debug_aranges
                0x000002a0       0x20 /usr/local/msp430/bin/../lib/gcc/msp430/4.7.0/mcpu-430x/mmpy-16/libcrt0.a(_unexpected_.o)

.debug_pubnames
 *(.debug_pubnames)

.debug_info     0x00000000     0x17bc
 *(.debug_info)
 .debug_info    0x00000000       0xac /usr/local/msp430/bin/../lib/gcc/msp430/4.7.0/mcpu-430x/mmpy-16/crt0ivtbl32.o
 .debug_info    0x000000ac       0xa9 /usr/local/msp430/bin/../lib/gcc/msp430/4.7.0/mcpu-430x/mmpy-16/libgcc.a(_mulsi3.o)
 .debug_info    0x00000155       0xa9 /usr/local/msp430/bin/../lib/gcc/msp430/4.7.0/mcpu-430x/mmpy-16/libgcc.a(_udivmod16.o)
 .debug_info    0x000001fe       0xa9 /usr/local/msp430/bin/../lib/gcc/msp430/4.7.0/mcpu-430x/mmpy-16/libgcc.a(_divmod16.o)
 .debug_info    0x000002a7       0xa9 /usr/local/msp430/bin/../lib/gcc/msp430/4.7.0/mcpu-430x/mmpy-16/libgcc.a(_udivmod32.o)
 .debug_info    0x00000350      0x18d /usr/local/msp430/bin/../lib/gcc/msp430/4.7.0/../../../../msp430/lib/mcpu-430x/mmpy-16/libc.a(printf.o)
 .debug_info    0x000004dd      0x66d /usr/local/msp430/bin/../lib/gcc/msp430/4.7.0/../../../../msp430/lib/mcpu-430x/mmpy-16/libc.a(vuprintf.o)
 .debug_info    0x00000b4a       0xe1 /usr/local/msp430/bin/../lib/gcc/msp430/4.7.0/../../../../msp430/lib/mcpu-430x/mmpy-16/libc.a(puts.o)
 .debug_info    0x00000c2b      0x172 /usr/local/msp430/bin/../lib/gcc/msp430/4.7.0/../../../../msp430/lib/mcpu-430x/mmpy-16/libc.a(rand.o)
 .debug_info    0x00000d9d       0xd8 /usr/local/msp430/bin/../lib/gcc/msp430/4.7.0/../../../../msp430/lib/mcpu-430x/mmpy-16/libc.a(strncmp.o)
 .debug_info    0x00000e75       0xff /usr/local/msp430/bin/../lib/gcc/msp430/4.7.0/../../../../msp430/lib/mcpu-430x/mmpy-16/libc.a(memcmp.o)
 .debug_info    0x00000f74      0x144 /usr/local/msp430/bin/../lib/gcc/msp430/4.7.0/../../../../msp430/lib/mcpu-430x/mmpy-16/libc.a(memcpy.o)
 .debug_info    0x000010b8      0x144 /usr/local/msp430/bin/../lib/gcc/msp430/4.7.0/../../../../msp430/lib/mcpu-430x/mmpy-16/libc.a(memmove.o)
 .debug_info    0x000011fc      0x12d /usr/local/msp430/bin/../lib/gcc/msp430/4.7.0/../../../../msp430/lib/mcpu-430x/mmpy-16/libc.a(memset.o)
 .debug_info    0x00001329       0xa9 /usr/local/msp430/bin/../lib/gcc/msp430/4.7.0/mcpu-430x/mmpy-16/libgcc.a(_udivmod64.o)
 .debug_info    0x000013d2       0xa7 /usr/local/msp430/bin/../lib/gcc/msp430/4.7.0/mcpu-430x/mmpy-16/libcrt0.a(__watchdog_support.o)
 .debug_info    0x00001479       0xa7 /usr/local/msp430/bin/../lib/gcc/msp430/4.7.0/mcpu-430x/mmpy-16/libcrt0.a(__init_stack.o)
 .debug_info    0x00001520       0xa7 /usr/local/msp430/bin/../lib/gcc/msp430/4.7.0/mcpu-430x/mmpy-16/libcrt0.a(_copy_data.o)
 .debug_info    0x000015c7       0xa7 /usr/local/msp430/bin/../lib/gcc/msp430/4.7.0/mcpu-430x/mmpy-16/libcrt0.a(_clear_bss.o)
 .debug_info    0x0000166e       0xa7 /usr/local/msp430/bin/../lib/gcc/msp430/4.7.0/mcpu-430x/mmpy-16/libcrt0.a(_endless_loop__.o)
 .debug_info    0x00001715       0xa7 /usr/local/msp430/bin/../lib/gcc/msp430/4.7.0/mcpu-430x/mmpy-16/libcrt0.a(_unexpected_.o)
 *(.gnu.linkonce.wi.*)

.debug_abbrev   0x00000000      0x8cd
 *(.debug_abbrev)
 .debug_abbrev  0x00000000       0x14 /usr/local/msp430/bin/../lib/gcc/msp430/4.7.0/mcpu-430x/mmpy-16/crt0ivtbl32.o
 .debug_abbrev  0x00000014       0x14 /usr/local/msp430/bin/../lib/gcc/msp430/4.7.0/mcpu-430x/mmpy-16/libgcc.a(_mulsi3.o)
 .debug_abbrev  0x00000028       0x14 /usr/local/msp430/bin/../lib/gcc/msp430/4.7.0/mcpu-430x/mmpy-16/libgcc.a(_udivmod16.o)
 .debug_abbrev  0x0000003c       0x14 /usr/local/msp430/bin/../lib/gcc/msp430/4.7.0/mcpu-430x/mmpy-16/libgcc.a(_divmod16.o)
 .debug_abbrev  0x00000050       0x14 /usr/local/msp430/bin/../lib/gcc/msp430/4.7.0/mcpu-430x/mmpy-16/libgcc.a(_udivmod32.o)
 .debug_abbrev  0x00000064       0xfa /usr/local/msp430/bin/../lib/gcc/msp430/4.7.0/../../../../msp430/lib/mcpu-430x/mmpy-16/libc.a(printf.o)
 .debug_abbrev  0x0000015e      0x23e /usr/local/msp430/bin/../lib/gcc/msp430/4.7.0/../../../../msp430/lib/mcpu-430x/mmpy-16/libc.a(vuprintf.o)
 .debug_abbrev  0x0000039c       0xa3 /usr/local/msp430/bin/../lib/gcc/msp430/4.7.0/../../../../msp430/lib/mcpu-430x/mmpy-16/libc.a(puts.o)
 .debug_abbrev  0x0000043f       0xfb /usr/local/msp430/bin/../lib/gcc/msp430/4.7.0/../../../../msp430/lib/mcpu-430x/mmpy-16/libc.a(rand.o)
 .debug_abbrev  0x0000053a       0x72 /usr/local/msp430/bin/../lib/gcc/msp430/4.7.0/../../../../msp430/lib/mcpu-430x/mmpy-16/libc.a(strncmp.o)
 .debug_abbrev  0x000005ac       0x9e /usr/local/msp430/bin/../lib/gcc/msp430/4.7.0/../../../../msp430/lib/mcpu-430x/mmpy-16/libc.a(memcmp.o)
 .debug_abbrev  0x0000064a       0xab /usr/local/msp430/bin/../lib/gcc/msp430/4.7.0/../../../../msp430/lib/mcpu-430x/mmpy-16/libc.a(memcpy.o)
 .debug_abbrev  0x000006f5       0xab /usr/local/msp430/bin/../lib/gcc/msp430/4.7.0/../../../../msp430/lib/mcpu-430x/mmpy-16/libc.a(memmove.o)
 .debug_abbrev  0x000007a0       0xa1 /usr/local/msp430/bin/../lib/gcc/msp430/4.7.0/../../../../msp430/lib/mcpu-430x/mmpy-16/libc.a(memset.o)
 .debug_abbrev  0x00000841       0x14 /usr/local/msp430/bin/../lib/gcc/msp430/4.7.0/mcpu-430x/mmpy-16/libgcc.a(_udivmod64.o)
 .debug_abbrev  0x00000855       0x14 /usr/local/msp430/bin/../lib/gcc/msp430/4.7.0/mcpu-430x/mmpy-16/libcrt0.a(__watchdog_support.o)
 .debug_abbrev  0x00000869       0x14 /usr/local/msp430/bin/../lib/gcc/msp430/4.7.0/mcpu-430x/mmpy-16/libcrt0.a(__init_stack.o)
 .debug_abbrev  0x0000087d       0x14 /usr/local/msp430/bin/../lib/gcc/msp430/4.7.0/mcpu-430x/mmpy-16/libcrt0.a(_copy_data.o)
 .debug_abbrev  0x00000891       0x14 /usr/local/msp430/bin/../lib/gcc/msp430/4.7.0/mcpu-430x/mmpy-16/libcrt0.a(_clear_bss.o)
 .debug_abbrev  0x000008a5       0x14 /usr/local/msp430/bin/../lib/gcc/msp430/4.7.0/mcpu-430x/mmpy-16/libcrt0.a(_endless_loop__.o)
 .debug_abbrev  0x000008b9       0x14 /usr/local/msp430/bin/../lib/gcc/msp430/4.7.0/mcpu-430x/mmpy-16/libcrt0.a(_unexpected_.o)

.debug_line     0x00000000      0xe9c
 *(.debug_line)
 .debug_line    0x00000000       0x69 /usr/local/msp430/bin/../lib/gcc/msp430/4.7.0/mcpu-430x/mmpy-16/crt0ivtbl32.o
 .debug_line    0x00000069       0x79 /usr/local/msp430/bin/../lib/gcc/msp430/4.7.0/mcpu-430x/mmpy-16/libgcc.a(_mulsi3.o)
 .debug_line    0x000000e2       0x75 /usr/local/msp430/bin/../lib/gcc/msp430/4.7.0/mcpu-430x/mmpy-16/libgcc.a(_udivmod16.o)
 .debug_line    0x00000157       0x80 /usr/local/msp430/bin/../lib/gcc/msp430/4.7.0/mcpu-430x/mmpy-16/libgcc.a(_divmod16.o)
 .debug_line    0x000001d7       0x80 /usr/local/msp430/bin/../lib/gcc/msp430/4.7.0/mcpu-430x/mmpy-16/libgcc.a(_udivmod32.o)
 .debug_line    0x00000257       0xad /usr/local/msp430/bin/../lib/gcc/msp430/4.7.0/../../../../msp430/lib/mcpu-430x/mmpy-16/libc.a(printf.o)
 .debug_line    0x00000304      0x35d /usr/local/msp430/bin/../lib/gcc/msp430/4.7.0/../../../../msp430/lib/mcpu-430x/mmpy-16/libc.a(vuprintf.o)
 .debug_line    0x00000661       0x67 /usr/local/msp430/bin/../lib/gcc/msp430/4.7.0/../../../../msp430/lib/mcpu-430x/mmpy-16/libc.a(puts.o)
 .debug_line    0x000006c8       0x6e /usr/local/msp430/bin/../lib/gcc/msp430/4.7.0/../../../../msp430/lib/mcpu-430x/mmpy-16/libc.a(rand.o)
 .debug_line    0x00000736       0x91 /usr/local/msp430/bin/../lib/gcc/msp430/4.7.0/../../../../msp430/lib/mcpu-430x/mmpy-16/libc.a(strncmp.o)
 .debug_line    0x000007c7       0x91 /usr/local/msp430/bin/../lib/gcc/msp430/4.7.0/../../../../msp430/lib/mcpu-430x/mmpy-16/libc.a(memcmp.o)
 .debug_line    0x00000858      0x11a /usr/local/msp430/bin/../lib/gcc/msp430/4.7.0/../../../../msp430/lib/mcpu-430x/mmpy-16/libc.a(memcpy.o)
 .debug_line    0x00000972      0x119 /usr/local/msp430/bin/../lib/gcc/msp430/4.7.0/../../../../msp430/lib/mcpu-430x/mmpy-16/libc.a(memmove.o)
 .debug_line    0x00000a8b       0xf4 /usr/local/msp430/bin/../lib/gcc/msp430/4.7.0/../../../../msp430/lib/mcpu-430x/mmpy-16/libc.a(memset.o)
 .debug_line    0x00000b7f       0xb0 /usr/local/msp430/bin/../lib/gcc/msp430/4.7.0/mcpu-430x/mmpy-16/libgcc.a(_udivmod64.o)
 .debug_line    0x00000c2f       0x67 /usr/local/msp430/bin/../lib/gcc/msp430/4.7.0/mcpu-430x/mmpy-16/libcrt0.a(__watchdog_support.o)
 .debug_line    0x00000c96       0x65 /usr/local/msp430/bin/../lib/gcc/msp430/4.7.0/mcpu-430x/mmpy-16/libcrt0.a(__init_stack.o)
 .debug_line    0x00000cfb       0x6b /usr/local/msp430/bin/../lib/gcc/msp430/4.7.0/mcpu-430x/mmpy-16/libcrt0.a(_copy_data.o)
 .debug_line    0x00000d66       0x6b /usr/local/msp430/bin/../lib/gcc/msp430/4.7.0/mcpu-430x/mmpy-16/libcrt0.a(_clear_bss.o)