Archive member included because of file (symbol)

contiki-z1.a(rimeaddr.o)      RPLSender.co (rimeaddr_copy)
contiki-z1.a(rime.o)          obj_z1/contiki-z1-main.o (rime_driver)
contiki-z1.a(announcement.o)  contiki-z1.a(rime.o) (announcement_init)
contiki-z1.a(broadcast-annou)
                              contiki-z1.a(rime.o) (broadcast_announcement_init)
contiki-z1.a(broadcast.o)     RPLSender.co (broadcast_open)
contiki-z1.a(runicast.o)      RPLSender.co (runicast_open)
contiki-z1.a(abc.o)           contiki-z1.a(broadcast.o) (abc_open)
contiki-z1.a(chameleon.o)     contiki-z1.a(rime.o) (chameleon_init)
contiki-z1.a(channel.o)       contiki-z1.a(chameleon.o) (channel_init)
contiki-z1.a(chameleon-bitop)
                              contiki-z1.a(chameleon.o) (chameleon_bitopt)
contiki-z1.a(csma.o)          obj_z1/contiki-z1-main.o (csma_driver)
contiki-z1.a(contikimac.o)    obj_z1/contiki-z1-main.o (contikimac_driver)
contiki-z1.a(phase.o)         contiki-z1.a(contikimac.o) (phase_update)
contiki-z1.a(process.o)       obj_z1/contiki-z1-main.o (process_init)
contiki-z1.a(autostart.o)     obj_z1/contiki-z1-main.o (autostart_start)
contiki-z1.a(compower.o)      contiki-z1.a(contikimac.o) (compower_idle_activity)
contiki-z1.a(serial-line.o)   obj_z1/contiki-z1-main.o (serial_line_input_byte)
contiki-z1.a(memb.o)          RPLSender.co (memb_init)
contiki-z1.a(timer.o)         contiki-z1.a(phase.o) (timer_set)
contiki-z1.a(list.o)          RPLSender.co (list_init)
contiki-z1.a(etimer.o)        obj_z1/contiki-z1-main.o (etimer_process)
contiki-z1.a(ctimer.o)        obj_z1/contiki-z1-main.o (ctimer_init)
contiki-z1.a(energest.o)      obj_z1/contiki-z1-main.o (energest_init)
contiki-z1.a(rtimer.o)        obj_z1/contiki-z1-main.o (rtimer_init)
contiki-z1.a(random.o)        RPLSender.co (random_rand)
contiki-z1.a(ringbuf.o)       contiki-z1.a(serial-line.o) (ringbuf_init)
contiki-z1.a(nbr-table.o)     contiki-z1.a(phase.o) (nbr_table_register)
contiki-z1.a(packetbuf.o)     contiki-z1.a(contikimac.o) (packetbuf_hdr_remove)
contiki-z1.a(queuebuf.o)      contiki-z1.a(rime.o) (queuebuf_init)
contiki-z1.a(contiki-z1-plat)
                              obj_z1/contiki-z1-main.o (init_platform)
contiki-z1.a(msp430.o)        obj_z1/contiki-z1-main.o (msp430_cpu_init)
contiki-z1.a(leds.o)          obj_z1/contiki-z1-main.o (leds_init)
contiki-z1.a(watchdog.o)      obj_z1/contiki-z1-main.o (watchdog_start)
contiki-z1.a(xmem.o)          obj_z1/contiki-z1-main.o (xmem_init)
contiki-z1.a(spi.o)           contiki-z1.a(xmem.o) (spi_init)
contiki-z1.a(cc2420.o)        obj_z1/contiki-z1-main.o (cc2420_set_pan_addr)
contiki-z1.a(cc2420-arch.o)   contiki-z1.a(cc2420.o) (cc2420_arch_init)
contiki-z1.a(node-id.o)       obj_z1/contiki-z1-main.o (node_id_restore)
contiki-z1.a(sensors.o)       contiki-z1.a(contiki-z1-plat) (sensors_process)
contiki-z1.a(button-sensor.o)
                              obj_z1/contiki-z1-main.o (button_sensor)
contiki-z1.a(uart0.o)         obj_z1/contiki-z1-main.o (uart0_active)
contiki-z1.a(uart0-putchar.o)
                              obj_z1/contiki-z1-main.o (putchar)
contiki-z1.a(adxl345.o)       obj_z1/contiki-z1-main.o (accm_init)
contiki-z1.a(clock.o)         contiki-z1.a(timer.o) (clock_time)
contiki-z1.a(leds-arch.o)     contiki-z1.a(leds.o) (leds_arch_init)
contiki-z1.a(rtimer-arch.o)   contiki-z1.a(rtimer.o) (rtimer_arch_init)
contiki-z1.a(stunicast.o)     contiki-z1.a(runicast.o) (stunicast_open)
contiki-z1.a(mac.o)           contiki-z1.a(csma.o) (mac_call_sent_callback)
contiki-z1.a(framer-802154.o)
                              contiki-z1.a(contikimac.o) (framer_802154)
contiki-z1.a(i2cmaster.o)     contiki-z1.a(adxl345.o) (i2c_receiveinit)
contiki-z1.a(unicast.o)       contiki-z1.a(stunicast.o) (unicast_open)
contiki-z1.a(frame802154.o)   contiki-z1.a(framer-802154.o) (frame802154_hdrlen)
/usr/local/msp430/bin/../lib/gcc/msp430/4.7.0/mcpu-430x/mmpy-16/libgcc.a(_mulsi3.o)
                              contiki-z1.a(csma.o) (__mulsi3)
/usr/local/msp430/bin/../lib/gcc/msp430/4.7.0/mcpu-430x/mmpy-16/libgcc.a(_udivmod16.o)
                              RPLSender.co (__umodhi3)
/usr/local/msp430/bin/../lib/gcc/msp430/4.7.0/mcpu-430x/mmpy-16/libgcc.a(_divmod16.o)
                              contiki-z1.a(nbr-table.o) (__divhi3)
/usr/local/msp430/bin/../lib/gcc/msp430/4.7.0/mcpu-430x/mmpy-16/libgcc.a(_udivmod32.o)
                              obj_z1/contiki-z1-main.o (__udivsi3)
/usr/local/msp430/bin/../lib/gcc/msp430/4.7.0/mcpu-430x/mmpy-16/libgcc.a(_mul_sf.o)
                              RPLSender.co (__mulsf3)
/usr/local/msp430/bin/../lib/gcc/msp430/4.7.0/mcpu-430x/mmpy-16/libgcc.a(_div_sf.o)
                              RPLSender.co (__divsf3)
/usr/local/msp430/bin/../lib/gcc/msp430/4.7.0/mcpu-430x/mmpy-16/libgcc.a(_si_to_sf.o)
                              RPLSender.co (__floatsisf)
/usr/local/msp430/bin/../lib/gcc/msp430/4.7.0/mcpu-430x/mmpy-16/libgcc.a(_sf_to_si.o)
[...]
Memory Configuration

Name             Origin             Length             Attributes
sfr              0x00000000         0x00000010
peripheral_8bit  0x00000010         0x000000f0
peripheral_16bit 0x00000100         0x00000100
ram_mirror       0x00000200         0x00000800         xw
infomem          0x00001000         0x00000100
infod            0x00001000         0x00000040
infoc            0x00001040         0x00000040
infob            0x00001080         0x00000040
infoa            0x000010c0         0x00000040
ram              0x00001100         0x00002000         xw
rom              0x00003100         0x0000cebe         xr
vectors          0x0000ffc0         0x00000040
far_rom          0x00010000         0x0000a000
bsl              0x00000000         0x00000000
ram2             0x00000000         0x00000000         xw
usbram           0x00000000         0x00000000         xw
*default*        0x00000000         0xffffffff

Linker script and memory map

LOAD /usr/local/msp430/bin/../lib/gcc/msp430/4.7.0/mcpu-430x/mmpy-16/crt0ivtbl32.o
                0x00000041                __P1SEL2 = 0x41
                0x00000045                __P5SEL2 = 0x45
LOAD RPLSender.co
LOAD obj_z1/contiki-z1-main.o
LOAD contiki-z1.a
LOAD /usr/local/msp430/bin/../lib/gcc/msp430/4.7.0/mcpu-430x/mmpy-16/libgcc.a
LOAD /usr/local/msp430/bin/../lib/gcc/msp430/4.7.0/../../../../msp430/lib/mcpu-430x/mmpy-16/libc.a
LOAD /usr/local/msp430/bin/../lib/gcc/msp430/4.7.0/mcpu-430x/mmpy-16/libgcc.a
LOAD /usr/local/msp430/bin/../lib/gcc/msp430/4.7.0/mcpu-430x/mmpy-16/libcrt0.a
                0x00000040                PROVIDE (__info_segment_size, 0x40)
                0x00001000                PROVIDE (__infod, 0x1000)
                0x00001040                PROVIDE (__infoc, 0x1040)
                0x00001080                PROVIDE (__infob, 0x1080)
                0x000010c0                PROVIDE (__infoa, 0x10c0)
                0x00000000                __IE1 = 0x0
                0x00000002                __IFG1 = 0x2
                0x00000001                __IE2 = 0x1
                0x00000003                __IFG2 = 0x3
                0x00000006                __UC1IE = 0x6
                0x00000007                __UC1IFG = 0x7
                0x000001a0                __ADC12CTL0 = 0x1a0
                0x000001a2                __ADC12CTL1 = 0x1a2
                0x000001a4                __ADC12IFG = 0x1a4
                0x000001a6                __ADC12IE = 0x1a6
                0x000001a8                __ADC12IV = 0x1a8
                0x00000140                __ADC12MEM0 = 0x140
                0x00000142                __ADC12MEM1 = 0x142
                0x00000144                __ADC12MEM2 = 0x144
                0x00000146                __ADC12MEM3 = 0x146
                0x00000148                __ADC12MEM4 = 0x148
                0x0000014a                __ADC12MEM5 = 0x14a
                0x0000014c                __ADC12MEM6 = 0x14c
                0x0000014e                __ADC12MEM7 = 0x14e
                0x00000150                __ADC12MEM8 = 0x150
                0x00000152                __ADC12MEM9 = 0x152
                0x00000154                __ADC12MEM10 = 0x154
                0x00000156                __ADC12MEM11 = 0x156
                0x00000158                __ADC12MEM12 = 0x158
                0x0000015a                __ADC12MEM13 = 0x15a
                0x0000015c                __ADC12MEM14 = 0x15c
                0x0000015e                __ADC12MEM15 = 0x15e
                0x00000080                __ADC12MCTL0 = 0x80
                0x00000081                __ADC12MCTL1 = 0x81
                0x00000082                __ADC12MCTL2 = 0x82
                0x00000083                __ADC12MCTL3 = 0x83
                0x00000084                __ADC12MCTL4 = 0x84
                0x00000085                __ADC12MCTL5 = 0x85
                0x00000086                __ADC12MCTL6 = 0x86
                0x00000087                __ADC12MCTL7 = 0x87
                0x00000088                __ADC12MCTL8 = 0x88
                0x00000089                __ADC12MCTL9 = 0x89
                0x0000008a                __ADC12MCTL10 = 0x8a
                0x0000008b                __ADC12MCTL11 = 0x8b
                0x0000008c                __ADC12MCTL12 = 0x8c
                0x0000008d                __ADC12MCTL13 = 0x8d
                0x0000008e                __ADC12MCTL14 = 0x8e
                0x0000008f                __ADC12MCTL15 = 0x8f
                0x00000056                __DCOCTL = 0x56
                0x00000057                __BCSCTL1 = 0x57
                0x00000058                __BCSCTL2 = 0x58
                0x00000053                __BCSCTL3 = 0x53
                0x00000059                __CACTL1 = 0x59
                0x0000005a                __CACTL2 = 0x5a
                0x0000005b                __CAPD = 0x5b
                0x000001c0                __DAC12_0CTL = 0x1c0
                0x000001c2                __DAC12_1CTL = 0x1c2
                0x000001c8                __DAC12_0DAT = 0x1c8
                0x000001ca                __DAC12_1DAT = 0x1ca
                0x00000122                __DMACTL0 = 0x122
                0x00000124                __DMACTL1 = 0x124
                0x00000126                __DMAIV = 0x126
                0x000001d0                __DMA0CTL = 0x1d0
                0x000001dc                __DMA1CTL = 0x1dc
                0x000001e8                __DMA2CTL = 0x1e8
                0x000001d2                __DMA0SA = 0x1d2
                0x000001d2                __DMA0SAL = 0x1d2
                0x000001d6                __DMA0DA = 0x1d6
                0x000001d6                __DMA0DAL = 0x1d6
                0x000001da                __DMA0SZ = 0x1da
                0x000001de                __DMA1SA = 0x1de
                0x000001de                __DMA1SAL = 0x1de
                0x000001e2                __DMA1DA = 0x1e2
                0x000001e2                __DMA1DAL = 0x1e2
                0x000001e6                __DMA1SZ = 0x1e6
                0x000001ea                __DMA2SA = 0x1ea
                0x000001ea                __DMA2SAL = 0x1ea
                0x000001ee                __DMA2DA = 0x1ee
                0x000001ee                __DMA2DAL = 0x1ee
                0x000001f2                __DMA2SZ = 0x1f2
                0x00000128                __FCTL1 = 0x128
                0x0000012a                __FCTL2 = 0x12a
                0x0000012c                __FCTL3 = 0x12c
                0x000001be                __FCTL4 = 0x1be
                0x00000130                __MPY = 0x130
                0x00000132                __MPYS = 0x132
                0x00000134                __MAC = 0x134
                0x00000136                __MACS = 0x136
                0x00000138                __OP2 = 0x138
                0x0000013a                __RESLO = 0x13a
                0x0000013c                __RESHI = 0x13c
                0x0000013e                __SUMEXT = 0x13e
                0x00000020                __P1IN = 0x20
                0x00000021                __P1OUT = 0x21
                0x00000022                __P1DIR = 0x22
                0x00000023                __P1IFG = 0x23
                0x00000024                __P1IES = 0x24
                0x00000025                __P1IE = 0x25
                0x00000026                __P1SEL = 0x26
                0x00000027                __P1REN = 0x27
                0x00000028                __P2IN = 0x28
                0x00000029                __P2OUT = 0x29
                0x0000002a                __P2DIR = 0x2a
                0x0000002b                __P2IFG = 0x2b
                0x0000002c                __P2IES = 0x2c
                0x0000002d                __P2IE = 0x2d
                0x0000002e                __P2SEL = 0x2e
                0x0000002f                __P2REN = 0x2f
                0x00000018                __P3IN = 0x18
                0x00000019                __P3OUT = 0x19
                0x0000001a                __P3DIR = 0x1a
                0x0000001b                __P3SEL = 0x1b
                0x00000010                __P3REN = 0x10
                0x0000001c                __P4IN = 0x1c
                0x0000001d                __P4OUT = 0x1d
                0x0000001e                __P4DIR = 0x1e
                0x0000001f                __P4SEL = 0x1f
                0x00000011                __P4REN = 0x11
                0x00000030                __P5IN = 0x30
                0x00000031                __P5OUT = 0x31
                0x00000032                __P5DIR = 0x32
                0x00000033                __P5SEL = 0x33
                0x00000012                __P5REN = 0x12
                0x00000034                __P6IN = 0x34
                0x00000035                __P6OUT = 0x35
                0x00000036                __P6DIR = 0x36
                0x00000037                __P6SEL = 0x37
                0x00000013                __P6REN = 0x13
                0x00000038                __P7IN = 0x38
                0x0000003a                __P7OUT = 0x3a
                0x0000003c                __P7DIR = 0x3c
                0x0000003e                __P7SEL = 0x3e
                0x00000014                __P7REN = 0x14
                0x00000039                __P8IN = 0x39
                0x0000003b                __P8OUT = 0x3b
                0x0000003d                __P8DIR = 0x3d
                0x0000003f                __P8SEL = 0x3f
                0x00000015                __P8REN = 0x15
                0x00000038                __PAIN = 0x38
                0x0000003a                __PAOUT = 0x3a
                0x0000003c                __PADIR = 0x3c
                0x0000003e                __PASEL = 0x3e
                0x00000014                __PAREN = 0x14
                0x00000055                __SVSCTL = 0x55
                0x0000012e                __TAIV = 0x12e
                0x00000160                __TACTL = 0x160
                0x00000162                __TACCTL0 = 0x162
                0x00000164                __TACCTL1 = 0x164
                0x00000166                __TACCTL2 = 0x166
                0x00000170                __TAR = 0x170
                0x00000172                __TACCR0 = 0x172
                0x00000174                __TACCR1 = 0x174
                0x00000176                __TACCR2 = 0x176
                0x0000011e                __TBIV = 0x11e
                0x00000180                __TBCTL = 0x180
                0x00000182                __TBCCTL0 = 0x182
                0x00000184                __TBCCTL1 = 0x184
                0x00000186                __TBCCTL2 = 0x186
                0x00000188                __TBCCTL3 = 0x188
                0x0000018a                __TBCCTL4 = 0x18a
                0x0000018c                __TBCCTL5 = 0x18c
                0x0000018e                __TBCCTL6 = 0x18e
                0x00000190                __TBR = 0x190
                0x00000192                __TBCCR0 = 0x192
                0x00000194                __TBCCR1 = 0x194
                0x00000196                __TBCCR2 = 0x196
                0x00000198                __TBCCR3 = 0x198
                0x0000019a                __TBCCR4 = 0x19a
                0x0000019c                __TBCCR5 = 0x19c
                0x0000019e                __TBCCR6 = 0x19e
                0x00000060                __UCA0CTL0 = 0x60
                0x00000061                __UCA0CTL1 = 0x61
                0x00000062                __UCA0BR0 = 0x62
                0x00000063                __UCA0BR1 = 0x63
                0x00000064                __UCA0MCTL = 0x64
                0x00000065                __UCA0STAT = 0x65
                0x00000066                __UCA0RXBUF = 0x66
                0x00000067                __UCA0TXBUF = 0x67
                0x0000005d                __UCA0ABCTL = 0x5d
                0x0000005e                __UCA0IRTCTL = 0x5e
                0x0000005f                __UCA0IRRCTL = 0x5f
                0x00000068                __UCB0CTL0 = 0x68
                0x00000069                __UCB0CTL1 = 0x69
                0x0000006a                __UCB0BR0 = 0x6a
                0x0000006b                __UCB0BR1 = 0x6b
                0x0000006c                __UCB0I2CIE = 0x6c
                0x0000006d                __UCB0STAT = 0x6d
                0x0000006e                __UCB0RXBUF = 0x6e
                0x0000006f                __UCB0TXBUF = 0x6f
                0x00000118                __UCB0I2COA = 0x118
                0x0000011a                __UCB0I2CSA = 0x11a
                0x000000d0                __UCA1CTL0 = 0xd0
                0x000000d1                __UCA1CTL1 = 0xd1
                0x000000d2                __UCA1BR0 = 0xd2
                0x000000d3                __UCA1BR1 = 0xd3
                0x000000d4                __UCA1MCTL = 0xd4
                0x000000d5                __UCA1STAT = 0xd5
                0x000000d6                __UCA1RXBUF = 0xd6
                0x000000d7                __UCA1TXBUF = 0xd7
                0x000000cd                __UCA1ABCTL = 0xcd
                0x000000ce                __UCA1IRTCTL = 0xce
                0x000000cf                __UCA1IRRCTL = 0xcf
                0x000000d8                __UCB1CTL0 = 0xd8
                0x000000d9                __UCB1CTL1 = 0xd9
                0x000000da                __UCB1BR0 = 0xda
                0x000000db                __UCB1BR1 = 0xdb
                0x000000dc                __UCB1I2CIE = 0xdc
                0x000000dd                __UCB1STAT = 0xdd
                0x000000de                __UCB1RXBUF = 0xde
                0x000000df                __UCB1TXBUF = 0xdf
                0x0000017c                __UCB1I2COA = 0x17c
                0x0000017e                __UCB1I2CSA = 0x17e
                0x00000120                __WDTCTL = 0x120
                0x000010c0                __TLV_CHECKSUM = 0x10c0
                0x000010f6                __TLV_DCO_30_TAG = 0x10f6
                0x000010f7                __TLV_DCO_30_LEN = 0x10f7
                0x000010da                __TLV_ADC12_1_TAG = 0x10da
                0x000010db                __TLV_ADC12_1_LEN = 0x10db
                0x000010f8                __CALDCO_16MHZ = 0x10f8
                0x000010f9                __CALBC1_16MHZ = 0x10f9
                0x000010fa                __CALDCO_12MHZ = 0x10fa
                0x000010fb                __CALBC1_12MHZ = 0x10fb
                0x000010fc                __CALDCO_8MHZ = 0x10fc
                0x000010fd                __CALBC1_8MHZ = 0x10fd
                0x000010fe                __CALDCO_1MHZ = 0x10fe
                0x000010ff                __CALBC1_1MHZ = 0x10ff

.hash
 *(.hash)

.dynsym
 *(.dynsym)

.dynstr
 *(.dynstr)

.gnu.version
 *(.gnu.version)

.gnu.version_d
 *(.gnu.version_d)

.gnu.version_r
 *(.gnu.version_r)

.rel.init
 *(.rel.init)

.rela.init
 *(.rela.init)

.rel.fini
 *(.rel.fini)

.rela.fini
 *(.rela.fini)

.rel.text
 *(.rel.text .rel.text.* .rel.gnu.linkonce.t.*)

.rela.text
 *(.rela.text .rela.text.* .rela.gnu.linkonce.t.*)

.rel.rodata
 *(.rel.rodata .rel.rodata.* .rel.gnu.linkonce.r.*)

.rela.rodata
 *(.rela.rodata .rela.rodata.* .rela.gnu.linkonce.r.*)

.rel.data
 *(.rel.data .rel.data.* .rel.gnu.linkonce.d.*)

.rela.data
 *(.rela.data .rela.data.* .rela.gnu.linkonce.d.*)

.rel.bss
 *(.rel.bss .rel.bss.* .rel.gnu.linkonce.b.*)

.rela.bss
 *(.rela.bss .rela.bss.* .rela.gnu.linkonce.b.*)

.rel.ctors
 *(.rel.ctors)

.rela.ctors
 *(.rela.ctors)

.rel.dtors
 *(.rel.dtors)

.rela.dtors
 *(.rela.dtors)

.rel.got
 *(.rel.got)

.rela.got
 *(.rela.got)

.rel.plt
 *(.rel.plt)

.rela.plt
 *(.rela.plt)

.text           0x00003100     0x7192
                0x00003100                . = ALIGN (0x2)
 *(.init .init.*)
 *(.init0)
 .init0         0x00003100        0x0 /usr/local/msp430/bin/../lib/gcc/msp430/4.7.0/mcpu-430x/mmpy-16/libcrt0.a(_reset_vector__.o)
                0x00003100                _reset_vector__
 *(.init1)
 .init1         0x00003100        0xc /usr/local/msp430/bin/../lib/gcc/msp430/4.7.0/mcpu-430x/mmpy-16/libcrt0.a(__watchdog_support.o)
                0x00003100                __watchdog_support
 *(.init2)
 .init2         0x0000310c        0x4 /usr/local/msp430/bin/../lib/gcc/msp430/4.7.0/mcpu-430x/mmpy-16/libcrt0.a(__init_stack.o)
                0x0000310c                __init_stack
 *(.init3)
 .init3         0x00003110        0x0 /usr/local/msp430/bin/../lib/gcc/msp430/4.7.0/mcpu-430x/mmpy-16/libcrt0.a(__low_level_init.o)
                0x00003110                __low_level_init
 *(.init4)
 .init4         0x00003110       0x18 /usr/local/msp430/bin/../lib/gcc/msp430/4.7.0/mcpu-430x/mmpy-16/libcrt0.a(_copy_data.o)
                0x00003110                __do_copy_data
 .init4         0x00003128       0x16 /usr/local/msp430/bin/../lib/gcc/msp430/4.7.0/mcpu-430x/mmpy-16/libcrt0.a(_clear_bss.o)
                0x00003128                __do_clear_bss
 *(.init5)
 *(.init6)
 *(.init7)
 *(.init8)
 *(.init9)
 .init9         0x0000313e      0x2fa obj_z1/contiki-z1-main.o
                0x0000313e                main
 *(.fini9)
 .fini9         0x00003438        0x0 /usr/local/msp430/bin/../lib/gcc/msp430/4.7.0/mcpu-430x/mmpy-16/libcrt0.a(__stop_progExec__.o)
                0x00003438                __stop_progExec__
 *(.fini8)
 *(.fini7)
 *(.fini6)
 *(.fini5)
 *(.fini4)
 *(.fini3)
 *(.fini2)
 *(.fini1)
 *(.fini0)
 .fini0         0x00003438        0x6 /usr/local/msp430/bin/../lib/gcc/msp430/4.7.0/mcpu-430x/mmpy-16/libcrt0.a(_endless_loop__.o)
                0x00003438                _endless_loop__
 *(.fini .fini.*)
                0x0000343e                . = ALIGN (0x2)
                0x0000343e                __ctors_start = .
 *(.ctors)
                0x0000343e                __ctors_end = .
                0x0000343e                __dtors_start = .
 *(.dtors)
                0x0000343e                __dtors_end = .
                0x0000343e                . = ALIGN (0x2)
 *(.text .text.* .gnu.linkonce.t.*)
 .text          0x0000343e        0x4 /usr/local/msp430/bin/../lib/gcc/msp430/4.7.0/mcpu-430x/mmpy-16/crt0ivtbl32.o
                0x0000343e                __isr_14
                0x0000343e                __isr_4
                0x0000343e                __isr_29
                0x0000343e                __isr_11
                0x0000343e                __isr_5
                0x0000343e                __isr_2
                0x0000343e                __isr_10
                0x0000343e                __isr_7
                0x0000343e                __isr_0
                0x0000343e                __isr_28
                0x0000343e                __isr_8
                0x0000343e                __isr_20
                0x0000343e                __isr_3
                0x0000343e                __isr_12
                0x0000343e                __isr_13
                0x0000343e                __isr_27
                0x0000343e                __isr_9
                0x0000343e                __isr_30
                0x0000343e                __isr_6
                0x0000343e                __isr_22
                0x0000343e                __isr_1
                0x0000343e                __isr_15
                0x0000343e                __isr_21
 .text.crt0     0x00003442        0x0 /usr/local/msp430/bin/../lib/gcc/msp430/4.7.0/mcpu-430x/mmpy-16/crt0ivtbl32.o
 .text          0x00003442      0xd10 RPLSender.co
                0x00003790                timedout_runicastData
                0x000037ba                sent_runicastData
                0x000037d4                sent_runicast
                0x000039b0                broadcast_recv
                0x00003bbc                recv_runicastData
                0x00003c7e                printDPKT
                0x00003cd0                generateData
                0x00003edc                remove_child
                0x00003f36                timedout_runicast
                0x00003f7e                recv_runicast
 .text          0x00004152        0x6 obj_z1/contiki-z1-main.o
                0x00004152                uip_log
 .text          0x00004158       0x2a contiki-z1.a(rimeaddr.o)
                0x00004158                rimeaddr_copy
                0x00004164                rimeaddr_cmp
                0x00004176                rimeaddr_set_node_addr
 .text          0x00004182       0xd8 contiki-z1.a(rime.o)
                0x0000421e                rime_sniffer_add
                0x0000422a                rime_sniffer_remove
                0x00004236                rime_output
 .text          0x0000425a      0x114 contiki-z1.a(announcement.o)
                0x0000425a                announcement_init
                0x00004264                announcement_register
                0x0000429e                announcement_remove
                0x000042aa                announcement_remove_value
                0x000042cc                announcement_set_value
                0x000042f4                announcement_bump
                0x00004316                announcement_listen
                0x00004322                announcement_register_listen_callback
                0x00004328                announcement_register_observer_callback
                0x0000432e                announcement_list
                0x00004338                announcement_heard
 .text          0x0000436e      0x1bc contiki-z1.a(broadcast-annou)
                0x000044ba                broadcast_announcement_init
                0x000044fe                broadcast_announcement_stop
                0x00004520                broadcast_announcement_beacon_interval
 .text          0x0000452a       0x78 contiki-z1.a(broadcast.o)
                0x00004560                broadcast_open
                0x00004582                broadcast_close
                0x00004588                broadcast_send
 .text          0x000045a2      0x16a contiki-z1.a(runicast.o)
                0x0000468a                runicast_open
                0x000046b8                runicast_close
                0x000046be                runicast_is_transmitting
                0x000046c4                runicast_send
 .text          0x0000470c       0x48 contiki-z1.a(abc.o)
                0x0000470c                abc_open
                0x0000472a                abc_close
                0x00004730                abc_send
                0x00004736                abc_input
                0x00004744                abc_sent
 .text          0x00004754       0x38 contiki-z1.a(chameleon.o)
                0x00004754                chameleon_init
                0x0000475a                chameleon_parse
                0x0000476a                chameleon_create
                0x00004786                chameleon_hdrsize
 .text          0x0000478c       0x66 contiki-z1.a(channel.o)
                0x0000478c                channel_init
                0x00004796                channel_open
                0x000047a6                channel_close
                0x000047b2                channel_lookup
                0x000047d2                channel_set_attributes
 .text          0x000047f2      0x2ec contiki-z1.a(chameleon-bitop)
                0x00004808                get_bits_in_byte
                0x0000483e                get_bits
                0x0000497c                set_bits_in_byte
                0x000049a6                set_bits
 .text          0x00004ade      0x358 contiki-z1.a(csma.o)
 .text          0x00004e36      0x762 contiki-z1.a(contikimac.o)
                0x00005594                contikimac_debug_print
 .text          0x00005598      0x1b8 contiki-z1.a(phase.o)
                0x000055dc                phase_update
                0x00005662                phase_wait
                0x0000573c                phase_init
 .text          0x00005750      0x2a0 contiki-z1.a(process.o)
                0x0000584c                process_alloc_event
                0x0000585a                process_exit
                0x00005864                process_init
                0x00005880                process_run
                0x00005924                process_nevents
                0x00005932                process_post
                0x00005982                process_post_synch
                0x00005994                process_start
                0x000059ca                process_poll
                0x000059e2                process_is_running
 .text          0x000059f0       0x2a contiki-z1.a(autostart.o)
                0x000059f0                autostart_start
                0x00005a06                autostart_exit
 .text          0x00005a1a       0xbe contiki-z1.a(compower.o)
                0x00005a1a                compower_init
                0x00005a2c                compower_accumulate
                0x00005a96                compower_clear
                0x00005aa8                compower_attrconv
                0x00005ab8                compower_accumulate_attrs
 .text          0x00005ad8      0x104 contiki-z1.a(serial-line.o)
                0x00005b76                serial_line_input_byte
                0x00005bc0                serial_line_init
 .text          0x00005bdc       0xd8 contiki-z1.a(memb.o)
                0x00005bdc                memb_init
                0x00005c12                memb_alloc
                0x00005c50                memb_free
                0x00005c8a                memb_inmemb
 .text          0x00005cb4       0x8c contiki-z1.a(timer.o)
                0x00005cb4                timer_set
                0x00005cd0                timer_reset
                0x00005cde                timer_restart
                0x00005cf2                timer_expired
                0x00005d1c                timer_remaining
 .text          0x00005d40       0xec contiki-z1.a(list.o)
                0x00005d40                list_init
                0x00005d46                list_head
                0x00005d4a                list_copy
                0x00005d50                list_tail
                0x00005d62                list_chop
                0x00005d7c                list_pop
                0x00005d8a                list_remove
                0x00005dbe                list_push
                0x00005dd4                list_add
                0x00005dfa                list_length
                0x00005e0a                list_insert
                0x00005e20                list_item_next
 .text          0x00005e2c      0x258 contiki-z1.a(etimer.o)
                0x00005e9c                etimer_request_poll
                0x00005faa                etimer_set
                0x00005fbc                etimer_reset
                0x00005fce                etimer_restart
                0x00005fe0                etimer_adjust
                0x00005ffa                etimer_expired
                0x00006008                etimer_expiration_time
                0x0000601c                etimer_start_time
                0x00006024                etimer_pending
                0x00006030                etimer_next_expiration_time
                0x00006046                etimer_stop
 .text          0x00006084      0x1ce contiki-z1.a(ctimer.o)
                0x00006124                ctimer_init
                0x0000613c                ctimer_set
                0x0000618e                ctimer_reset
                0x000061c4                ctimer_restart
                0x000061fa                ctimer_stop
                0x00006222                ctimer_expired
 .text          0x00006252       0xaa contiki-z1.a(energest.o)
                0x00006252                energest_init
                0x00006276                energest_type_time
                0x000062b2                energest_leveldevice_leveltime
                0x000062b8                energest_type_set
                0x000062c4                energest_flush
 .text          0x000062fc       0x50 contiki-z1.a(rtimer.o)
                0x000062fc                rtimer_init
                0x00006302                rtimer_set
                0x00006326                rtimer_run_next
 .text          0x0000634c        0xc contiki-z1.a(random.o)
                0x0000634c                random_init
                0x00006352                random_rand
 .text          0x00006358       0x94 contiki-z1.a(ringbuf.o)
                0x00006358                ringbuf_init
                0x0000636c                ringbuf_put
                0x000063a4                ringbuf_get
                0x000063d2                ringbuf_size
                0x000063da                ringbuf_elements
 .text          0x000063ec      0x34c contiki-z1.a(nbr-table.o)
                0x000064fe                nbr_table_register
                0x00006524                nbr_table_next
                0x00006568                nbr_table_head
                0x0000659e                nbr_table_add_lladdr
                0x000066ae                nbr_table_get_from_lladdr
                0x000066d6                nbr_table_remove
                0x00006700                nbr_table_lock
                0x00006710                nbr_table_unlock
                0x00006720                nbr_table_get_lladdr
 .text          0x00006738      0x216 contiki-z1.a(packetbuf.o)
                0x00006738                packetbuf_clear_hdr
                0x00006740                packetbuf_copyto_hdr
                0x0000675c                packetbuf_copyto
                0x000067a2                packetbuf_hdr_remove
                0x000067a8                packetbuf_hdrreduce
                0x000067c2                packetbuf_set_datalen
                0x000067c8                packetbuf_dataptr
                0x000067d6                packetbuf_hdrptr
                0x000067e0                packetbuf_is_reference
                0x000067ee                packetbuf_compact
                0x00006836                packetbuf_reference_ptr
                0x0000683c                packetbuf_datalen
                0x00006842                packetbuf_hdrlen
                0x0000684c                packetbuf_totlen
                0x0000685c                packetbuf_hdralloc
                0x00006886                packetbuf_attr_clear
                0x000068b2                packetbuf_clear
                0x000068cc                packetbuf_reference
                0x000068e2                packetbuf_copyfrom
                0x0000690c                packetbuf_attr_copyto
                0x0000692c                packetbuf_attr_copyfrom
 .text          0x0000694e      0x1a6 contiki-z1.a(queuebuf.o)
                0x0000694e                queuebuf_init
                0x00006968                queuebuf_new_from_packetbuf
                0x000069e2                queuebuf_update_attr_from_packetbuf
                0x000069f4                queuebuf_free
                0x00006a34                queuebuf_to_packetbuf
                0x00006a9e                queuebuf_dataptr
                0x00006ad0                queuebuf_datalen
                0x00006ad6                queuebuf_addr
                0x00006ae4                queuebuf_attr
                0x00006af2                queuebuf_debug_print
 .text          0x00006af4        0xc contiki-z1.a(contiki-z1-plat)
                0x00006af4                init_platform
 .text          0x00006b00       0xd2 contiki-z1.a(msp430.o)
                0x00006b00                msp430_init_dco
                0x00006b28                msp430_quick_synch_dco
                0x00006ba4                msp430_cpu_init
                0x00006bca                splhigh_
 .text          0x00006bd2      0x168 contiki-z1.a(leds.o)
                0x00006cca                leds_init
                0x00006cd8                leds_get
                0x00006cde                leds_on
                0x00006cf2                leds_off
                0x00006d06                leds_invert
                0x00006d10                leds_toggle
                0x00006d16                leds_blink
 .text          0x00006d3a       0x54 contiki-z1.a(watchdog.o)
                0x00006d3a                watchdog_start
                0x00006d4e                watchdog_periodic
                0x00006d60                watchdog_stop
                0x00006d76                watchdog_init
                0x00006d88                watchdog_reboot
 .text          0x00006d8e      0x30a contiki-z1.a(xmem.o)
                0x00006dfa                xmem_init
                0x00006e18                xmem_pread
                0x00006eda                xmem_pwrite
                0x00006fee                xmem_erase
 .text          0x00007098       0x32 contiki-z1.a(spi.o)
                0x00007098                spi_init
 .text          0x000070ca      0x9d8 contiki-z1.a(cc2420.o)
                0x000073c6                cc2420_on
                0x000073e8                cc2420_off
                0x000075a8                cc2420_get_channel
                0x000075ae                cc2420_set_channel
                0x00007626                cc2420_set_pan_addr
                0x00007746                cc2420_interrupt
                0x00007764                cc2420_set_txpower
                0x00007772                cc2420_get_txpower
                0x00007938                cc2420_rssi
                0x00007996                cc2420_cca_valid
                0x000079ba                cc2420_set_cca_threshold
                0x000079d0                cc2420_init
 .text          0x00007aa2       0x1a contiki-z1.a(cc2420-arch.o)
                0x00007aa2                cc2420_arch_init
 .text          0x00007abc       0x96 contiki-z1.a(node-id.o)
                0x00007abc                node_id_restore
                0x00007b08                node_id_burn
 .text          0x00007b52      0x156 contiki-z1.a(sensors.o)
                0x00007c14                sensors_first
                0x00007c1a                sensors_next
                0x00007c3e                sensors_changed
                0x00007c68                sensors_find
 .text          0x00007ca8       0x86 contiki-z1.a(button-sensor.o)
 .text          0x00007d2e       0x6a contiki-z1.a(uart0.o)
                0x00007d2e                uart0_active
                0x00007d3c                uart0_set_input
                0x00007d42                uart0_writeb
                0x00007d58                uart0_init
 .text          0x00007d98       0x10 contiki-z1.a(uart0-putchar.o)
                0x00007d98                putchar
 .text          0x00007da8      0x254 contiki-z1.a(adxl345.o)
                0x00007da8                accm_write_reg
                0x00007dd6                accm_write_stream
                0x00007e00                accm_read_reg
                0x00007eaa                accm_read_stream
                0x00007efc                accm_read_axis
                0x00007f22                accm_set_grange
                0x00007f46                accm_init
                0x00007fd0                accm_set_irq
 .text          0x00007ffc       0xda contiki-z1.a(clock.o)
                0x00007ffc                clock_time
                0x00008016                clock_set
                0x0000802c                clock_fine_max
                0x00008032                clock_fine
                0x0000803e                clock_init
                0x00008066                clock_delay
                0x00008072                clock_wait
                0x00008096                clock_set_seconds
                0x000080ae                clock_seconds
                0x000080c8                clock_counter
 .text          0x000080d6       0x74 contiki-z1.a(leds-arch.o)
                0x000080d6                leds_arch_init
                0x000080e4                leds_arch_get
                0x00008112                leds_arch_set
 .text          0x0000814a       0x22 contiki-z1.a(rtimer-arch.o)
                0x0000814a                rtimer_arch_init
                0x00008158                rtimer_arch_now
                0x00008166                rtimer_arch_schedule
 .text          0x0000816c      0x108 contiki-z1.a(stunicast.o)
                0x0000818a                stunicast_open
                0x000081a0                stunicast_receiver
                0x000081a6                stunicast_set_timer
                0x000081e4                stunicast_send_stubborn
                0x0000823c                stunicast_send
                0x00008242                stunicast_cancel
                0x00008262                stunicast_close
 .text          0x00008274       0x14 contiki-z1.a(mac.o)
                0x00008274                mac_call_sent_callback
 .text          0x00008288      0x1b2 contiki-z1.a(framer-802154.o)
 .text          0x0000843a       0xfa contiki-z1.a(i2cmaster.o)
                0x0000843a                i2c_receiveinit
                0x0000846e                i2c_transmitinit
                0x0000849c                i2c_receive_n
                0x000084da                i2c_busy
                0x000084e4                i2c_enable
                0x00008506                i2c_disable
                0x00008520                i2c_transmit_n
 .text          0x00008534       0x78 contiki-z1.a(unicast.o)
                0x0000856e                unicast_open
                0x00008590                unicast_close
                0x00008596                unicast_send
 .text          0x000085ac      0x366 contiki-z1.a(frame802154.o)
                0x00008638                frame802154_hdrlen
                0x00008666                frame802154_create
                0x0000879c                frame802154_parse
 .text          0x00008912        0x0 /usr/local/msp430/bin/../lib/gcc/msp430/4.7.0/mcpu-430x/mmpy-16/libgcc.a(_mulsi3.o)
 .text.libgcc   0x00008912       0x26 /usr/local/msp430/bin/../lib/gcc/msp430/4.7.0/mcpu-430x/mmpy-16/libgcc.a(_mulsi3.o)
                0x00008912                __mulsi3
 .text          0x00008938        0x0 /usr/local/msp430/bin/../lib/gcc/msp430/4.7.0/mcpu-430x/mmpy-16/libgcc.a(_udivmod16.o)
 .text.libgcc   0x00008938       0x22 /usr/local/msp430/bin/../lib/gcc/msp430/4.7.0/mcpu-430x/mmpy-16/libgcc.a(_udivmod16.o)
                0x00008938                __udivhi3
                0x00008938                __ext_udivmod16
                0x00008952                __umodhi3
 .text          0x0000895a        0x0 /usr/local/msp430/bin/../lib/gcc/msp430/4.7.0/mcpu-430x/mmpy-16/libgcc.a(_divmod16.o)
 .text.libgcc   0x0000895a       0x3a /usr/local/msp430/bin/../lib/gcc/msp430/4.7.0/mcpu-430x/mmpy-16/libgcc.a(_divmod16.o)
                0x0000895a                __ext_divmod16
                0x0000895a                __divhi3
                0x0000898c                __modhi3
 .text          0x00008994        0x0 /usr/local/msp430/bin/../lib/gcc/msp430/4.7.0/mcpu-430x/mmpy-16/libgcc.a(_udivmod32.o)
 .text.libgcc   0x00008994       0x38 /usr/local/msp430/bin/../lib/gcc/msp430/4.7.0/mcpu-430x/mmpy-16/libgcc.a(_udivmod32.o)
                0x00008994                __udivsi3
                0x00008994                __ext_udivmod32
                0x000089c2                __umodsi3
 .text          0x000089cc      0x1f2 /usr/local/msp430/bin/../lib/gcc/msp430/4.7.0/mcpu-430x/mmpy-16/libgcc.a(_mul_sf.o)
                0x000089cc                __mulsf3
 .text          0x00008bbe      0x142 /usr/local/msp430/bin/../lib/gcc/msp430/4.7.0/mcpu-430x/mmpy-16/libgcc.a(_div_sf.o)
                0x00008bbe                __divsf3
 .text          0x00008d00       0xa4 /usr/local/msp430/bin/../lib/gcc/msp430/4.7.0/mcpu-430x/mmpy-16/libgcc.a(_si_to_sf.o)
                0x00008d00                __floatsisf
 .text          0x00008da4       0x8c /usr/local/msp430/bin/../lib/gcc/msp430/4.7.0/mcpu-430x/mmpy-16/libgcc.a(_sf_to_si.o)
                0x00008da4                __fixsfsi
 .text          0x00008e30        0x0 /usr/local/msp430/bin/../lib/gcc/msp430/4.7.0/mcpu-430x/mmpy-16/libgcc.a(_thenan_sf.o)
 .text          0x00008e30       0x6a /usr/local/msp430/bin/../lib/gcc/msp430/4.7.0/mcpu-430x/mmpy-16/libgcc.a(_clzsi2.o)
                0x00008e30                __clzsi2
 .text          0x00008e9a      0x1c8 /usr/local/msp430/bin/../lib/gcc/msp430/4.7.0/mcpu-430x/mmpy-16/libgcc.a(_pack_sf.o)
                0x00008e9a                __pack_f
 .text          0x00009062      0x10c /usr/local/msp430/bin/../lib/gcc/msp430/4.7.0/mcpu-430x/mmpy-16/libgcc.a(_unpack_sf.o)
                0x00009062                __unpack_f
 .text          0x0000916e        0x0 /usr/local/msp430/bin/../lib/gcc/msp430/4.7.0/mcpu-430x/mmpy-16/libgcc.a(_clz.o)
 .text          0x0000916e        0x0 /usr/local/msp430/bin/../lib/gcc/msp430/4.7.0/../../../../msp430/lib/mcpu-430x/mmpy-16/libc.a(malloc.o)
 .text.malloc   0x0000916e       0xbe /usr/local/msp430/bin/../lib/gcc/msp430/4.7.0/../../../../msp430/lib/mcpu-430x/mmpy-16/libc.a(malloc.o)
                0x0000916e                malloc
 .text.free     0x0000922c        0x6 /usr/local/msp430/bin/../lib/gcc/msp430/4.7.0/../../../../msp430/lib/mcpu-430x/mmpy-16/libc.a(malloc.o)
                0x0000922c                free
 .text          0x00009232        0x0 /usr/local/msp430/bin/../lib/gcc/msp430/4.7.0/../../../../msp430/lib/mcpu-430x/mmpy-16/libc.a(atoi.o)
 .text.atoi     0x00009232       0x82 /usr/local/msp430/bin/../lib/gcc/msp430/4.7.0/../../../../msp430/lib/mcpu-430x/mmpy-16/libc.a(atoi.o)
                0x00009232                atoi
 .text          0x000092b4        0x0 /usr/local/msp430/bin/../lib/gcc/msp430/4.7.0/../../../../msp430/lib/mcpu-430x/mmpy-16/libc.a(printf.o)
 .text.printf   0x000092b4       0x10 /usr/local/msp430/bin/../lib/gcc/msp430/4.7.0/../../../../msp430/lib/mcpu-430x/mmpy-16/libc.a(printf.o)
                0x000092b4                printf
 .text.vprintf  0x000092c4        0xe /usr/local/msp430/bin/../lib/gcc/msp430/4.7.0/../../../../msp430/lib/mcpu-430x/mmpy-16/libc.a(printf.o)
                0x000092c4                vprintf
 .text          0x000092d2        0x0 /usr/local/msp430/bin/../lib/gcc/msp430/4.7.0/../../../../msp430/lib/mcpu-430x/mmpy-16/libc.a(sprintf.o)
 .text.append   0x000092d2       0x22 /usr/local/msp430/bin/../lib/gcc/msp430/4.7.0/../../../../msp430/lib/mcpu-430x/mmpy-16/libc.a(sprintf.o)
 .text.call_vuprintf
                0x000092f4       0x36 /usr/local/msp430/bin/../lib/gcc/msp430/4.7.0/../../../../msp430/lib/mcpu-430x/mmpy-16/libc.a(sprintf.o)
 .text.sprintf  0x0000932a       0x1c /usr/local/msp430/bin/../lib/gcc/msp430/4.7.0/../../../../msp430/lib/mcpu-430x/mmpy-16/libc.a(sprintf.o)
                0x0000932a                sprintf
 .text.snprintf
                0x00009346       0x1a /usr/local/msp430/bin/../lib/gcc/msp430/4.7.0/../../../../msp430/lib/mcpu-430x/mmpy-16/libc.a(sprintf.o)
                0x00009346                snprintf
 .text.vsprintf
                0x00009360       0x16 /usr/local/msp430/bin/../lib/gcc/msp430/4.7.0/../../../../msp430/lib/mcpu-430x/mmpy-16/libc.a(sprintf.o)
                0x00009360                vsprintf
 .text.vsnprintf
                0x00009376       0x12 /usr/local/msp430/bin/../lib/gcc/msp430/4.7.0/../../../../msp430/lib/mcpu-430x/mmpy-16/libc.a(sprintf.o)
                0x00009376                vsnprintf
 .text          0x00009388        0x0 /usr/local/msp430/bin/../lib/gcc/msp430/4.7.0/../../../../msp430/lib/mcpu-430x/mmpy-16/libc.a(vuprintf.o)
 .text.print_field
                0x00009388      0x176 /usr/local/msp430/bin/../lib/gcc/msp430/4.7.0/../../../../msp430/lib/mcpu-430x/mmpy-16/libc.a(vuprintf.o)
 .text.vuprintf
                0x000094fe      0x740 /usr/local/msp430/bin/../lib/gcc/msp430/4.7.0/../../../../msp430/lib/mcpu-430x/mmpy-16/libc.a(vuprintf.o)
                0x000094fe                vuprintf
 .text          0x00009c3e        0x0 /usr/local/msp430/bin/../lib/gcc/msp430/4.7.0/../../../../msp430/lib/mcpu-430x/mmpy-16/libc.a(puts.o)
 .text.puts     0x00009c3e       0x2c /usr/local/msp430/bin/../lib/gcc/msp430/4.7.0/../../../../msp430/lib/mcpu-430x/mmpy-16/libc.a(puts.o)
                0x00009c3e                puts
 .text          0x00009c6a        0x0 /usr/local/msp430/bin/../lib/gcc/msp430/4.7.0/../../../../msp430/lib/mcpu-430x/mmpy-16/libc.a(rand.o)
 .text.rand_r   0x00009c6a       0x24 /usr/local/msp430/bin/../lib/gcc/msp430/4.7.0/../../../../msp430/lib/mcpu-430x/mmpy-16/libc.a(rand.o)
                0x00009c6a                rand_r
 .text.rand     0x00009c8e       0x26 /usr/local/msp430/bin/../lib/gcc/msp430/4.7.0/../../../../msp430/lib/mcpu-430x/mmpy-16/libc.a(rand.o)
                0x00009c8e                rand
 .text.srand    0x00009cb4        0xa /usr/local/msp430/bin/../lib/gcc/msp430/4.7.0/../../../../msp430/lib/mcpu-430x/mmpy-16/libc.a(rand.o)
                0x00009cb4                srand
 .text          0x00009cbe        0x0 /usr/local/msp430/bin/../lib/gcc/msp430/4.7.0/../../../../msp430/lib/mcpu-430x/mmpy-16/libc.a(strncmp.o)
 .text.strncmp  0x00009cbe       0x2a /usr/local/msp430/bin/../lib/gcc/msp430/4.7.0/../../../../msp430/lib/mcpu-430x/mmpy-16/libc.a(strncmp.o)
                0x00009cbe                strncmp
 .text          0x00009ce8        0x0 /usr/local/msp430/bin/../lib/gcc/msp430/4.7.0/../../../../msp430/lib/mcpu-430x/mmpy-16/libc.a(memcmp.o)
 .text.memcmp   0x00009ce8       0x2c /usr/local/msp430/bin/../lib/gcc/msp430/4.7.0/../../../../msp430/lib/mcpu-430x/mmpy-16/libc.a(memcmp.o)
                0x00009ce8                memcmp
 .text          0x00009d14        0x0 /usr/local/msp430/bin/../lib/gcc/msp430/4.7.0/../../../../msp430/lib/mcpu-430x/mmpy-16/libc.a(memcpy.o)
 .text.memcpy   0x00009d14       0xe8 /usr/local/msp430/bin/../lib/gcc/msp430/4.7.0/../../../../msp430/lib/mcpu-430x/mmpy-16/libc.a(memcpy.o)
                0x00009d14                memcpy
 .text          0x00009dfc        0x0 /usr/local/msp430/bin/../lib/gcc/msp430/4.7.0/../../../../msp430/lib/mcpu-430x/mmpy-16/libc.a(memset.o)
 .text.memset   0x00009dfc       0x5c /usr/local/msp430/bin/../lib/gcc/msp430/4.7.0/../../../../msp430/lib/mcpu-430x/mmpy-16/libc.a(memset.o)
                0x00009dfc                memset
 .text          0x00009e58        0x0 /usr/local/msp430/bin/../lib/gcc/msp430/4.7.0/mcpu-430x/mmpy-16/libgcc.a(_udivmod64.o)
 .text.libgcc   0x00009e58       0xbc /usr/local/msp430/bin/../lib/gcc/msp430/4.7.0/mcpu-430x/mmpy-16/libgcc.a(_udivmod64.o)
                0x00009e58                __xabi_udivmod64
                0x00009eaa                __udivdi3
                0x00009ec4                __umoddi3
                0x00009ee6                __udivmoddi4
 .text          0x00009f14        0x0 /usr/local/msp430/bin/../lib/gcc/msp430/4.7.0/mcpu-430x/mmpy-16/libcrt0.a(_reset_vector__.o)
 .text          0x00009f14        0x0 /usr/local/msp430/bin/../lib/gcc/msp430/4.7.0/mcpu-430x/mmpy-16/libcrt0.a(__watchdog_support.o)
 .text          0x00009f14        0x0 /usr/local/msp430/bin/../lib/gcc/msp430/4.7.0/mcpu-430x/mmpy-16/libcrt0.a(__init_stack.o)
 .text          0x00009f14        0x0 /usr/local/msp430/bin/../lib/gcc/msp430/4.7.0/mcpu-430x/mmpy-16/libcrt0.a(__low_level_init.o)
 .text          0x00009f14        0x0 /usr/local/msp430/bin/../lib/gcc/msp430/4.7.0/mcpu-430x/mmpy-16/libcrt0.a(_copy_data.o)
 .text          0x00009f14        0x0 /usr/local/msp430/bin/../lib/gcc/msp430/4.7.0/mcpu-430x/mmpy-16/libcrt0.a(_clear_bss.o)
 .text          0x00009f14        0x0 /usr/local/msp430/bin/../lib/gcc/msp430/4.7.0/mcpu-430x/mmpy-16/libcrt0.a(__stop_progExec__.o)
 .text          0x00009f14        0x0 /usr/local/msp430/bin/../lib/gcc/msp430/4.7.0/mcpu-430x/mmpy-16/libcrt0.a(_endless_loop__.o)
 .text          0x00009f14        0x0 /usr/local/msp430/bin/../lib/gcc/msp430/4.7.0/mcpu-430x/mmpy-16/libcrt0.a(_unexpected_.o)
 .text.crt0     0x00009f14        0x2 /usr/local/msp430/bin/../lib/gcc/msp430/4.7.0/mcpu-430x/mmpy-16/libcrt0.a(_unexpected_.o)
                0x00009f14                _unexpected_
 *(.near.text .near.text.*)
 .near.text     0x00009f16        0x6 contiki-z1.a(watchdog.o)
                0x00009f16                __isr_26
                0x00009f16                watchdog_interrupt
 .near.text     0x00009f1c       0x76 contiki-z1.a(button-sensor.o)
                0x00009f1c                irq_p2
                0x00009f1c                __isr_19
 .near.text     0x00009f92       0x64 contiki-z1.a(uart0.o)
                0x00009f92                __isr_23
                0x00009f92                uart0_rx_interrupt
 .near.text     0x00009ff6       0xbe contiki-z1.a(adxl345.o)
                0x00009ff6                port1_isr
                0x00009ff6                __isr_18
 .near.text     0x0000a0b4       0xea contiki-z1.a(clock.o)
                0x0000a0b4                __isr_24
                0x0000a0b4                timera1
 .near.text     0x0000a19e       0x5c contiki-z1.a(rtimer-arch.o)
                0x0000a19e                __isr_25
                0x0000a19e                timera0
 .near.text     0x0000a1fa       0x98 contiki-z1.a(i2cmaster.o)
                0x0000a1fa                __isr_16
                0x0000a1fa                i2c_tx_interrupt
                0x0000a27e                i2c_rx_interrupt
                0x0000a27e                __isr_17

.rodata         0x0000a292      0x5ef
                0x0000a292                . = ALIGN (0x2)
 *(.rodata .rodata.* .gnu.linkonce.r.*)
 .rodata        0x0000a292      0x2e8 RPLSender.co
                0x0000a514                autostart_processes
 .rodata        0x0000a57a       0xd4 obj_z1/contiki-z1-main.o
 .rodata        0x0000a64e        0x2 contiki-z1.a(rimeaddr.o)
                0x0000a64e                rimeaddr_null
 .rodata        0x0000a650        0xc contiki-z1.a(rime.o)
                0x0000a656                rime_driver
 .rodata        0x0000a65c        0x4 contiki-z1.a(broadcast-annou)
 .rodata        0x0000a660        0x8 contiki-z1.a(broadcast.o)
 .rodata        0x0000a668        0xe contiki-z1.a(runicast.o)
 .rodata        0x0000a676        0x2 contiki-z1.a(abc.o)
 .rodata        0x0000a678       0x10 contiki-z1.a(chameleon-bitop)
                0x0000a678                chameleon_bitopt
 .rodata        0x0000a688       0x14 contiki-z1.a(csma.o)
                0x0000a68e                csma_driver
 .rodata        0x0000a69c       0x1c contiki-z1.a(contikimac.o)
                0x0000a6a8                contikimac_driver
 .rodata        0x0000a6b8        0xe contiki-z1.a(serial-line.o)
 .rodata        0x0000a6c6        0xc contiki-z1.a(etimer.o)
 .rodata        0x0000a6d2        0xf contiki-z1.a(ctimer.o)
 .rodata        0x0000a6e1       0x2c contiki-z1.a(xmem.o)
 *fill*         0x0000a70d        0x1 00
 .rodata        0x0000a70e       0x22 contiki-z1.a(cc2420.o)
                0x0000a70e                cc2420_driver
 .rodata        0x0000a730        0x8 contiki-z1.a(sensors.o)
 .rodata        0x0000a738       0x10 contiki-z1.a(button-sensor.o)
                0x0000a740                button_sensor
 .rodata        0x0000a748       0x16 contiki-z1.a(adxl345.o)
 .rodata        0x0000a75e        0x4 contiki-z1.a(stunicast.o)
 .rodata        0x0000a762        0x4 contiki-z1.a(framer-802154.o)
                0x0000a762                framer_802154
 .rodata        0x0000a766        0xa contiki-z1.a(unicast.o)
 .rodata        0x0000a770        0x2 contiki-z1.a(frame802154.o)
 .rodata        0x0000a772        0x8 /usr/local/msp430/bin/../lib/gcc/msp430/4.7.0/mcpu-430x/mmpy-16/libgcc.a(_thenan_sf.o)
                0x0000a772                __thenan_sf
 .rodata        0x0000a77a      0x100 /usr/local/msp430/bin/../lib/gcc/msp430/4.7.0/mcpu-430x/mmpy-16/libgcc.a(_clz.o)
                0x0000a77a                __clz_tab
 .rodata.vuprintf
                0x0000a87a        0x7 /usr/local/msp430/bin/../lib/gcc/msp430/4.7.0/../../../../msp430/lib/mcpu-430x/mmpy-16/libc.a(vuprintf.o)
 *(.near.rodata .near.rodata.*)
                0x0000a882                . = ALIGN (0x2)
                0x0000a882                _etext = .

.data           0x00001100       0xde load address 0x0000a882
                0x00001100                . = ALIGN (0x2)
                0x00001100                __data_start = .
 *(.data .data.* .gnu.linkonce.d.*)
 .data          0x00001100        0x0 /usr/local/msp430/bin/../lib/gcc/msp430/4.7.0/mcpu-430x/mmpy-16/crt0ivtbl32.o
 .data          0x00001100       0x3a RPLSender.co
                0x00001100                maxAggregate
                0x00001102                tc
                0x00001104                tmax
                0x00001106                tmin
                0x00001108                k
                0x0000110a                rime_update_process
                0x00001114                rime_sender_process
                0x0000111e                mini_rpl_process
 .data          0x0000113a        0x4 obj_z1/contiki-z1-main.o
                0x0000113a                sensors
 .data          0x0000113e        0x0 contiki-z1.a(rimeaddr.o)
 .data          0x0000113e        0x0 contiki-z1.a(rime.o)
 .data          0x0000113e        0x0 contiki-z1.a(announcement.o)
 .data          0x0000113e        0x0 contiki-z1.a(broadcast-annou)
 .data          0x0000113e        0x0 contiki-z1.a(broadcast.o)
 .data          0x0000113e        0x0 contiki-z1.a(runicast.o)
 .data          0x0000113e        0x0 contiki-z1.a(abc.o)
 .data          0x0000113e        0x0 contiki-z1.a(chameleon.o)
 .data          0x0000113e        0x0 contiki-z1.a(channel.o)
 .data          0x0000113e        0x0 contiki-z1.a(chameleon-bitop)
 .data          0x0000113e       0x18 contiki-z1.a(csma.o)
 .data          0x00001156        0x0 contiki-z1.a(contikimac.o)
 .data          0x00001156       0x10 contiki-z1.a(phase.o)
 .data          0x00001166        0x0 contiki-z1.a(process.o)
 .data          0x00001166        0x0 contiki-z1.a(autostart.o)
 .data          0x00001166        0x0 contiki-z1.a(compower.o)
 .data          0x00001166        0xa contiki-z1.a(serial-line.o)
                0x00001166                serial_line_process
 .data          0x00001170        0x0 contiki-z1.a(memb.o)
 .data          0x00001170        0x0 contiki-z1.a(timer.o)
 .data          0x00001170        0x0 contiki-z1.a(list.o)
 .data          0x00001170        0xa contiki-z1.a(etimer.o)
                0x00001170                etimer_process
 .data          0x0000117a        0xa contiki-z1.a(ctimer.o)
                0x0000117a                ctimer_process
 .data          0x00001184        0x0 contiki-z1.a(energest.o)
 .data          0x00001184        0x0 contiki-z1.a(rtimer.o)
 .data          0x00001184        0x0 contiki-z1.a(random.o)
 .data          0x00001184        0x0 contiki-z1.a(ringbuf.o)
 .data          0x00001184        0x8 contiki-z1.a(nbr-table.o)
 .data          0x0000118c        0x0 contiki-z1.a(packetbuf.o)
 .data          0x0000118c       0x18 contiki-z1.a(queuebuf.o)
 .data          0x000011a4        0x0 contiki-z1.a(contiki-z1-plat)
 .data          0x000011a4        0x2 contiki-z1.a(msp430.o)
 .data          0x000011a6        0x0 contiki-z1.a(leds.o)
 .data          0x000011a6        0x0 contiki-z1.a(watchdog.o)
 .data          0x000011a6        0x0 contiki-z1.a(xmem.o)
 .data          0x000011a6        0x0 contiki-z1.a(spi.o)
 .data          0x000011a6        0xa contiki-z1.a(cc2420.o)
                0x000011a6                cc2420_process
 .data          0x000011b0        0x0 contiki-z1.a(cc2420-arch.o)
 .data          0x000011b0        0x0 contiki-z1.a(node-id.o)
 .data          0x000011b0        0xa contiki-z1.a(sensors.o)
                0x000011b0                sensors_process
 .data          0x000011ba        0x0 contiki-z1.a(button-sensor.o)
 .data          0x000011ba        0x0 contiki-z1.a(uart0.o)
 .data          0x000011ba        0x0 contiki-z1.a(uart0-putchar.o)
 .data          0x000011ba       0x20 contiki-z1.a(adxl345.o)
                0x000011ba                accmeter_process
 .data          0x000011da        0x0 contiki-z1.a(clock.o)
 .data          0x000011da        0x0 contiki-z1.a(leds-arch.o)
 .data          0x000011da        0x0 contiki-z1.a(rtimer-arch.o)
 .data          0x000011da        0x0 contiki-z1.a(stunicast.o)
 .data          0x000011da        0x0 contiki-z1.a(mac.o)
 .data          0x000011da        0x0 contiki-z1.a(framer-802154.o)
 .data          0x000011da        0x0 contiki-z1.a(i2cmaster.o)
 .data          0x000011da        0x0 contiki-z1.a(unicast.o)
 .data          0x000011da        0x0 contiki-z1.a(frame802154.o)
 .data          0x000011da        0x0 /usr/local/msp430/bin/../lib/gcc/msp430/4.7.0/mcpu-430x/mmpy-16/libgcc.a(_mulsi3.o)
 .data          0x000011da        0x0 /usr/local/msp430/bin/../lib/gcc/msp430/4.7.0/mcpu-430x/mmpy-16/libgcc.a(_udivmod16.o)
 .data          0x000011da        0x0 /usr/local/msp430/bin/../lib/gcc/msp430/4.7.0/mcpu-430x/mmpy-16/libgcc.a(_divmod16.o)
 .data          0x000011da        0x0 /usr/local/msp430/bin/../lib/gcc/msp430/4.7.0/mcpu-430x/mmpy-16/libgcc.a(_udivmod32.o)
 .data          0x000011da        0x0 /usr/local/msp430/bin/../lib/gcc/msp430/4.7.0/mcpu-430x/mmpy-16/libgcc.a(_mul_sf.o)
 .data          0x000011da        0x0 /usr/local/msp430/bin/../lib/gcc/msp430/4.7.0/mcpu-430x/mmpy-16/libgcc.a(_div_sf.o)
 .data          0x000011da        0x0 /usr/local/msp430/bin/../lib/gcc/msp430/4.7.0/mcpu-430x/mmpy-16/libgcc.a(_si_to_sf.o)
 .data          0x000011da        0x0 /usr/local/msp430/bin/../lib/gcc/msp430/4.7.0/mcpu-430x/mmpy-16/libgcc.a(_sf_to_si.o)
 .data          0x000011da        0x0 /usr/local/msp430/bin/../lib/gcc/msp430/4.7.0/mcpu-430x/mmpy-16/libgcc.a(_thenan_sf.o)
 .data          0x000011da        0x0 /usr/local/msp430/bin/../lib/gcc/msp430/4.7.0/mcpu-430x/mmpy-16/libgcc.a(_clzsi2.o)
 .data          0x000011da        0x0 /usr/local/msp430/bin/../lib/gcc/msp430/4.7.0/mcpu-430x/mmpy-16/libgcc.a(_pack_sf.o)
 .data          0x000011da        0x0 /usr/local/msp430/bin/../lib/gcc/msp430/4.7.0/mcpu-430x/mmpy-16/libgcc.a(_unpack_sf.o)
 .data          0x000011da        0x0 /usr/local/msp430/bin/../lib/gcc/msp430/4.7.0/mcpu-430x/mmpy-16/libgcc.a(_clz.o)
 .data          0x000011da        0x0 /usr/local/msp430/bin/../lib/gcc/msp430/4.7.0/../../../../msp430/lib/mcpu-430x/mmpy-16/libc.a(malloc.o)
 .data          0x000011da        0x0 /usr/local/msp430/bin/../lib/gcc/msp430/4.7.0/../../../../msp430/lib/mcpu-430x/mmpy-16/libc.a(atoi.o)
 .data          0x000011da        0x0 /usr/local/msp430/bin/../lib/gcc/msp430/4.7.0/../../../../msp430/lib/mcpu-430x/mmpy-16/libc.a(printf.o)
 .data          0x000011da        0x0 /usr/local/msp430/bin/../lib/gcc/msp430/4.7.0/../../../../msp430/lib/mcpu-430x/mmpy-16/libc.a(sprintf.o)
 .data          0x000011da        0x0 /usr/local/msp430/bin/../lib/gcc/msp430/4.7.0/../../../../msp430/lib/mcpu-430x/mmpy-16/libc.a(vuprintf.o)
 .data          0x000011da        0x0 /usr/local/msp430/bin/../lib/gcc/msp430/4.7.0/../../../../msp430/lib/mcpu-430x/mmpy-16/libc.a(puts.o)
 .data          0x000011da        0x0 /usr/local/msp430/bin/../lib/gcc/msp430/4.7.0/../../../../msp430/lib/mcpu-430x/mmpy-16/libc.a(rand.o)
 .data.next     0x000011da        0x4 /usr/local/msp430/bin/../lib/gcc/msp430/4.7.0/../../../../msp430/lib/mcpu-430x/mmpy-16/libc.a(rand.o)
 .data          0x000011de        0x0 /usr/local/msp430/bin/../lib/gcc/msp430/4.7.0/../../../../msp430/lib/mcpu-430x/mmpy-16/libc.a(strncmp.o)
 .data          0x000011de        0x0 /usr/local/msp430/bin/../lib/gcc/msp430/4.7.0/../../../../msp430/lib/mcpu-430x/mmpy-16/libc.a(memcmp.o)
 .data          0x000011de        0x0 /usr/local/msp430/bin/../lib/gcc/msp430/4.7.0/../../../../msp430/lib/mcpu-430x/mmpy-16/libc.a(memcpy.o)
 .data          0x000011de        0x0 /usr/local/msp430/bin/../lib/gcc/msp430/4.7.0/../../../../msp430/lib/mcpu-430x/mmpy-16/libc.a(memset.o)
 .data          0x000011de        0x0 /usr/local/msp430/bin/../lib/gcc/msp430/4.7.0/mcpu-430x/mmpy-16/libgcc.a(_udivmod64.o)
 .data          0x000011de        0x0 /usr/local/msp430/bin/../lib/gcc/msp430/4.7.0/mcpu-430x/mmpy-16/libcrt0.a(_reset_vector__.o)
 .data          0x000011de        0x0 /usr/local/msp430/bin/../lib/gcc/msp430/4.7.0/mcpu-430x/mmpy-16/libcrt0.a(__watchdog_support.o)
 .data          0x000011de        0x0 /usr/local/msp430/bin/../lib/gcc/msp430/4.7.0/mcpu-430x/mmpy-16/libcrt0.a(__init_stack.o)
 .data          0x000011de        0x0 /usr/local/msp430/bin/../lib/gcc/msp430/4.7.0/mcpu-430x/mmpy-16/libcrt0.a(__low_level_init.o)
 .data          0x000011de        0x0 /usr/local/msp430/bin/../lib/gcc/msp430/4.7.0/mcpu-430x/mmpy-16/libcrt0.a(_copy_data.o)
 .data          0x000011de        0x0 /usr/local/msp430/bin/../lib/gcc/msp430/4.7.0/mcpu-430x/mmpy-16/libcrt0.a(_clear_bss.o)
 .data          0x000011de        0x0 /usr/local/msp430/bin/../lib/gcc/msp430/4.7.0/mcpu-430x/mmpy-16/libcrt0.a(__stop_progExec__.o)
 .data          0x000011de        0x0 /usr/local/msp430/bin/../lib/gcc/msp430/4.7.0/mcpu-430x/mmpy-16/libcrt0.a(_endless_loop__.o)
 .data          0x000011de        0x0 /usr/local/msp430/bin/../lib/gcc/msp430/4.7.0/mcpu-430x/mmpy-16/libcrt0.a(_unexpected_.o)
 *(.near.data .near.data.*)
                0x000011de                . = ALIGN (0x2)
                0x000011de                _edata = .
                0x0000a882                __data_load_start = LOADADDR (.data)
                0x000000de                __data_size = SIZEOF (.data)

.bss            0x000011de      0xdb2 load address 0x0000a960
                0x000011de                __bss_start = .
 *(.bss .bss.*)
 .bss           0x000011de        0x0 /usr/local/msp430/bin/../lib/gcc/msp430/4.7.0/mcpu-430x/mmpy-16/crt0ivtbl32.o
 .bss           0x000011de       0xf8 RPLSender.co
                0x000011de                type
                0x000011e0                gc
                0x000011e2                share
 .bss           0x000012d6        0x4 obj_z1/contiki-z1-main.o
 .bss           0x000012da        0x0 contiki-z1.a(rimeaddr.o)
 .bss           0x000012da        0x2 contiki-z1.a(rime.o)
 .bss           0x000012dc        0x6 contiki-z1.a(announcement.o)
 .bss           0x000012e2       0x46 contiki-z1.a(broadcast-annou)
 .bss           0x00001328        0x0 contiki-z1.a(broadcast.o)
 .bss           0x00001328        0x0 contiki-z1.a(runicast.o)
 .bss           0x00001328        0x0 contiki-z1.a(abc.o)
 .bss           0x00001328        0x0 contiki-z1.a(chameleon.o)
 .bss           0x00001328        0x2 contiki-z1.a(channel.o)
 .bss           0x0000132a        0x0 contiki-z1.a(chameleon-bitop)
 .bss           0x0000132a       0xb6 contiki-z1.a(csma.o)
 .bss           0x000013e0       0x74 contiki-z1.a(contikimac.o)
 .bss           0x00001454      0x148 contiki-z1.a(phase.o)
 .bss           0x0000159c       0x42 contiki-z1.a(process.o)
                0x0000159c                process_current
                0x0000159e                process_list
 .bss           0x000015de        0x0 contiki-z1.a(autostart.o)
 .bss           0x000015de        0x8 contiki-z1.a(compower.o)
 .bss           0x000015e6      0x10a contiki-z1.a(serial-line.o)
 .bss           0x000016f0        0x0 contiki-z1.a(memb.o)
 .bss           0x000016f0        0x0 contiki-z1.a(timer.o)
 .bss           0x000016f0        0x0 contiki-z1.a(list.o)
 .bss           0x000016f0        0x6 contiki-z1.a(etimer.o)
 .bss           0x000016f6        0x4 contiki-z1.a(ctimer.o)
 .bss           0x000016fa        0x0 contiki-z1.a(energest.o)
 .bss           0x000016fa        0x2 contiki-z1.a(rtimer.o)
 .bss           0x000016fc        0x0 contiki-z1.a(random.o)
 .bss           0x000016fc        0x0 contiki-z1.a(ringbuf.o)
 .bss           0x000016fc       0x4c contiki-z1.a(nbr-table.o)
 .bss           0x00001748       0xba contiki-z1.a(packetbuf.o)
 .bss           0x00001802      0x65e contiki-z1.a(queuebuf.o)
 .bss           0x00001e60        0x0 contiki-z1.a(contiki-z1-plat)
 .bss           0x00001e60        0x0 contiki-z1.a(msp430.o)
 .bss           0x00001e60        0x2 contiki-z1.a(leds.o)
 .bss           0x00001e62        0x2 contiki-z1.a(watchdog.o)
 .bss           0x00001e64        0x0 contiki-z1.a(xmem.o)
 .bss           0x00001e64        0x1 contiki-z1.a(spi.o)
                0x00001e64                spi_busy
 *fill*         0x00001e65        0x1 00
 .bss           0x00001e66        0xa contiki-z1.a(cc2420.o)
 .bss           0x00001e70        0x0 contiki-z1.a(cc2420-arch.o)
 .bss           0x00001e70        0x2 contiki-z1.a(node-id.o)
                0x00001e70                node_id
 .bss           0x00001e72        0x6 contiki-z1.a(sensors.o)
 .bss           0x00001e78        0x8 contiki-z1.a(button-sensor.o)
 .bss           0x00001e80        0x4 contiki-z1.a(uart0.o)
 .bss           0x00001e84        0x0 contiki-z1.a(uart0-putchar.o)
 .bss           0x00001e84       0x16 contiki-z1.a(adxl345.o)
 .bss           0x00001e9a        0xa contiki-z1.a(clock.o)
 .bss           0x00001ea4        0x0 contiki-z1.a(leds-arch.o)
 .bss           0x00001ea4        0x0 contiki-z1.a(rtimer-arch.o)
 .bss           0x00001ea4        0x0 contiki-z1.a(stunicast.o)
 .bss           0x00001ea4        0x0 contiki-z1.a(mac.o)
 .bss           0x00001ea4        0x2 contiki-z1.a(framer-802154.o)
 .bss           0x00001ea6        0x2 contiki-z1.a(i2cmaster.o)
 .bss           0x00001ea8        0x0 contiki-z1.a(unicast.o)
 .bss           0x00001ea8        0x0 contiki-z1.a(frame802154.o)
 .bss           0x00001ea8        0x0 /usr/local/msp430/bin/../lib/gcc/msp430/4.7.0/mcpu-430x/mmpy-16/libgcc.a(_mulsi3.o)
 .bss           0x00001ea8        0x0 /usr/local/msp430/bin/../lib/gcc/msp430/4.7.0/mcpu-430x/mmpy-16/libgcc.a(_udivmod16.o)
 .bss           0x00001ea8        0x0 /usr/local/msp430/bin/../lib/gcc/msp430/4.7.0/mcpu-430x/mmpy-16/libgcc.a(_divmod16.o)
 .bss           0x00001ea8        0x0 /usr/local/msp430/bin/../lib/gcc/msp430/4.7.0/mcpu-430x/mmpy-16/libgcc.a(_udivmod32.o)
 .bss           0x00001ea8        0x0 /usr/local/msp430/bin/../lib/gcc/msp430/4.7.0/mcpu-430x/mmpy-16/libgcc.a(_mul_sf.o)
 .bss           0x00001ea8        0x0 /usr/local/msp430/bin/../lib/gcc/msp430/4.7.0/mcpu-430x/mmpy-16/libgcc.a(_div_sf.o)
 .bss           0x00001ea8        0x0 /usr/local/msp430/bin/../lib/gcc/msp430/4.7.0/mcpu-430x/mmpy-16/libgcc.a(_si_to_sf.o)
 .bss           0x00001ea8        0x0 /usr/local/msp430/bin/../lib/gcc/msp430/4.7.0/mcpu-430x/mmpy-16/libgcc.a(_sf_to_si.o)
 .bss           0x00001ea8        0x0 /usr/local/msp430/bin/../lib/gcc/msp430/4.7.0/mcpu-430x/mmpy-16/libgcc.a(_thenan_sf.o)
 .bss           0x00001ea8        0x0 /usr/local/msp430/bin/../lib/gcc/msp430/4.7.0/mcpu-430x/mmpy-16/libgcc.a(_clzsi2.o)
 .bss           0x00001ea8        0x0 /usr/local/msp430/bin/../lib/gcc/msp430/4.7.0/mcpu-430x/mmpy-16/libgcc.a(_pack_sf.o)
 .bss           0x00001ea8        0x0 /usr/local/msp430/bin/../lib/gcc/msp430/4.7.0/mcpu-430x/mmpy-16/libgcc.a(_unpack_sf.o)
 .bss           0x00001ea8        0x0 /usr/local/msp430/bin/../lib/gcc/msp430/4.7.0/mcpu-430x/mmpy-16/libgcc.a(_clz.o)
 .bss           0x00001ea8        0x0 /usr/local/msp430/bin/../lib/gcc/msp430/4.7.0/../../../../msp430/lib/mcpu-430x/mmpy-16/libc.a(malloc.o)
 .bss.once.1522
                0x00001ea8        0x1 /usr/local/msp430/bin/../lib/gcc/msp430/4.7.0/../../../../msp430/lib/mcpu-430x/mmpy-16/libc.a(malloc.o)
 .bss           0x00001ea9        0x0 /usr/local/msp430/bin/../lib/gcc/msp430/4.7.0/../../../../msp430/lib/mcpu-430x/mmpy-16/libc.a(atoi.o)
 .bss           0x00001ea9        0x0 /usr/local/msp430/bin/../lib/gcc/msp430/4.7.0/../../../../msp430/lib/mcpu-430x/mmpy-16/libc.a(printf.o)
 .bss           0x00001ea9        0x0 /usr/local/msp430/bin/../lib/gcc/msp430/4.7.0/../../../../msp430/lib/mcpu-430x/mmpy-16/libc.a(sprintf.o)
 *fill*         0x00001ea9        0x1 00
 .bss.destination_
                0x00001eaa        0x2 /usr/local/msp430/bin/../lib/gcc/msp430/4.7.0/../../../../msp430/lib/mcpu-430x/mmpy-16/libc.a(sprintf.o)
 .bss.available_
                0x00001eac        0x2 /usr/local/msp430/bin/../lib/gcc/msp430/4.7.0/../../../../msp430/lib/mcpu-430x/mmpy-16/libc.a(sprintf.o)
 .bss           0x00001eae        0x0 /usr/local/msp430/bin/../lib/gcc/msp430/4.7.0/../../../../msp430/lib/mcpu-430x/mmpy-16/libc.a(vuprintf.o)
 .bss           0x00001eae        0x0 /usr/local/msp430/bin/../lib/gcc/msp430/4.7.0/../../../../msp430/lib/mcpu-430x/mmpy-16/libc.a(puts.o)
 .bss           0x00001eae        0x0 /usr/local/msp430/bin/../lib/gcc/msp430/4.7.0/../../../../msp430/lib/mcpu-430x/mmpy-16/libc.a(rand.o)
 .bss           0x00001eae        0x0 /usr/local/msp430/bin/../lib/gcc/msp430/4.7.0/../../../../msp430/lib/mcpu-430x/mmpy-16/libc.a(strncmp.o)
 .bss           0x00001eae        0x0 /usr/local/msp430/bin/../lib/gcc/msp430/4.7.0/../../../../msp430/lib/mcpu-430x/mmpy-16/libc.a(memcmp.o)
 .bss           0x00001eae        0x0 /usr/local/msp430/bin/../lib/gcc/msp430/4.7.0/../../../../msp430/lib/mcpu-430x/mmpy-16/libc.a(memcpy.o)
 .bss           0x00001eae        0x0 /usr/local/msp430/bin/../lib/gcc/msp430/4.7.0/../../../../msp430/lib/mcpu-430x/mmpy-16/libc.a(memset.o)
 .bss           0x00001eae        0x0 /usr/local/msp430/bin/../lib/gcc/msp430/4.7.0/mcpu-430x/mmpy-16/libgcc.a(_udivmod64.o)
 .bss           0x00001eae        0x0 /usr/local/msp430/bin/../lib/gcc/msp430/4.7.0/mcpu-430x/mmpy-16/libcrt0.a(_reset_vector__.o)
 .bss           0x00001eae        0x0 /usr/local/msp430/bin/../lib/gcc/msp430/4.7.0/mcpu-430x/mmpy-16/libcrt0.a(__watchdog_support.o)
 .bss           0x00001eae        0x0 /usr/local/msp430/bin/../lib/gcc/msp430/4.7.0/mcpu-430x/mmpy-16/libcrt0.a(__init_stack.o)
 .bss           0x00001eae        0x0 /usr/local/msp430/bin/../lib/gcc/msp430/4.7.0/mcpu-430x/mmpy-16/libcrt0.a(__low_level_init.o)
 .bss           0x00001eae        0x0 /usr/local/msp430/bin/../lib/gcc/msp430/4.7.0/mcpu-430x/mmpy-16/libcrt0.a(_copy_data.o)
 .bss           0x00001eae        0x0 /usr/local/msp430/bin/../lib/gcc/msp430/4.7.0/mcpu-430x/mmpy-16/libcrt0.a(_clear_bss.o)
 .bss           0x00001eae        0x0 /usr/local/msp430/bin/../lib/gcc/msp430/4.7.0/mcpu-430x/mmpy-16/libcrt0.a(__stop_progExec__.o)
 .bss           0x00001eae        0x0 /usr/local/msp430/bin/../lib/gcc/msp430/4.7.0/mcpu-430x/mmpy-16/libcrt0.a(_endless_loop__.o)
 .bss           0x00001eae        0x0 /usr/local/msp430/bin/../lib/gcc/msp430/4.7.0/mcpu-430x/mmpy-16/libcrt0.a(_unexpected_.o)
 *(.near.bss .near.bss.*)
 *(COMMON)
 COMMON         0x00001eae       0x10 RPLSender.co
                0x00001eae                parent
                0x00001eb4                client
                0x00001eba                children
 COMMON         0x00001ebe        0x2 obj_z1/contiki-z1-main.o
                0x00001ebe                sensors_flags
 COMMON         0x00001ec0        0x2 contiki-z1.a(rimeaddr.o)
                0x00001ec0                rimeaddr_node_addr
 COMMON         0x00001ec2        0x1 contiki-z1.a(process.o)
                0x00001ec2                process_maxevents
 *fill*         0x00001ec3        0x1 00
 COMMON         0x00001ec4        0x8 contiki-z1.a(compower.o)
                0x00001ec4                compower_idle_activity
 COMMON         0x00001ecc        0x1 contiki-z1.a(serial-line.o)
                0x00001ecc                serial_line_event_message
 *fill*         0x00001ecd        0x1 00
 COMMON         0x00001ece       0x56 contiki-z1.a(energest.o)
                0x00001ece                energest_total_time
                0x00001efe                energest_total_count
                0x00001f00                energest_current_mode
                0x00001f0c                energest_current_time
 COMMON         0x00001f24       0x38 contiki-z1.a(packetbuf.o)
                0x00001f24                packetbuf_addrs
                0x00001f2c                packetbuf_attrs
 COMMON         0x00001f5c       0x14 contiki-z1.a(cc2420.o)
                0x00001f5c                cc2420_last_rssi
                0x00001f5e                cc2420_packets_read
                0x00001f60                cc2420_packets_seen
                0x00001f62                cc2420_sfd_start_time
                0x00001f64                cc2420_time_of_departure
                0x00001f66                cc2420_time_of_arrival
                0x00001f68                cc2420_last_correlation
                0x00001f6a                cc2420_authority_level_of_sender
                0x00001f6c                cc2420_sfd_counter
                0x00001f6e                cc2420_sfd_end_time
 COMMON         0x00001f70        0x8 contiki-z1.a(node-id.o)
                0x00001f70                node_mac
 COMMON         0x00001f78        0x1 contiki-z1.a(sensors.o)
                0x00001f78                sensors_event
 *fill*         0x00001f79        0x1 00
 COMMON         0x00001f7a        0x7 contiki-z1.a(adxl345.o)
                0x00001f7a                accm_int2_cb
                0x00001f7c                int2_event
                0x00001f7e                accm_int1_cb
                0x00001f80                int1_event
 *fill*         0x00001f81        0x1 00
 COMMON         0x00001f82        0xe contiki-z1.a(i2cmaster.o)
                0x00001f82                transmit_data1
                0x00001f83                rx_byte_ctr
                0x00001f84                tx_buf_ptr
                0x00001f86                tx_byte_ctr
                0x00001f88                i
                0x00001f8a                receive_data
                0x00001f8b                rx_buf
                0x00001f8d                transmit_data2
                0x00001f8e                rx_buf_ptr
                0x00001f90                . = ALIGN (0x2)
                0x00001f90                __bss_end = .
                0x00000db2                __bss_size = SIZEOF (.bss)

.noinit         0x00001f90        0x2 load address 0x0000a960
                0x00001f90                . = ALIGN (0x2)
                0x00001f90                __noinit_start = .
 *(.noinit .noinit.*)
 .noinit.crt0   0x00001f90        0x2 /usr/local/msp430/bin/../lib/gcc/msp430/4.7.0/mcpu-430x/mmpy-16/libcrt0.a(__watchdog_support.o)
                0x00001f90                __wdt_clear_value
                0x00001f92                . = ALIGN (0x2)
                0x00001f92                __noinit_end = .
                0x00001f92                . = ALIGN (0x2)
                0x00001f92                _end = .

.infomem        0x00001000        0x0
                0x00001000                . = ALIGN (0x2)
 *(.infomem .infomem.*)

.infomemnobits  0x00001000        0x0
                0x00001000                . = ALIGN (0x2)
 *(.infomemnobits .infomemnobits.*)

.infoa          0x000010c0        0x0
                0x000010c0                . = ALIGN (0x2)
 *(.infoa .infoa.*)

.infob          0x00001080        0x0
                0x00001080                . = ALIGN (0x2)
 *(.infob .infob.*)

.infoc          0x00001040        0x0
                0x00001040                . = ALIGN (0x2)
 *(.infoc .infoc.*)

.infod          0x00001000        0x0
                0x00001000                . = ALIGN (0x2)
 *(.infod .infod.*)

.vectors        0x0000ffc0       0x40
                0x0000ffc0                __vectors_start = .
 *(.vectors*)
 .vectors       0x0000ffc0       0x40 /usr/local/msp430/bin/../lib/gcc/msp430/4.7.0/mcpu-430x/mmpy-16/crt0ivtbl32.o
                0x0000ffc0                __ivtbl_32
                0x00010000                _vectors_end = .

.fartext        0x00010000        0x0
                0x00010000                . = ALIGN (0x2)
 *(.fartext .fartext.*)

.far.text       0x00010000        0x0
                0x00010000                . = ALIGN (0x2)
 *(.far.text .far.text.*)

.far.rodata     0x00010000        0x0
                0x00010000                . = ALIGN (0x2)
 *(.far.rodata .far.rodata.*)
                0x00010000                . = ALIGN (0x2)
                0x00010000                _efartext = .

.far.data       0x00000000        0x0 load address 0x00010000
                0x00000000                . = ALIGN (0x2)
                0x00000000                __far_data_start = .
 *(.far.data .far.data.*)
                0x00000000                . = ALIGN (0x2)
                0x00000000                _efardata = .
                0x00010000                __far_data_load_start = LOADADDR (.far.data)
                0x00000000                __far_data_size = SIZEOF (.far.data)

.far.bss        0x00000000        0x0 load address 0x00010000
                0x00000000                . = ALIGN (0x2)
                0x00000000                __far_bss_start = .
 *(.far.bss .far.bss.*)
                0x00000000                . = ALIGN (0x2)
                0x00000000                __far_bss_end = .
                0x00000000                __far_bss_size = SIZEOF (.far.bss)
                0x00000000                . = ALIGN (0x2)
                0x00000000                _far_end = .

.profiler
 *(.profiler)

.stab
 *(.stab)

.stabstr
 *(.stabstr)

.stab.excl
 *(.stab.excl)

.stab.exclstr
 *(.stab.exclstr)

.stab.index
 *(.stab.index)

.stab.indexstr
 *(.stab.indexstr)

.comment        0x00000000       0x30
 *(.comment)
 .comment       0x00000000       0x30 RPLSender.co
                                 0x31 (size before relaxing)
 .comment       0x00000000       0x31 obj_z1/contiki-z1-main.o
 .comment       0x00000000       0x31 contiki-z1.a(rimeaddr.o)
 .comment       0x00000000       0x31 contiki-z1.a(rime.o)
 .comment       0x00000000       0x31 contiki-z1.a(announcement.o)
 .comment       0x00000000       0x31 contiki-z1.a(broadcast-annou)
 .comment       0x00000000       0x31 contiki-z1.a(broadcast.o)
 .comment       0x00000000       0x31 contiki-z1.a(runicast.o)
 .comment       0x00000000       0x31 contiki-z1.a(abc.o)
 .comment       0x00000000       0x31 contiki-z1.a(chameleon.o)
 .comment       0x00000000       0x31 contiki-z1.a(channel.o)
 .comment       0x00000000       0x31 contiki-z1.a(chameleon-bitop)
 .comment       0x00000000       0x31 contiki-z1.a(csma.o)
 .comment       0x00000000       0x31 contiki-z1.a(contikimac.o)
 .comment       0x00000000       0x31 contiki-z1.a(phase.o)
 .comment       0x00000000       0x31 contiki-z1.a(process.o)
 .comment       0x00000000       0x31 contiki-z1.a(autostart.o)
 .comment       0x00000000       0x31 contiki-z1.a(compower.o)
 .comment       0x00000000       0x31 contiki-z1.a(serial-line.o)
 .comment       0x00000000       0x31 contiki-z1.a(memb.o)
 .comment       0x00000000       0x31 contiki-z1.a(timer.o)
 .comment       0x00000000       0x31 contiki-z1.a(list.o)
 .comment       0x00000000       0x31 contiki-z1.a(etimer.o)
 .comment       0x00000000       0x31 contiki-z1.a(ctimer.o)
 .comment       0x00000000       0x31 contiki-z1.a(energest.o)
 .comment       0x00000000       0x31 contiki-z1.a(rtimer.o)
 .comment       0x00000000       0x31 contiki-z1.a(random.o)
 .comment       0x00000000       0x31 contiki-z1.a(ringbuf.o)
 .comment       0x00000000       0x31 contiki-z1.a(nbr-table.o)
 .comment       0x00000000       0x31 contiki-z1.a(packetbuf.o)
 .comment       0x00000000       0x31 contiki-z1.a(queuebuf.o)
 .comment       0x00000000       0x31 contiki-z1.a(contiki-z1-plat)
 .comment       0x00000000       0x31 contiki-z1.a(msp430.o)
 .comment       0x00000000       0x31 contiki-z1.a(leds.o)
 .comment       0x00000000       0x31 contiki-z1.a(watchdog.o)
 .comment       0x00000000       0x31 contiki-z1.a(xmem.o)
 .comment       0x00000000       0x31 contiki-z1.a(spi.o)
 .comment       0x00000000       0x31 contiki-z1.a(cc2420.o)
 .comment       0x00000000       0x31 contiki-z1.a(cc2420-arch.o)
 .comment       0x00000000       0x31 contiki-z1.a(node-id.o)
 .comment       0x00000000       0x31 contiki-z1.a(sensors.o)
 .comment       0x00000000       0x31 contiki-z1.a(button-sensor.o)
 .comment       0x00000000       0x31 contiki-z1.a(uart0.o)
 .comment       0x00000000       0x31 contiki-z1.a(uart0-putchar.o)
 .comment       0x00000000       0x31 contiki-z1.a(adxl345.o)
 .comment       0x00000000       0x31 contiki-z1.a(clock.o)
 .comment       0x00000000       0x31 contiki-z1.a(leds-arch.o)
 .comment       0x00000000       0x31 contiki-z1.a(rtimer-arch.o)
 .comment       0x00000000       0x31 contiki-z1.a(stunicast.o)
 .comment       0x00000000       0x31 contiki-z1.a(mac.o)
 .comment       0x00000000       0x31 contiki-z1.a(framer-802154.o)
 .comment       0x00000000       0x31 contiki-z1.a(i2cmaster.o)
 .comment       0x00000000       0x31 contiki-z1.a(unicast.o)
 .comment       0x00000000       0x31 contiki-z1.a(frame802154.o)
 .comment       0x00000000       0x31 /usr/local/msp430/bin/../lib/gcc/msp430/4.7.0/mcpu-430x/mmpy-16/libgcc.a(_mul_sf.o)
 .comment       0x00000000       0x31 /usr/local/msp430/bin/../lib/gcc/msp430/4.7.0/mcpu-430x/mmpy-16/libgcc.a(_div_sf.o)
 .comment       0x00000000       0x31 /usr/local/msp430/bin/../lib/gcc/msp430/4.7.0/mcpu-430x/mmpy-16/libgcc.a(_si_to_sf.o)
 .comment       0x00000000       0x31 /usr/local/msp430/bin/../lib/gcc/msp430/4.7.0/mcpu-430x/mmpy-16/libgcc.a(_sf_to_si.o)
 .comment       0x00000000       0x31 /usr/local/msp430/bin/../lib/gcc/msp430/4.7.0/mcpu-430x/mmpy-16/libgcc.a(_thenan_sf.o)
 .comment       0x00000000       0x31 /usr/local/msp430/bin/../lib/gcc/msp430/4.7.0/mcpu-430x/mmpy-16/libgcc.a(_clzsi2.o)
 .comment       0x00000000       0x31 /usr/local/msp430/bin/../lib/gcc/msp430/4.7.0/mcpu-430x/mmpy-16/libgcc.a(_pack_sf.o)
 .comment       0x00000000       0x31 /usr/local/msp430/bin/../lib/gcc/msp430/4.7.0/mcpu-430x/mmpy-16/libgcc.a(_unpack_sf.o)
 .comment       0x00000000       0x31 /usr/local/msp430/bin/../lib/gcc/msp430/4.7.0/mcpu-430x/mmpy-16/libgcc.a(_clz.o)
 .comment       0x00000000       0x31 /usr/local/msp430/bin/../lib/gcc/msp430/4.7.0/../../../../msp430/lib/mcpu-430x/mmpy-16/libc.a(malloc.o)
 .comment       0x00000000       0x31 /usr/local/msp430/bin/../lib/gcc/msp430/4.7.0/../../../../msp430/lib/mcpu-430x/mmpy-16/libc.a(atoi.o)
 .comment       0x00000000       0x31 /usr/local/msp430/bin/../lib/gcc/msp430/4.7.0/../../../../msp430/lib/mcpu-430x/mmpy-16/libc.a(printf.o)
 .comment       0x00000000       0x31 /usr/local/msp430/bin/../lib/gcc/msp430/4.7.0/../../../../msp430/lib/mcpu-430x/mmpy-16/libc.a(sprintf.o)
 .comment       0x00000000       0x31 /usr/local/msp430/bin/../lib/gcc/msp430/4.7.0/../../../../msp430/lib/mcpu-430x/mmpy-16/libc.a(vuprintf.o)
 .comment       0x00000000       0x31 /usr/local/msp430/bin/../lib/gcc/msp430/4.7.0/../../../../msp430/lib/mcpu-430x/mmpy-16/libc.a(puts.o)
 .comment       0x00000000       0x31 /usr/local/msp430/bin/../lib/gcc/msp430/4.7.0/../../../../msp430/lib/mcpu-430x/mmpy-16/libc.a(rand.o)
 .comment       0x00000000       0x31 /usr/local/msp430/bin/../lib/gcc/msp430/4.7.0/../../../../msp430/lib/mcpu-430x/mmpy-16/libc.a(strncmp.o)
 .comment       0x00000000       0x31 /usr/local/msp430/bin/../lib/gcc/msp430/4.7.0/../../../../msp430/lib/mcpu-430x/mmpy-16/libc.a(memcmp.o)
 .comment       0x00000000       0x31 /usr/local/msp430/bin/../lib/gcc/msp430/4.7.0/../../../../msp430/lib/mcpu-430x/mmpy-16/libc.a(memcpy.o)
 .comment       0x00000000       0x31 /usr/local/msp430/bin/../lib/gcc/msp430/4.7.0/../../../../msp430/lib/mcpu-430x/mmpy-16/libc.a(memset.o)

.debug
 *(.debug)

.line
 *(.line)

.debug_srcinfo
 *(.debug_srcinfo)

.debug_sfnames
 *(.debug_sfnames)

.debug_aranges  0x00000000      0x440
 *(.debug_aranges)
 .debug_aranges
                0x00000000       0x20 /usr/local/msp430/bin/../lib/gcc/msp430/4.7.0/mcpu-430x/mmpy-16/crt0ivtbl32.o
 .debug_aranges
                0x00000020       0x20 /usr/local/msp430/bin/../lib/gcc/msp430/4.7.0/mcpu-430x/mmpy-16/libgcc.a(_mulsi3.o)
 .debug_aranges
                0x00000040       0x20 /usr/local/msp430/bin/../lib/gcc/msp430/4.7.0/mcpu-430x/mmpy-16/libgcc.a(_udivmod16.o)
 .debug_aranges
                0x00000060       0x20 /usr/local/msp430/bin/../lib/gcc/msp430/4.7.0/mcpu-430x/mmpy-16/libgcc.a(_divmod16.o)
 .debug_aranges
                0x00000080       0x20 /usr/local/msp430/bin/../lib/gcc/msp430/4.7.0/mcpu-430x/mmpy-16/libgcc.a(_udivmod32.o)
 .debug_aranges
                0x000000a0       0x20 /usr/local/msp430/bin/../lib/gcc/msp430/4.7.0/mcpu-430x/mmpy-16/libgcc.a(_mul_sf.o)
 .debug_aranges
                0x000000c0       0x20 /usr/local/msp430/bin/../lib/gcc/msp430/4.7.0/mcpu-430x/mmpy-16/libgcc.a(_div_sf.o)
 .debug_aranges
                0x000000e0       0x20 /usr/local/msp430/bin/../lib/gcc/msp430/4.7.0/mcpu-430x/mmpy-16/libgcc.a(_si_to_sf.o)
 .debug_aranges
                0x00000100       0x20 /usr/local/msp430/bin/../lib/gcc/msp430/4.7.0/mcpu-430x/mmpy-16/libgcc.a(_sf_to_si.o)
 .debug_aranges
                0x00000120       0x18 /usr/local/msp430/bin/../lib/gcc/msp430/4.7.0/mcpu-430x/mmpy-16/libgcc.a(_thenan_sf.o)
 .debug_aranges
                0x00000138       0x20 /usr/local/msp430/bin/../lib/gcc/msp430/4.7.0/mcpu-430x/mmpy-16/libgcc.a(_clzsi2.o)
 .debug_aranges
                0x00000158       0x20 /usr/local/msp430/bin/../lib/gcc/msp430/4.7.0/mcpu-430x/mmpy-16/libgcc.a(_pack_sf.o)
 .debug_aranges
                0x00000178       0x20 /usr/local/msp430/bin/../lib/gcc/msp430/4.7.0/mcpu-430x/mmpy-16/libgcc.a(_unpack_sf.o)
 .debug_aranges
                0x00000198       0x18 /usr/local/msp430/bin/../lib/gcc/msp430/4.7.0/mcpu-430x/mmpy-16/libgcc.a(_clz.o)
 .debug_aranges
                0x000001b0       0x28 /usr/local/msp430/bin/../lib/gcc/msp430/4.7.0/../../../../msp430/lib/mcpu-430x/mmpy-16/libc.a(malloc.o)
 .debug_aranges
                0x000001d8       0x20 /usr/local/msp430/bin/../lib/gcc/msp430/4.7.0/../../../../msp430/lib/mcpu-430x/mmpy-16/libc.a(atoi.o)
 .debug_aranges
                0x000001f8       0x28 /usr/local/msp430/bin/../lib/gcc/msp430/4.7.0/../../../../msp430/lib/mcpu-430x/mmpy-16/libc.a(printf.o)
 .debug_aranges
                0x00000220       0x48 /usr/local/msp430/bin/../lib/gcc/msp430/4.7.0/../../../../msp430/lib/mcpu-430x/mmpy-16/libc.a(sprintf.o)
 .debug_aranges
                0x00000268       0x28 /usr/local/msp430/bin/../lib/gcc/msp430/4.7.0/../../../../msp430/lib/mcpu-430x/mmpy-16/libc.a(vuprintf.o)
 .debug_aranges
                0x00000290       0x20 /usr/local/msp430/bin/../lib/gcc/msp430/4.7.0/../../../../msp430/lib/mcpu-430x/mmpy-16/libc.a(puts.o)
 .debug_aranges
                0x000002b0       0x30 /usr/local/msp430/bin/../lib/gcc/msp430/4.7.0/../../../../msp430/lib/mcpu-430x/mmpy-16/libc.a(rand.o)
 .debug_aranges
                0x000002e0       0x20 /usr/local/msp430/bin/../lib/gcc/msp430/4.7.0/../../../../msp430/lib/mcpu-430x/mmpy-16/libc.a(strncmp.o)
 .debug_aranges
                0x00000300       0x20 /usr/local/msp430/bin/../lib/gcc/msp430/4.7.0/../../../../msp430/lib/mcpu-430x/mmpy-16/libc.a(memcmp.o)
 .debug_aranges
                0x00000320       0x20 /usr/local/msp430/bin/../lib/gcc/msp430/4.7.0/../../../../msp430/lib/mcpu-430x/mmpy-16/libc.a(memcpy.o)
 .debug_aranges
                0x00000340       0x20 /usr/local/msp430/bin/../lib/gcc/msp430/4.7.0/../../../../msp430/lib/mcpu-430x/mmpy-16/libc.a(memset.o)
 .debug_aranges
                0x00000360       0x20 /usr/local/msp430/bin/../lib/gcc/msp430/4.7.0/mcpu-430x/mmpy-16/libgcc.a(_udivmod64.o)
 .debug_aranges
                0x00000380       0x20 /usr/local/msp430/bin/../lib/gcc/msp430/4.7.0/mcpu-430x/mmpy-16/libcrt0.a(__watchdog_support.o)
 .debug_aranges
                0x000003a0       0x20 /usr/local/msp430/bin/../lib/gcc/msp430/4.7.0/mcpu-430x/mmpy-16/libcrt0.a(__init_stack.o)
 .debug_aranges
                0x000003c0       0x20 /usr/local/msp430/bin/../lib/gcc/msp430/4.7.0/mcpu-430x/mmpy-16/libcrt0.a(_copy_data.o)
 .debug_aranges
                0x000003e0       0x20 /usr/local/msp430/bin/../lib/gcc/msp430/4.7.0/mcpu-430x/mmpy-16/libcrt0.a(_clear_bss.o)
 .debug_aranges
                0x00000400       0x20 /usr/local/msp430/bin/../lib/gcc/msp430/4.7.0/mcpu-430x/mmpy-16/libcrt0.a(_endless_loop__.o)
 .debug_aranges
                0x00000420       0x20 /usr/local/msp430/bin/../lib/gcc/msp430/4.7.0/mcpu-430x/mmpy-16/libcrt0.a(_unexpected_.o)

.debug_pubnames
 *(.debug_pubnames)

.debug_info     0x00000000     0x3218
 *(.debug_info)
 .debug_info    0x00000000       0xac /usr/local/msp430/bin/../lib/gcc/msp430/4.7.0/mcpu-430x/mmpy-16/crt0ivtbl32.o
 .debug_info    0x000000ac       0xa9 /usr/local/msp430/bin/../lib/gcc/msp430/4.7.0/mcpu-430x/mmpy-16/libgcc.a(_mulsi3.o)
 .debug_info    0x00000155       0xa9 /usr/local/msp430/bin/../lib/gcc/msp430/4.7.0/mcpu-430x/mmpy-16/libgcc.a(_udivmod16.o)
 .debug_info    0x000001fe       0xa9 /usr/local/msp430/bin/../lib/gcc/msp430/4.7.0/mcpu-430x/mmpy-16/libgcc.a(_divmod16.o)
 .debug_info    0x000002a7       0xa9 /usr/local/msp430/bin/../lib/gcc/msp430/4.7.0/mcpu-430x/mmpy-16/libgcc.a(_udivmod32.o)
 .debug_info    0x00000350      0x46b /usr/local/msp430/bin/../lib/gcc/msp430/4.7.0/mcpu-430x/mmpy-16/libgcc.a(_mul_sf.o)
 .debug_info    0x000007bb      0x3f3 /usr/local/msp430/bin/../lib/gcc/msp430/4.7.0/mcpu-430x/mmpy-16/libgcc.a(_div_sf.o)
 .debug_info    0x00000bae      0x259 /usr/local/msp430/bin/../lib/gcc/msp430/4.7.0/mcpu-430x/mmpy-16/libgcc.a(_si_to_sf.o)
 .debug_info    0x00000e07      0x2d5 /usr/local/msp430/bin/../lib/gcc/msp430/4.7.0/mcpu-430x/mmpy-16/libgcc.a(_sf_to_si.o)
 .debug_info    0x000010dc      0x169 /usr/local/msp430/bin/../lib/gcc/msp430/4.7.0/mcpu-430x/mmpy-16/libgcc.a(_thenan_sf.o)
 .debug_info    0x00001245      0x119 /usr/local/msp430/bin/../lib/gcc/msp430/4.7.0/mcpu-430x/mmpy-16/libgcc.a(_clzsi2.o)
 .debug_info    0x0000135e      0x2cd /usr/local/msp430/bin/../lib/gcc/msp430/4.7.0/mcpu-430x/mmpy-16/libgcc.a(_pack_sf.o)
 .debug_info    0x0000162b      0x252 /usr/local/msp430/bin/../lib/gcc/msp430/4.7.0/mcpu-430x/mmpy-16/libgcc.a(_unpack_sf.o)
 .debug_info    0x0000187d       0xc5 /usr/local/msp430/bin/../lib/gcc/msp430/4.7.0/mcpu-430x/mmpy-16/libgcc.a(_clz.o)
 .debug_info    0x00001942      0x185 /usr/local/msp430/bin/../lib/gcc/msp430/4.7.0/../../../../msp430/lib/mcpu-430x/mmpy-16/libc.a(malloc.o)
 .debug_info    0x00001ac7       0xce /usr/local/msp430/bin/../lib/gcc/msp430/4.7.0/../../../../msp430/lib/mcpu-430x/mmpy-16/libc.a(atoi.o)
 .debug_info    0x00001b95      0x18d /usr/local/msp430/bin/../lib/gcc/msp430/4.7.0/../../../../msp430/lib/mcpu-430x/mmpy-16/libc.a(printf.o)
 .debug_info    0x00001d22      0x35b /usr/local/msp430/bin/../lib/gcc/msp430/4.7.0/../../../../msp430/lib/mcpu-430x/mmpy-16/libc.a(sprintf.o)
 .debug_info    0x0000207d      0x66d /usr/local/msp430/bin/../lib/gcc/msp430/4.7.0/../../../../msp430/lib/mcpu-430x/mmpy-16/libc.a(vuprintf.o)
 .debug_info    0x000026ea       0xe1 /usr/local/msp430/bin/../lib/gcc/msp430/4.7.0/../../../../msp430/lib/mcpu-430x/mmpy-16/libc.a(puts.o)
 .debug_info    0x000027cb      0x172 /usr/local/msp430/bin/../lib/gcc/msp430/4.7.0/../../../../msp430/lib/mcpu-430x/mmpy-16/libc.a(rand.o)
 .debug_info    0x0000293d       0xd8 /usr/local/msp430/bin/../lib/gcc/msp430/4.7.0/../../../../msp430/lib/mcpu-430x/mmpy-16/libc.a(strncmp.o)
 .debug_info    0x00002a15       0xff /usr/local/msp430/bin/../lib/gcc/msp430/4.7.0/../../../../msp430/lib/mcpu-430x/mmpy-16/libc.a(memcmp.o)
 .debug_info    0x00002b14      0x144 /usr/local/msp430/bin/../lib/gcc/msp430/4.7.0/../../../../msp430/lib/mcpu-430x/mmpy-16/libc.a(memcpy.o)
 .debug_info    0x00002c58      0x12d /usr/local/msp430/bin/../lib/gcc/msp430/4.7.0/../../../../msp430/lib/mcpu-430x/mmpy-16/libc.a(memset.o)
 .debug_info    0x00002d85       0xa9 /usr/local/msp430/bin/../lib/gcc/msp430/4.7.0/mcpu-430x/mmpy-16/libgcc.a(_udivmod64.o)
 .debug_info    0x00002e2e       0xa7 /usr/local/msp430/bin/../lib/gcc/msp430/4.7.0/mcpu-430x/mmpy-16/libcrt0.a(__watchdog_support.o)
 .debug_info    0x00002ed5       0xa7 /usr/local/msp430/bin/../lib/gcc/msp430/4.7.0/mcpu-430x/mmpy-16/libcrt0.a(__init_stack.o)
 .debug_info    0x00002f7c       0xa7 /usr/local/msp430/bin/../lib/gcc/msp430/4.7.0/mcpu-430x/mmpy-16/libcrt0.a(_copy_data.o)
 .debug_info    0x00003023       0xa7 /usr/local/msp430/bin/../lib/gcc/msp430/4.7.0/mcpu-430x/mmpy-16/libcrt0.a(_clear_bss.o)
 .debug_info    0x000030ca       0xa7 /usr/local/msp430/bin/../lib/gcc/msp430/4.7.0/mcpu-430x/mmpy-16/libcrt0.a(_endless_loop__.o)
 .debug_info    0x00003171       0xa7 /usr/local/msp430/bin/../lib/gcc/msp430/4.7.0/mcpu-430x/mmpy-16/libcrt0.a(_unexpected_.o)
 *(.gnu.linkonce.wi.*)

.debug_abbrev   0x00000000     0x1772
 *(.debug_abbrev)
 .debug_abbrev  0x00000000       0x14 /usr/local/msp430/bin/../lib/gcc/msp430/4.7.0/mcpu-430x/mmpy-16/crt0ivtbl32.o
 .debug_abbrev  0x00000014       0x14 /usr/local/msp430/bin/../lib/gcc/msp430/4.7.0/mcpu-430x/mmpy-16/libgcc.a(_mulsi3.o)
 .debug_abbrev  0x00000028       0x14 /usr/local/msp430/bin/../lib/gcc/msp430/4.7.0/mcpu-430x/mmpy-16/libgcc.a(_udivmod16.o)
 .debug_abbrev  0x0000003c       0x14 /usr/local/msp430/bin/../lib/gcc/msp430/4.7.0/mcpu-430x/mmpy-16/libgcc.a(_divmod16.o)
 .debug_abbrev  0x00000050       0x14 /usr/local/msp430/bin/../lib/gcc/msp430/4.7.0/mcpu-430x/mmpy-16/libgcc.a(_udivmod32.o)
 .debug_abbrev  0x00000064      0x245 /usr/local/msp430/bin/../lib/gcc/msp430/4.7.0/mcpu-430x/mmpy-16/libgcc.a(_mul_sf.o)
 .debug_abbrev  0x000002a9      0x22e /usr/local/msp430/bin/../lib/gcc/msp430/4.7.0/mcpu-430x/mmpy-16/libgcc.a(_div_sf.o)
 .debug_abbrev  0x000004d7      0x19e /usr/local/msp430/bin/../lib/gcc/msp430/4.7.0/mcpu-430x/mmpy-16/libgcc.a(_si_to_sf.o)
 .debug_abbrev  0x00000675      0x194 /usr/local/msp430/bin/../lib/gcc/msp430/4.7.0/mcpu-430x/mmpy-16/libgcc.a(_sf_to_si.o)
 .debug_abbrev  0x00000809       0xc5 /usr/local/msp430/bin/../lib/gcc/msp430/4.7.0/mcpu-430x/mmpy-16/libgcc.a(_thenan_sf.o)
 .debug_abbrev  0x000008ce       0xaf /usr/local/msp430/bin/../lib/gcc/msp430/4.7.0/mcpu-430x/mmpy-16/libgcc.a(_clzsi2.o)
 .debug_abbrev  0x0000097d      0x197 /usr/local/msp430/bin/../lib/gcc/msp430/4.7.0/mcpu-430x/mmpy-16/libgcc.a(_pack_sf.o)