Archive member included because of file (symbol)

contiki-z1.a(rimeaddr.o)      RPLSender.co (rimeaddr_copy)
contiki-z1.a(rime.o)          obj_z1/contiki-z1-main.o (rime_driver)
contiki-z1.a(announcement.o)  contiki-z1.a(rime.o) (announcement_init)
contiki-z1.a(broadcast-annou)
                              contiki-z1.a(rime.o) (broadcast_announcement_init)
contiki-z1.a(broadcast.o)     RPLSender.co (broadcast_open)
contiki-z1.a(runicast.o)      RPLSender.co (runicast_open)
contiki-z1.a(abc.o)           contiki-z1.a(broadcast.o) (abc_open)
contiki-z1.a(chameleon.o)     contiki-z1.a(rime.o) (chameleon_init)
contiki-z1.a(channel.o)       contiki-z1.a(chameleon.o) (channel_init)
contiki-z1.a(chameleon-bitop)
                              contiki-z1.a(chameleon.o) (chameleon_bitopt)
contiki-z1.a(csma.o)          obj_z1/contiki-z1-main.o (csma_driver)
contiki-z1.a(contikimac.o)    obj_z1/contiki-z1-main.o (contikimac_driver)
contiki-z1.a(phase.o)         contiki-z1.a(contikimac.o) (phase_update)
contiki-z1.a(process.o)       obj_z1/contiki-z1-main.o (process_init)
contiki-z1.a(autostart.o)     obj_z1/contiki-z1-main.o (autostart_start)
contiki-z1.a(compower.o)      contiki-z1.a(contikimac.o) (compower_idle_activity)
contiki-z1.a(serial-line.o)   obj_z1/contiki-z1-main.o (serial_line_input_byte)
contiki-z1.a(memb.o)          RPLSender.co (memb_init)
contiki-z1.a(timer.o)         contiki-z1.a(phase.o) (timer_set)
contiki-z1.a(list.o)          RPLSender.co (list_init)
contiki-z1.a(etimer.o)        obj_z1/contiki-z1-main.o (etimer_process)
contiki-z1.a(ctimer.o)        obj_z1/contiki-z1-main.o (ctimer_init)
contiki-z1.a(energest.o)      obj_z1/contiki-z1-main.o (energest_init)
contiki-z1.a(rtimer.o)        obj_z1/contiki-z1-main.o (rtimer_init)
contiki-z1.a(random.o)        RPLSender.co (random_rand)
contiki-z1.a(ringbuf.o)       contiki-z1.a(serial-line.o) (ringbuf_init)
contiki-z1.a(nbr-table.o)     contiki-z1.a(phase.o) (nbr_table_register)
contiki-z1.a(packetbuf.o)     contiki-z1.a(contikimac.o) (packetbuf_hdr_remove)
contiki-z1.a(queuebuf.o)      contiki-z1.a(rime.o) (queuebuf_init)
contiki-z1.a(contiki-z1-plat)
                              obj_z1/contiki-z1-main.o (init_platform)
contiki-z1.a(msp430.o)        obj_z1/contiki-z1-main.o (msp430_cpu_init)
contiki-z1.a(leds.o)          obj_z1/contiki-z1-main.o (leds_init)
contiki-z1.a(watchdog.o)      obj_z1/contiki-z1-main.o (watchdog_start)
contiki-z1.a(xmem.o)          obj_z1/contiki-z1-main.o (xmem_init)
contiki-z1.a(spi.o)           contiki-z1.a(xmem.o) (spi_init)
contiki-z1.a(cc2420.o)        obj_z1/contiki-z1-main.o (cc2420_set_pan_addr)
contiki-z1.a(cc2420-arch.o)   contiki-z1.a(cc2420.o) (cc2420_arch_init)
contiki-z1.a(node-id.o)       obj_z1/contiki-z1-main.o (node_id_restore)
contiki-z1.a(sensors.o)       contiki-z1.a(contiki-z1-plat) (sensors_process)
contiki-z1.a(button-sensor.o)
                              obj_z1/contiki-z1-main.o (button_sensor)
contiki-z1.a(uart0.o)         obj_z1/contiki-z1-main.o (uart0_active)
contiki-z1.a(uart0-putchar.o)
                              obj_z1/contiki-z1-main.o (putchar)
contiki-z1.a(adxl345.o)       obj_z1/contiki-z1-main.o (accm_init)
contiki-z1.a(clock.o)         contiki-z1.a(timer.o) (clock_time)
contiki-z1.a(leds-arch.o)     contiki-z1.a(leds.o) (leds_arch_init)
contiki-z1.a(rtimer-arch.o)   contiki-z1.a(rtimer.o) (rtimer_arch_init)
contiki-z1.a(stunicast.o)     contiki-z1.a(runicast.o) (stunicast_open)
contiki-z1.a(mac.o)           contiki-z1.a(csma.o) (mac_call_sent_callback)
contiki-z1.a(framer-802154.o)
                              contiki-z1.a(contikimac.o) (framer_802154)
contiki-z1.a(i2cmaster.o)     contiki-z1.a(adxl345.o) (i2c_receiveinit)
contiki-z1.a(unicast.o)       contiki-z1.a(stunicast.o) (unicast_open)
contiki-z1.a(frame802154.o)   contiki-z1.a(framer-802154.o) (frame802154_hdrlen)
/usr/local/msp430/bin/../lib/gcc/msp430/4.7.0/mcpu-430x/mmpy-16/libgcc.a(_mulsi3.o)
                              contiki-z1.a(csma.o) (__mulsi3)
/usr/local/msp430/bin/../lib/gcc/msp430/4.7.0/mcpu-430x/mmpy-16/libgcc.a(_udivmod16.o)
                              RPLSender.co (__umodhi3)
/usr/local/msp430/bin/../lib/gcc/msp430/4.7.0/mcpu-430x/mmpy-16/libgcc.a(_divmod16.o)
                              contiki-z1.a(nbr-table.o) (__divhi3)
/usr/local/msp430/bin/../lib/gcc/msp430/4.7.0/mcpu-430x/mmpy-16/libgcc.a(_udivmod32.o)
                              obj_z1/contiki-z1-main.o (__udivsi3)
/usr/local/msp430/bin/../lib/gcc/msp430/4.7.0/mcpu-430x/mmpy-16/libgcc.a(_mul_sf.o)
                              RPLSender.co (__mulsf3)
/usr/local/msp430/bin/../lib/gcc/msp430/4.7.0/mcpu-430x/mmpy-16/libgcc.a(_div_sf.o)
                              RPLSender.co (__divsf3)
/usr/local/msp430/bin/../lib/gcc/msp430/4.7.0/mcpu-430x/mmpy-16/libgcc.a(_si_to_sf.o)
                              RPLSender.co (__floatsisf)
/usr/local/msp430/bin/../lib/gcc/msp430/4.7.0/mcpu-430x/mmpy-16/libgcc.a(_sf_to_si.o)
[...]
Memory Configuration

Name             Origin             Length             Attributes
sfr              0x00000000         0x00000010
peripheral_8bit  0x00000010         0x000000f0
peripheral_16bit 0x00000100         0x00000100
ram_mirror       0x00000200         0x00000800         xw
infomem          0x00001000         0x00000100
infod            0x00001000         0x00000040
infoc            0x00001040         0x00000040
infob            0x00001080         0x00000040
infoa            0x000010c0         0x00000040
ram              0x00001100         0x00002000         xw
rom              0x00003100         0x0000cebe         xr
vectors          0x0000ffc0         0x00000040
far_rom          0x00010000         0x0000a000
bsl              0x00000000         0x00000000
ram2             0x00000000         0x00000000         xw
usbram           0x00000000         0x00000000         xw
*default*        0x00000000         0xffffffff

Linker script and memory map

LOAD /usr/local/msp430/bin/../lib/gcc/msp430/4.7.0/mcpu-430x/mmpy-16/crt0ivtbl32.o
                0x00000041                __P1SEL2 = 0x41
                0x00000045                __P5SEL2 = 0x45
LOAD RPLSender.co
LOAD obj_z1/contiki-z1-main.o
LOAD contiki-z1.a
LOAD /usr/local/msp430/bin/../lib/gcc/msp430/4.7.0/mcpu-430x/mmpy-16/libgcc.a
LOAD /usr/local/msp430/bin/../lib/gcc/msp430/4.7.0/../../../../msp430/lib/mcpu-430x/mmpy-16/libc.a
LOAD /usr/local/msp430/bin/../lib/gcc/msp430/4.7.0/mcpu-430x/mmpy-16/libgcc.a
LOAD /usr/local/msp430/bin/../lib/gcc/msp430/4.7.0/mcpu-430x/mmpy-16/libcrt0.a
                0x00000040                PROVIDE (__info_segment_size, 0x40)
                0x00001000                PROVIDE (__infod, 0x1000)
                0x00001040                PROVIDE (__infoc, 0x1040)
                0x00001080                PROVIDE (__infob, 0x1080)
                0x000010c0                PROVIDE (__infoa, 0x10c0)
                0x00000000                __IE1 = 0x0
                0x00000002                __IFG1 = 0x2
                0x00000001                __IE2 = 0x1
                0x00000003                __IFG2 = 0x3
                0x00000006                __UC1IE = 0x6
                0x00000007                __UC1IFG = 0x7
                0x000001a0                __ADC12CTL0 = 0x1a0
                0x000001a2                __ADC12CTL1 = 0x1a2
                0x000001a4                __ADC12IFG = 0x1a4
                0x000001a6                __ADC12IE = 0x1a6
                0x000001a8                __ADC12IV = 0x1a8
                0x00000140                __ADC12MEM0 = 0x140
                0x00000142                __ADC12MEM1 = 0x142
                0x00000144                __ADC12MEM2 = 0x144
                0x00000146                __ADC12MEM3 = 0x146
                0x00000148                __ADC12MEM4 = 0x148
                0x0000014a                __ADC12MEM5 = 0x14a
                0x0000014c                __ADC12MEM6 = 0x14c
                0x0000014e                __ADC12MEM7 = 0x14e
                0x00000150                __ADC12MEM8 = 0x150
                0x00000152                __ADC12MEM9 = 0x152
                0x00000154                __ADC12MEM10 = 0x154
                0x00000156                __ADC12MEM11 = 0x156
                0x00000158                __ADC12MEM12 = 0x158
                0x0000015a                __ADC12MEM13 = 0x15a
                0x0000015c                __ADC12MEM14 = 0x15c
                0x0000015e                __ADC12MEM15 = 0x15e
                0x00000080                __ADC12MCTL0 = 0x80
                0x00000081                __ADC12MCTL1 = 0x81
                0x00000082                __ADC12MCTL2 = 0x82
                0x00000083                __ADC12MCTL3 = 0x83
                0x00000084                __ADC12MCTL4 = 0x84
                0x00000085                __ADC12MCTL5 = 0x85
                0x00000086                __ADC12MCTL6 = 0x86
                0x00000087                __ADC12MCTL7 = 0x87
                0x00000088                __ADC12MCTL8 = 0x88
                0x00000089                __ADC12MCTL9 = 0x89
                0x0000008a                __ADC12MCTL10 = 0x8a
                0x0000008b                __ADC12MCTL11 = 0x8b
                0x0000008c                __ADC12MCTL12 = 0x8c
                0x0000008d                __ADC12MCTL13 = 0x8d
                0x0000008e                __ADC12MCTL14 = 0x8e
                0x0000008f                __ADC12MCTL15 = 0x8f
                0x00000056                __DCOCTL = 0x56
                0x00000057                __BCSCTL1 = 0x57
                0x00000058                __BCSCTL2 = 0x58
                0x00000053                __BCSCTL3 = 0x53
                0x00000059                __CACTL1 = 0x59
                0x0000005a                __CACTL2 = 0x5a
                0x0000005b                __CAPD = 0x5b
                0x000001c0                __DAC12_0CTL = 0x1c0
                0x000001c2                __DAC12_1CTL = 0x1c2
                0x000001c8                __DAC12_0DAT = 0x1c8
                0x000001ca                __DAC12_1DAT = 0x1ca
                0x00000122                __DMACTL0 = 0x122
                0x00000124                __DMACTL1 = 0x124
                0x00000126                __DMAIV = 0x126
                0x000001d0                __DMA0CTL = 0x1d0
                0x000001dc                __DMA1CTL = 0x1dc
                0x000001e8                __DMA2CTL = 0x1e8
                0x000001d2                __DMA0SA = 0x1d2
                0x000001d2                __DMA0SAL = 0x1d2
                0x000001d6                __DMA0DA = 0x1d6
                0x000001d6                __DMA0DAL = 0x1d6
                0x000001da                __DMA0SZ = 0x1da
                0x000001de                __DMA1SA = 0x1de
                0x000001de                __DMA1SAL = 0x1de
                0x000001e2                __DMA1DA = 0x1e2
                0x000001e2                __DMA1DAL = 0x1e2
                0x000001e6                __DMA1SZ = 0x1e6
                0x000001ea                __DMA2SA = 0x1ea
                0x000001ea                __DMA2SAL = 0x1ea
                0x000001ee                __DMA2DA = 0x1ee
                0x000001ee                __DMA2DAL = 0x1ee
                0x000001f2                __DMA2SZ = 0x1f2
                0x00000128                __FCTL1 = 0x128
                0x0000012a                __FCTL2 = 0x12a
                0x0000012c                __FCTL3 = 0x12c
                0x000001be                __FCTL4 = 0x1be
                0x00000130                __MPY = 0x130
                0x00000132                __MPYS = 0x132
                0x00000134                __MAC = 0x134
                0x00000136                __MACS = 0x136
                0x00000138                __OP2 = 0x138
                0x0000013a                __RESLO = 0x13a
                0x0000013c                __RESHI = 0x13c
                0x0000013e                __SUMEXT = 0x13e
                0x00000020                __P1IN = 0x20
                0x00000021                __P1OUT = 0x21
                0x00000022                __P1DIR = 0x22
                0x00000023                __P1IFG = 0x23
                0x00000024                __P1IES = 0x24
                0x00000025                __P1IE = 0x25
                0x00000026                __P1SEL = 0x26
                0x00000027                __P1REN = 0x27
                0x00000028                __P2IN = 0x28
                0x00000029                __P2OUT = 0x29
                0x0000002a                __P2DIR = 0x2a
                0x0000002b                __P2IFG = 0x2b
                0x0000002c                __P2IES = 0x2c
                0x0000002d                __P2IE = 0x2d
                0x0000002e                __P2SEL = 0x2e
                0x0000002f                __P2REN = 0x2f
                0x00000018                __P3IN = 0x18
                0x00000019                __P3OUT = 0x19
                0x0000001a                __P3DIR = 0x1a
                0x0000001b                __P3SEL = 0x1b
                0x00000010                __P3REN = 0x10
                0x0000001c                __P4IN = 0x1c
                0x0000001d                __P4OUT = 0x1d
                0x0000001e                __P4DIR = 0x1e
                0x0000001f                __P4SEL = 0x1f
                0x00000011                __P4REN = 0x11
                0x00000030                __P5IN = 0x30
                0x00000031                __P5OUT = 0x31
                0x00000032                __P5DIR = 0x32
                0x00000033                __P5SEL = 0x33
                0x00000012                __P5REN = 0x12
                0x00000034                __P6IN = 0x34
                0x00000035                __P6OUT = 0x35
                0x00000036                __P6DIR = 0x36
                0x00000037                __P6SEL = 0x37
                0x00000013                __P6REN = 0x13
                0x00000038                __P7IN = 0x38
                0x0000003a                __P7OUT = 0x3a
                0x0000003c                __P7DIR = 0x3c
                0x0000003e                __P7SEL = 0x3e
                0x00000014                __P7REN = 0x14
                0x00000039                __P8IN = 0x39
                0x0000003b                __P8OUT = 0x3b
                0x0000003d                __P8DIR = 0x3d
                0x0000003f                __P8SEL = 0x3f
                0x00000015                __P8REN = 0x15
                0x00000038                __PAIN = 0x38
                0x0000003a                __PAOUT = 0x3a
                0x0000003c                __PADIR = 0x3c
                0x0000003e                __PASEL = 0x3e
                0x00000014                __PAREN = 0x14
                0x00000055                __SVSCTL = 0x55
                0x0000012e                __TAIV = 0x12e
                0x00000160                __TACTL = 0x160
                0x00000162                __TACCTL0 = 0x162
                0x00000164                __TACCTL1 = 0x164
                0x00000166                __TACCTL2 = 0x166
                0x00000170                __TAR = 0x170
                0x00000172                __TACCR0 = 0x172
                0x00000174                __TACCR1 = 0x174
                0x00000176                __TACCR2 = 0x176
                0x0000011e                __TBIV = 0x11e
                0x00000180                __TBCTL = 0x180
                0x00000182                __TBCCTL0 = 0x182
                0x00000184                __TBCCTL1 = 0x184
                0x00000186                __TBCCTL2 = 0x186
                0x00000188                __TBCCTL3 = 0x188
                0x0000018a                __TBCCTL4 = 0x18a
                0x0000018c                __TBCCTL5 = 0x18c
                0x0000018e                __TBCCTL6 = 0x18e
                0x00000190                __TBR = 0x190
                0x00000192                __TBCCR0 = 0x192
                0x00000194                __TBCCR1 = 0x194
                0x00000196                __TBCCR2 = 0x196
                0x00000198                __TBCCR3 = 0x198
                0x0000019a                __TBCCR4 = 0x19a
                0x0000019c                __TBCCR5 = 0x19c
                0x0000019e                __TBCCR6 = 0x19e
                0x00000060                __UCA0CTL0 = 0x60
                0x00000061                __UCA0CTL1 = 0x61
                0x00000062                __UCA0BR0 = 0x62
                0x00000063                __UCA0BR1 = 0x63
                0x00000064                __UCA0MCTL = 0x64
                0x00000065                __UCA0STAT = 0x65
                0x00000066                __UCA0RXBUF = 0x66
                0x00000067                __UCA0TXBUF = 0x67
                0x0000005d                __UCA0ABCTL = 0x5d
                0x0000005e                __UCA0IRTCTL = 0x5e
                0x0000005f                __UCA0IRRCTL = 0x5f
                0x00000068                __UCB0CTL0 = 0x68
                0x00000069                __UCB0CTL1 = 0x69
                0x0000006a                __UCB0BR0 = 0x6a
                0x0000006b                __UCB0BR1 = 0x6b
                0x0000006c                __UCB0I2CIE = 0x6c
                0x0000006d                __UCB0STAT = 0x6d
                0x0000006e                __UCB0RXBUF = 0x6e
                0x0000006f                __UCB0TXBUF = 0x6f
                0x00000118                __UCB0I2COA = 0x118
                0x0000011a                __UCB0I2CSA = 0x11a
                0x000000d0                __UCA1CTL0 = 0xd0
                0x000000d1                __UCA1CTL1 = 0xd1
                0x000000d2                __UCA1BR0 = 0xd2
                0x000000d3                __UCA1BR1 = 0xd3
                0x000000d4                __UCA1MCTL = 0xd4
                0x000000d5                __UCA1STAT = 0xd5
                0x000000d6                __UCA1RXBUF = 0xd6
                0x000000d7                __UCA1TXBUF = 0xd7
                0x000000cd                __UCA1ABCTL = 0xcd
                0x000000ce                __UCA1IRTCTL = 0xce
                0x000000cf                __UCA1IRRCTL = 0xcf
                0x000000d8                __UCB1CTL0 = 0xd8
                0x000000d9                __UCB1CTL1 = 0xd9
                0x000000da                __UCB1BR0 = 0xda
                0x000000db                __UCB1BR1 = 0xdb
                0x000000dc                __UCB1I2CIE = 0xdc
                0x000000dd                __UCB1STAT = 0xdd
                0x000000de                __UCB1RXBUF = 0xde
                0x000000df                __UCB1TXBUF = 0xdf
                0x0000017c                __UCB1I2COA = 0x17c
                0x0000017e                __UCB1I2CSA = 0x17e
                0x00000120                __WDTCTL = 0x120
                0x000010c0                __TLV_CHECKSUM = 0x10c0
                0x000010f6                __TLV_DCO_30_TAG = 0x10f6
                0x000010f7                __TLV_DCO_30_LEN = 0x10f7
                0x000010da                __TLV_ADC12_1_TAG = 0x10da
                0x000010db                __TLV_ADC12_1_LEN = 0x10db
                0x000010f8                __CALDCO_16MHZ = 0x10f8
                0x000010f9                __CALBC1_16MHZ = 0x10f9
                0x000010fa                __CALDCO_12MHZ = 0x10fa
                0x000010fb                __CALBC1_12MHZ = 0x10fb
                0x000010fc                __CALDCO_8MHZ = 0x10fc
                0x000010fd                __CALBC1_8MHZ = 0x10fd
                0x000010fe                __CALDCO_1MHZ = 0x10fe
                0x000010ff                __CALBC1_1MHZ = 0x10ff

.hash
 *(.hash)

.dynsym
 *(.dynsym)

.dynstr
 *(.dynstr)

.gnu.version
 *(.gnu.version)

.gnu.version_d
 *(.gnu.version_d)

.gnu.version_r
 *(.gnu.version_r)

.rel.init
 *(.rel.init)

.rela.init
 *(.rela.init)

.rel.fini
 *(.rel.fini)

.rela.fini
 *(.rela.fini)

.rel.text
 *(.rel.text .rel.text.* .rel.gnu.linkonce.t.*)

.rela.text
 *(.rela.text .rela.text.* .rela.gnu.linkonce.t.*)

.rel.rodata
 *(.rel.rodata .rel.rodata.* .rel.gnu.linkonce.r.*)

.rela.rodata
 *(.rela.rodata .rela.rodata.* .rela.gnu.linkonce.r.*)

.rel.data
 *(.rel.data .rel.data.* .rel.gnu.linkonce.d.*)

.rela.data
 *(.rela.data .rela.data.* .rela.gnu.linkonce.d.*)

.rel.bss
 *(.rel.bss .rel.bss.* .rel.gnu.linkonce.b.*)

.rela.bss
 *(.rela.bss .rela.bss.* .rela.gnu.linkonce.b.*)

.rel.ctors
 *(.rel.ctors)

.rela.ctors
 *(.rela.ctors)

.rel.dtors
 *(.rel.dtors)

.rela.dtors
 *(.rela.dtors)

.rel.got
 *(.rel.got)

.rela.got
 *(.rela.got)

.rel.plt
 *(.rel.plt)

.rela.plt
 *(.rela.plt)

.text           0x00003100     0x6e12
                0x00003100                . = ALIGN (0x2)
 *(.init .init.*)
 *(.init0)
 .init0         0x00003100        0x0 /usr/local/msp430/bin/../lib/gcc/msp430/4.7.0/mcpu-430x/mmpy-16/libcrt0.a(_reset_vector__.o)
                0x00003100                _reset_vector__
 *(.init1)
 .init1         0x00003100        0xc /usr/local/msp430/bin/../lib/gcc/msp430/4.7.0/mcpu-430x/mmpy-16/libcrt0.a(__watchdog_support.o)
                0x00003100                __watchdog_support
 *(.init2)
 .init2         0x0000310c        0x4 /usr/local/msp430/bin/../lib/gcc/msp430/4.7.0/mcpu-430x/mmpy-16/libcrt0.a(__init_stack.o)
                0x0000310c                __init_stack
 *(.init3)
 .init3         0x00003110        0x0 /usr/local/msp430/bin/../lib/gcc/msp430/4.7.0/mcpu-430x/mmpy-16/libcrt0.a(__low_level_init.o)
                0x00003110                __low_level_init
 *(.init4)
 .init4         0x00003110       0x18 /usr/local/msp430/bin/../lib/gcc/msp430/4.7.0/mcpu-430x/mmpy-16/libcrt0.a(_copy_data.o)
                0x00003110                __do_copy_data
 .init4         0x00003128       0x16 /usr/local/msp430/bin/../lib/gcc/msp430/4.7.0/mcpu-430x/mmpy-16/libcrt0.a(_clear_bss.o)
                0x00003128                __do_clear_bss
 *(.init5)
 *(.init6)
 *(.init7)
 *(.init8)
 *(.init9)
 .init9         0x0000313e      0x2fa obj_z1/contiki-z1-main.o
                0x0000313e                main
 *(.fini9)
 .fini9         0x00003438        0x0 /usr/local/msp430/bin/../lib/gcc/msp430/4.7.0/mcpu-430x/mmpy-16/libcrt0.a(__stop_progExec__.o)
                0x00003438                __stop_progExec__
 *(.fini8)
 *(.fini7)
 *(.fini6)
 *(.fini5)
 *(.fini4)
 *(.fini3)
 *(.fini2)
 *(.fini1)
 *(.fini0)
 .fini0         0x00003438        0x6 /usr/local/msp430/bin/../lib/gcc/msp430/4.7.0/mcpu-430x/mmpy-16/libcrt0.a(_endless_loop__.o)
                0x00003438                _endless_loop__
 *(.fini .fini.*)
                0x0000343e                . = ALIGN (0x2)
                0x0000343e                __ctors_start = .
 *(.ctors)
                0x0000343e                __ctors_end = .
                0x0000343e                __dtors_start = .
 *(.dtors)
                0x0000343e                __dtors_end = .
                0x0000343e                . = ALIGN (0x2)
 *(.text .text.* .gnu.linkonce.t.*)
 .text          0x0000343e        0x4 /usr/local/msp430/bin/../lib/gcc/msp430/4.7.0/mcpu-430x/mmpy-16/crt0ivtbl32.o
                0x0000343e                __isr_14
                0x0000343e                __isr_4
                0x0000343e                __isr_29
                0x0000343e                __isr_11
                0x0000343e                __isr_5
                0x0000343e                __isr_2
                0x0000343e                __isr_10
                0x0000343e                __isr_7
                0x0000343e                __isr_0
                0x0000343e                __isr_28
                0x0000343e                __isr_8
                0x0000343e                __isr_20
                0x0000343e                __isr_3
                0x0000343e                __isr_12
                0x0000343e                __isr_13
                0x0000343e                __isr_27
                0x0000343e                __isr_9
                0x0000343e                __isr_30
                0x0000343e                __isr_6
                0x0000343e                __isr_22
                0x0000343e                __isr_1
                0x0000343e                __isr_15
                0x0000343e                __isr_21
 .text.crt0     0x00003442        0x0 /usr/local/msp430/bin/../lib/gcc/msp430/4.7.0/mcpu-430x/mmpy-16/crt0ivtbl32.o
 .text          0x00003442      0x990 RPLSender.co
                0x00003488                timedout_runicastData
                0x000034b2                sent_runicastData
                0x000034cc                sent_runicast
                0x00003782                broadcast_recv
                0x0000398a                recv_runicastData
                0x00003a4c                recv_runicast
                0x00003bf4                printDPKT
                0x00003c44                generateData
                0x00003d2c                remove_child
                0x00003d8a                timedout_runicast
 .text          0x00003dd2        0x6 obj_z1/contiki-z1-main.o
                0x00003dd2                uip_log
 .text          0x00003dd8       0x2a contiki-z1.a(rimeaddr.o)
                0x00003dd8                rimeaddr_copy
                0x00003de4                rimeaddr_cmp
                0x00003df6                rimeaddr_set_node_addr
 .text          0x00003e02       0xd8 contiki-z1.a(rime.o)
                0x00003e9e                rime_sniffer_add
                0x00003eaa                rime_sniffer_remove
                0x00003eb6                rime_output
 .text          0x00003eda      0x114 contiki-z1.a(announcement.o)
                0x00003eda                announcement_init
                0x00003ee4                announcement_register
                0x00003f1e                announcement_remove
                0x00003f2a                announcement_remove_value
                0x00003f4c                announcement_set_value
                0x00003f74                announcement_bump
                0x00003f96                announcement_listen
                0x00003fa2                announcement_register_listen_callback
                0x00003fa8                announcement_register_observer_callback
                0x00003fae                announcement_list
                0x00003fb8                announcement_heard
 .text          0x00003fee      0x1bc contiki-z1.a(broadcast-annou)
                0x0000413a                broadcast_announcement_init
                0x0000417e                broadcast_announcement_stop
                0x000041a0                broadcast_announcement_beacon_interval
 .text          0x000041aa       0x78 contiki-z1.a(broadcast.o)
                0x000041e0                broadcast_open
                0x00004202                broadcast_close
                0x00004208                broadcast_send
 .text          0x00004222      0x16a contiki-z1.a(runicast.o)
                0x0000430a                runicast_open
                0x00004338                runicast_close
                0x0000433e                runicast_is_transmitting
                0x00004344                runicast_send
 .text          0x0000438c       0x48 contiki-z1.a(abc.o)
                0x0000438c                abc_open
                0x000043aa                abc_close
                0x000043b0                abc_send
                0x000043b6                abc_input
                0x000043c4                abc_sent
 .text          0x000043d4       0x38 contiki-z1.a(chameleon.o)
                0x000043d4                chameleon_init
                0x000043da                chameleon_parse
                0x000043ea                chameleon_create
                0x00004406                chameleon_hdrsize
 .text          0x0000440c       0x66 contiki-z1.a(channel.o)
                0x0000440c                channel_init
                0x00004416                channel_open
                0x00004426                channel_close
                0x00004432                channel_lookup
                0x00004452                channel_set_attributes
 .text          0x00004472      0x2ec contiki-z1.a(chameleon-bitop)
                0x00004488                get_bits_in_byte
                0x000044be                get_bits
                0x000045fc                set_bits_in_byte
                0x00004626                set_bits
 .text          0x0000475e      0x358 contiki-z1.a(csma.o)
 .text          0x00004ab6      0x762 contiki-z1.a(contikimac.o)
                0x00005214                contikimac_debug_print
 .text          0x00005218      0x1b8 contiki-z1.a(phase.o)
                0x0000525c                phase_update
                0x000052e2                phase_wait
                0x000053bc                phase_init
 .text          0x000053d0      0x2a0 contiki-z1.a(process.o)
                0x000054cc                process_alloc_event
                0x000054da                process_exit
                0x000054e4                process_init
                0x00005500                process_run
                0x000055a4                process_nevents
                0x000055b2                process_post
                0x00005602                process_post_synch
                0x00005614                process_start
                0x0000564a                process_poll
                0x00005662                process_is_running
 .text          0x00005670       0x2a contiki-z1.a(autostart.o)
                0x00005670                autostart_start
                0x00005686                autostart_exit
 .text          0x0000569a       0xbe contiki-z1.a(compower.o)
                0x0000569a                compower_init
                0x000056ac                compower_accumulate
                0x00005716                compower_clear
                0x00005728                compower_attrconv
                0x00005738                compower_accumulate_attrs
 .text          0x00005758      0x104 contiki-z1.a(serial-line.o)
                0x000057f6                serial_line_input_byte
                0x00005840                serial_line_init
 .text          0x0000585c       0xd8 contiki-z1.a(memb.o)
                0x0000585c                memb_init
                0x00005892                memb_alloc
                0x000058d0                memb_free
                0x0000590a                memb_inmemb
 .text          0x00005934       0x8c contiki-z1.a(timer.o)
                0x00005934                timer_set
                0x00005950                timer_reset
                0x0000595e                timer_restart
                0x00005972                timer_expired
                0x0000599c                timer_remaining
 .text          0x000059c0       0xec contiki-z1.a(list.o)
                0x000059c0                list_init
                0x000059c6                list_head
                0x000059ca                list_copy
                0x000059d0                list_tail
                0x000059e2                list_chop
                0x000059fc                list_pop
                0x00005a0a                list_remove
                0x00005a3e                list_push
                0x00005a54                list_add
                0x00005a7a                list_length
                0x00005a8a                list_insert
                0x00005aa0                list_item_next
 .text          0x00005aac      0x258 contiki-z1.a(etimer.o)
                0x00005b1c                etimer_request_poll
                0x00005c2a                etimer_set
                0x00005c3c                etimer_reset
                0x00005c4e                etimer_restart
                0x00005c60                etimer_adjust
                0x00005c7a                etimer_expired
                0x00005c88                etimer_expiration_time
                0x00005c9c                etimer_start_time
                0x00005ca4                etimer_pending
                0x00005cb0                etimer_next_expiration_time
                0x00005cc6                etimer_stop
 .text          0x00005d04      0x1ce contiki-z1.a(ctimer.o)
                0x00005da4                ctimer_init
                0x00005dbc                ctimer_set
                0x00005e0e                ctimer_reset
                0x00005e44                ctimer_restart
                0x00005e7a                ctimer_stop
                0x00005ea2                ctimer_expired
 .text          0x00005ed2       0xaa contiki-z1.a(energest.o)
                0x00005ed2                energest_init
                0x00005ef6                energest_type_time
                0x00005f32                energest_leveldevice_leveltime
                0x00005f38                energest_type_set
                0x00005f44                energest_flush
 .text          0x00005f7c       0x50 contiki-z1.a(rtimer.o)
                0x00005f7c                rtimer_init
                0x00005f82                rtimer_set
                0x00005fa6                rtimer_run_next
 .text          0x00005fcc        0xc contiki-z1.a(random.o)
                0x00005fcc                random_init
                0x00005fd2                random_rand
 .text          0x00005fd8       0x94 contiki-z1.a(ringbuf.o)
                0x00005fd8                ringbuf_init
                0x00005fec                ringbuf_put
                0x00006024                ringbuf_get
                0x00006052                ringbuf_size
                0x0000605a                ringbuf_elements
 .text          0x0000606c      0x34c contiki-z1.a(nbr-table.o)
                0x0000617e                nbr_table_register
                0x000061a4                nbr_table_next
                0x000061e8                nbr_table_head
                0x0000621e                nbr_table_add_lladdr
                0x0000632e                nbr_table_get_from_lladdr
                0x00006356                nbr_table_remove
                0x00006380                nbr_table_lock
                0x00006390                nbr_table_unlock
                0x000063a0                nbr_table_get_lladdr
 .text          0x000063b8      0x216 contiki-z1.a(packetbuf.o)
                0x000063b8                packetbuf_clear_hdr
                0x000063c0                packetbuf_copyto_hdr
                0x000063dc                packetbuf_copyto
                0x00006422                packetbuf_hdr_remove
                0x00006428                packetbuf_hdrreduce
                0x00006442                packetbuf_set_datalen
                0x00006448                packetbuf_dataptr
                0x00006456                packetbuf_hdrptr
                0x00006460                packetbuf_is_reference
                0x0000646e                packetbuf_compact
                0x000064b6                packetbuf_reference_ptr
                0x000064bc                packetbuf_datalen
                0x000064c2                packetbuf_hdrlen
                0x000064cc                packetbuf_totlen
                0x000064dc                packetbuf_hdralloc
                0x00006506                packetbuf_attr_clear
                0x00006532                packetbuf_clear
                0x0000654c                packetbuf_reference
                0x00006562                packetbuf_copyfrom
                0x0000658c                packetbuf_attr_copyto
                0x000065ac                packetbuf_attr_copyfrom
 .text          0x000065ce      0x1a6 contiki-z1.a(queuebuf.o)
                0x000065ce                queuebuf_init
                0x000065e8                queuebuf_new_from_packetbuf
                0x00006662                queuebuf_update_attr_from_packetbuf
                0x00006674                queuebuf_free
                0x000066b4                queuebuf_to_packetbuf
                0x0000671e                queuebuf_dataptr
                0x00006750                queuebuf_datalen
                0x00006756                queuebuf_addr
                0x00006764                queuebuf_attr
                0x00006772                queuebuf_debug_print
 .text          0x00006774        0xc contiki-z1.a(contiki-z1-plat)
                0x00006774                init_platform
 .text          0x00006780       0xd2 contiki-z1.a(msp430.o)
                0x00006780                msp430_init_dco
                0x000067a8                msp430_quick_synch_dco
                0x00006824                msp430_cpu_init
                0x0000684a                splhigh_
 .text          0x00006852      0x168 contiki-z1.a(leds.o)
                0x0000694a                leds_init
                0x00006958                leds_get
                0x0000695e                leds_on
                0x00006972                leds_off
                0x00006986                leds_invert
                0x00006990                leds_toggle
                0x00006996                leds_blink
 .text          0x000069ba       0x54 contiki-z1.a(watchdog.o)
                0x000069ba                watchdog_start
                0x000069ce                watchdog_periodic
                0x000069e0                watchdog_stop
                0x000069f6                watchdog_init
                0x00006a08                watchdog_reboot
 .text          0x00006a0e      0x30a contiki-z1.a(xmem.o)
                0x00006a7a                xmem_init
                0x00006a98                xmem_pread
                0x00006b5a                xmem_pwrite
                0x00006c6e                xmem_erase
 .text          0x00006d18       0x32 contiki-z1.a(spi.o)
                0x00006d18                spi_init
 .text          0x00006d4a      0x9d8 contiki-z1.a(cc2420.o)
                0x00007046                cc2420_on
                0x00007068                cc2420_off
                0x00007228                cc2420_get_channel
                0x0000722e                cc2420_set_channel
                0x000072a6                cc2420_set_pan_addr
                0x000073c6                cc2420_interrupt
                0x000073e4                cc2420_set_txpower
                0x000073f2                cc2420_get_txpower
                0x000075b8                cc2420_rssi
                0x00007616                cc2420_cca_valid
                0x0000763a                cc2420_set_cca_threshold
                0x00007650                cc2420_init
 .text          0x00007722       0x1a contiki-z1.a(cc2420-arch.o)
                0x00007722                cc2420_arch_init
 .text          0x0000773c       0x96 contiki-z1.a(node-id.o)
                0x0000773c                node_id_restore
                0x00007788                node_id_burn
 .text          0x000077d2      0x156 contiki-z1.a(sensors.o)
                0x00007894                sensors_first
                0x0000789a                sensors_next
                0x000078be                sensors_changed
                0x000078e8                sensors_find
 .text          0x00007928       0x86 contiki-z1.a(button-sensor.o)
 .text          0x000079ae       0x6a contiki-z1.a(uart0.o)
                0x000079ae                uart0_active
                0x000079bc                uart0_set_input
                0x000079c2                uart0_writeb
                0x000079d8                uart0_init
 .text          0x00007a18       0x10 contiki-z1.a(uart0-putchar.o)
                0x00007a18                putchar
 .text          0x00007a28      0x254 contiki-z1.a(adxl345.o)
                0x00007a28                accm_write_reg
                0x00007a56                accm_write_stream
                0x00007a80                accm_read_reg
                0x00007b2a                accm_read_stream
                0x00007b7c                accm_read_axis
                0x00007ba2                accm_set_grange
                0x00007bc6                accm_init
                0x00007c50                accm_set_irq
 .text          0x00007c7c       0xda contiki-z1.a(clock.o)
                0x00007c7c                clock_time
                0x00007c96                clock_set
                0x00007cac                clock_fine_max
                0x00007cb2                clock_fine
                0x00007cbe                clock_init
                0x00007ce6                clock_delay
                0x00007cf2                clock_wait
                0x00007d16                clock_set_seconds
                0x00007d2e                clock_seconds
                0x00007d48                clock_counter
 .text          0x00007d56       0x74 contiki-z1.a(leds-arch.o)
                0x00007d56                leds_arch_init
                0x00007d64                leds_arch_get
                0x00007d92                leds_arch_set
 .text          0x00007dca       0x22 contiki-z1.a(rtimer-arch.o)
                0x00007dca                rtimer_arch_init
                0x00007dd8                rtimer_arch_now
                0x00007de6                rtimer_arch_schedule
 .text          0x00007dec      0x108 contiki-z1.a(stunicast.o)
                0x00007e0a                stunicast_open
                0x00007e20                stunicast_receiver
                0x00007e26                stunicast_set_timer
                0x00007e64                stunicast_send_stubborn
                0x00007ebc                stunicast_send
                0x00007ec2                stunicast_cancel
                0x00007ee2                stunicast_close
 .text          0x00007ef4       0x14 contiki-z1.a(mac.o)
                0x00007ef4                mac_call_sent_callback
 .text          0x00007f08      0x1b2 contiki-z1.a(framer-802154.o)
 .text          0x000080ba       0xfa contiki-z1.a(i2cmaster.o)
                0x000080ba                i2c_receiveinit
                0x000080ee                i2c_transmitinit
                0x0000811c                i2c_receive_n
                0x0000815a                i2c_busy
                0x00008164                i2c_enable
                0x00008186                i2c_disable
                0x000081a0                i2c_transmit_n
 .text          0x000081b4       0x78 contiki-z1.a(unicast.o)
                0x000081ee                unicast_open
                0x00008210                unicast_close
                0x00008216                unicast_send
 .text          0x0000822c      0x366 contiki-z1.a(frame802154.o)
                0x000082b8                frame802154_hdrlen
                0x000082e6                frame802154_create
                0x0000841c                frame802154_parse
 .text          0x00008592        0x0 /usr/local/msp430/bin/../lib/gcc/msp430/4.7.0/mcpu-430x/mmpy-16/libgcc.a(_mulsi3.o)
 .text.libgcc   0x00008592       0x26 /usr/local/msp430/bin/../lib/gcc/msp430/4.7.0/mcpu-430x/mmpy-16/libgcc.a(_mulsi3.o)
                0x00008592                __mulsi3
 .text          0x000085b8        0x0 /usr/local/msp430/bin/../lib/gcc/msp430/4.7.0/mcpu-430x/mmpy-16/libgcc.a(_udivmod16.o)
 .text.libgcc   0x000085b8       0x22 /usr/local/msp430/bin/../lib/gcc/msp430/4.7.0/mcpu-430x/mmpy-16/libgcc.a(_udivmod16.o)
                0x000085b8                __udivhi3
                0x000085b8                __ext_udivmod16
                0x000085d2                __umodhi3
 .text          0x000085da        0x0 /usr/local/msp430/bin/../lib/gcc/msp430/4.7.0/mcpu-430x/mmpy-16/libgcc.a(_divmod16.o)
 .text.libgcc   0x000085da       0x3a /usr/local/msp430/bin/../lib/gcc/msp430/4.7.0/mcpu-430x/mmpy-16/libgcc.a(_divmod16.o)
                0x000085da                __ext_divmod16
                0x000085da                __divhi3
                0x0000860c                __modhi3
 .text          0x00008614        0x0 /usr/local/msp430/bin/../lib/gcc/msp430/4.7.0/mcpu-430x/mmpy-16/libgcc.a(_udivmod32.o)
 .text.libgcc   0x00008614       0x38 /usr/local/msp430/bin/../lib/gcc/msp430/4.7.0/mcpu-430x/mmpy-16/libgcc.a(_udivmod32.o)
                0x00008614                __udivsi3
                0x00008614                __ext_udivmod32
                0x00008642                __umodsi3
 .text          0x0000864c      0x1f2 /usr/local/msp430/bin/../lib/gcc/msp430/4.7.0/mcpu-430x/mmpy-16/libgcc.a(_mul_sf.o)
                0x0000864c                __mulsf3
 .text          0x0000883e      0x142 /usr/local/msp430/bin/../lib/gcc/msp430/4.7.0/mcpu-430x/mmpy-16/libgcc.a(_div_sf.o)
                0x0000883e                __divsf3
 .text          0x00008980       0xa4 /usr/local/msp430/bin/../lib/gcc/msp430/4.7.0/mcpu-430x/mmpy-16/libgcc.a(_si_to_sf.o)
                0x00008980                __floatsisf
 .text          0x00008a24       0x8c /usr/local/msp430/bin/../lib/gcc/msp430/4.7.0/mcpu-430x/mmpy-16/libgcc.a(_sf_to_si.o)
                0x00008a24                __fixsfsi
 .text          0x00008ab0        0x0 /usr/local/msp430/bin/../lib/gcc/msp430/4.7.0/mcpu-430x/mmpy-16/libgcc.a(_thenan_sf.o)
 .text          0x00008ab0       0x6a /usr/local/msp430/bin/../lib/gcc/msp430/4.7.0/mcpu-430x/mmpy-16/libgcc.a(_clzsi2.o)
                0x00008ab0                __clzsi2
 .text          0x00008b1a      0x1c8 /usr/local/msp430/bin/../lib/gcc/msp430/4.7.0/mcpu-430x/mmpy-16/libgcc.a(_pack_sf.o)
                0x00008b1a                __pack_f
 .text          0x00008ce2      0x10c /usr/local/msp430/bin/../lib/gcc/msp430/4.7.0/mcpu-430x/mmpy-16/libgcc.a(_unpack_sf.o)
                0x00008ce2                __unpack_f
 .text          0x00008dee        0x0 /usr/local/msp430/bin/../lib/gcc/msp430/4.7.0/mcpu-430x/mmpy-16/libgcc.a(_clz.o)
 .text          0x00008dee        0x0 /usr/local/msp430/bin/../lib/gcc/msp430/4.7.0/../../../../msp430/lib/mcpu-430x/mmpy-16/libc.a(malloc.o)
 .text.malloc   0x00008dee       0xbe /usr/local/msp430/bin/../lib/gcc/msp430/4.7.0/../../../../msp430/lib/mcpu-430x/mmpy-16/libc.a(malloc.o)
                0x00008dee                malloc
 .text.free     0x00008eac        0x6 /usr/local/msp430/bin/../lib/gcc/msp430/4.7.0/../../../../msp430/lib/mcpu-430x/mmpy-16/libc.a(malloc.o)
                0x00008eac                free
 .text          0x00008eb2        0x0 /usr/local/msp430/bin/../lib/gcc/msp430/4.7.0/../../../../msp430/lib/mcpu-430x/mmpy-16/libc.a(atoi.o)
 .text.atoi     0x00008eb2       0x82 /usr/local/msp430/bin/../lib/gcc/msp430/4.7.0/../../../../msp430/lib/mcpu-430x/mmpy-16/libc.a(atoi.o)
                0x00008eb2                atoi
 .text          0x00008f34        0x0 /usr/local/msp430/bin/../lib/gcc/msp430/4.7.0/../../../../msp430/lib/mcpu-430x/mmpy-16/libc.a(printf.o)
 .text.printf   0x00008f34       0x10 /usr/local/msp430/bin/../lib/gcc/msp430/4.7.0/../../../../msp430/lib/mcpu-430x/mmpy-16/libc.a(printf.o)
                0x00008f34                printf
 .text.vprintf  0x00008f44        0xe /usr/local/msp430/bin/../lib/gcc/msp430/4.7.0/../../../../msp430/lib/mcpu-430x/mmpy-16/libc.a(printf.o)
                0x00008f44                vprintf
 .text          0x00008f52        0x0 /usr/local/msp430/bin/../lib/gcc/msp430/4.7.0/../../../../msp430/lib/mcpu-430x/mmpy-16/libc.a(sprintf.o)
 .text.append   0x00008f52       0x22 /usr/local/msp430/bin/../lib/gcc/msp430/4.7.0/../../../../msp430/lib/mcpu-430x/mmpy-16/libc.a(sprintf.o)
 .text.call_vuprintf
                0x00008f74       0x36 /usr/local/msp430/bin/../lib/gcc/msp430/4.7.0/../../../../msp430/lib/mcpu-430x/mmpy-16/libc.a(sprintf.o)
 .text.sprintf  0x00008faa       0x1c /usr/local/msp430/bin/../lib/gcc/msp430/4.7.0/../../../../msp430/lib/mcpu-430x/mmpy-16/libc.a(sprintf.o)
                0x00008faa                sprintf
 .text.snprintf
                0x00008fc6       0x1a /usr/local/msp430/bin/../lib/gcc/msp430/4.7.0/../../../../msp430/lib/mcpu-430x/mmpy-16/libc.a(sprintf.o)
                0x00008fc6                snprintf
 .text.vsprintf
                0x00008fe0       0x16 /usr/local/msp430/bin/../lib/gcc/msp430/4.7.0/../../../../msp430/lib/mcpu-430x/mmpy-16/libc.a(sprintf.o)
                0x00008fe0                vsprintf
 .text.vsnprintf
                0x00008ff6       0x12 /usr/local/msp430/bin/../lib/gcc/msp430/4.7.0/../../../../msp430/lib/mcpu-430x/mmpy-16/libc.a(sprintf.o)
                0x00008ff6                vsnprintf
 .text          0x00009008        0x0 /usr/local/msp430/bin/../lib/gcc/msp430/4.7.0/../../../../msp430/lib/mcpu-430x/mmpy-16/libc.a(vuprintf.o)
 .text.print_field
                0x00009008      0x176 /usr/local/msp430/bin/../lib/gcc/msp430/4.7.0/../../../../msp430/lib/mcpu-430x/mmpy-16/libc.a(vuprintf.o)
 .text.vuprintf
                0x0000917e      0x740 /usr/local/msp430/bin/../lib/gcc/msp430/4.7.0/../../../../msp430/lib/mcpu-430x/mmpy-16/libc.a(vuprintf.o)
                0x0000917e                vuprintf
 .text          0x000098be        0x0 /usr/local/msp430/bin/../lib/gcc/msp430/4.7.0/../../../../msp430/lib/mcpu-430x/mmpy-16/libc.a(puts.o)
 .text.puts     0x000098be       0x2c /usr/local/msp430/bin/../lib/gcc/msp430/4.7.0/../../../../msp430/lib/mcpu-430x/mmpy-16/libc.a(puts.o)
                0x000098be                puts
 .text          0x000098ea        0x0 /usr/local/msp430/bin/../lib/gcc/msp430/4.7.0/../../../../msp430/lib/mcpu-430x/mmpy-16/libc.a(rand.o)
 .text.rand_r   0x000098ea       0x24 /usr/local/msp430/bin/../lib/gcc/msp430/4.7.0/../../../../msp430/lib/mcpu-430x/mmpy-16/libc.a(rand.o)
                0x000098ea                rand_r
 .text.rand     0x0000990e       0x26 /usr/local/msp430/bin/../lib/gcc/msp430/4.7.0/../../../../msp430/lib/mcpu-430x/mmpy-16/libc.a(rand.o)
                0x0000990e                rand
 .text.srand    0x00009934        0xa /usr/local/msp430/bin/../lib/gcc/msp430/4.7.0/../../../../msp430/lib/mcpu-430x/mmpy-16/libc.a(rand.o)
                0x00009934                srand
 .text          0x0000993e        0x0 /usr/local/msp430/bin/../lib/gcc/msp430/4.7.0/../../../../msp430/lib/mcpu-430x/mmpy-16/libc.a(strncmp.o)
 .text.strncmp  0x0000993e       0x2a /usr/local/msp430/bin/../lib/gcc/msp430/4.7.0/../../../../msp430/lib/mcpu-430x/mmpy-16/libc.a(strncmp.o)
                0x0000993e                strncmp
 .text          0x00009968        0x0 /usr/local/msp430/bin/../lib/gcc/msp430/4.7.0/../../../../msp430/lib/mcpu-430x/mmpy-16/libc.a(memcmp.o)
 .text.memcmp   0x00009968       0x2c /usr/local/msp430/bin/../lib/gcc/msp430/4.7.0/../../../../msp430/lib/mcpu-430x/mmpy-16/libc.a(memcmp.o)
                0x00009968                memcmp
 .text          0x00009994        0x0 /usr/local/msp430/bin/../lib/gcc/msp430/4.7.0/../../../../msp430/lib/mcpu-430x/mmpy-16/libc.a(memcpy.o)
 .text.memcpy   0x00009994       0xe8 /usr/local/msp430/bin/../lib/gcc/msp430/4.7.0/../../../../msp430/lib/mcpu-430x/mmpy-16/libc.a(memcpy.o)
                0x00009994                memcpy
 .text          0x00009a7c        0x0 /usr/local/msp430/bin/../lib/gcc/msp430/4.7.0/../../../../msp430/lib/mcpu-430x/mmpy-16/libc.a(memset.o)
 .text.memset   0x00009a7c       0x5c /usr/local/msp430/bin/../lib/gcc/msp430/4.7.0/../../../../msp430/lib/mcpu-430x/mmpy-16/libc.a(memset.o)
                0x00009a7c                memset
 .text          0x00009ad8        0x0 /usr/local/msp430/bin/../lib/gcc/msp430/4.7.0/mcpu-430x/mmpy-16/libgcc.a(_udivmod64.o)
 .text.libgcc   0x00009ad8       0xbc /usr/local/msp430/bin/../lib/gcc/msp430/4.7.0/mcpu-430x/mmpy-16/libgcc.a(_udivmod64.o)
                0x00009ad8                __xabi_udivmod64
                0x00009b2a                __udivdi3
                0x00009b44                __umoddi3
                0x00009b66                __udivmoddi4
 .text          0x00009b94        0x0 /usr/local/msp430/bin/../lib/gcc/msp430/4.7.0/mcpu-430x/mmpy-16/libcrt0.a(_reset_vector__.o)
 .text          0x00009b94        0x0 /usr/local/msp430/bin/../lib/gcc/msp430/4.7.0/mcpu-430x/mmpy-16/libcrt0.a(__watchdog_support.o)
 .text          0x00009b94        0x0 /usr/local/msp430/bin/../lib/gcc/msp430/4.7.0/mcpu-430x/mmpy-16/libcrt0.a(__init_stack.o)
 .text          0x00009b94        0x0 /usr/local/msp430/bin/../lib/gcc/msp430/4.7.0/mcpu-430x/mmpy-16/libcrt0.a(__low_level_init.o)
 .text          0x00009b94        0x0 /usr/local/msp430/bin/../lib/gcc/msp430/4.7.0/mcpu-430x/mmpy-16/libcrt0.a(_copy_data.o)
 .text          0x00009b94        0x0 /usr/local/msp430/bin/../lib/gcc/msp430/4.7.0/mcpu-430x/mmpy-16/libcrt0.a(_clear_bss.o)
 .text          0x00009b94        0x0 /usr/local/msp430/bin/../lib/gcc/msp430/4.7.0/mcpu-430x/mmpy-16/libcrt0.a(__stop_progExec__.o)
 .text          0x00009b94        0x0 /usr/local/msp430/bin/../lib/gcc/msp430/4.7.0/mcpu-430x/mmpy-16/libcrt0.a(_endless_loop__.o)
 .text          0x00009b94        0x0 /usr/local/msp430/bin/../lib/gcc/msp430/4.7.0/mcpu-430x/mmpy-16/libcrt0.a(_unexpected_.o)
 .text.crt0     0x00009b94        0x2 /usr/local/msp430/bin/../lib/gcc/msp430/4.7.0/mcpu-430x/mmpy-16/libcrt0.a(_unexpected_.o)
                0x00009b94                _unexpected_
 *(.near.text .near.text.*)
 .near.text     0x00009b96        0x6 contiki-z1.a(watchdog.o)
                0x00009b96                __isr_26
                0x00009b96                watchdog_interrupt
 .near.text     0x00009b9c       0x76 contiki-z1.a(button-sensor.o)
                0x00009b9c                irq_p2
                0x00009b9c                __isr_19
 .near.text     0x00009c12       0x64 contiki-z1.a(uart0.o)
                0x00009c12                __isr_23
                0x00009c12                uart0_rx_interrupt
 .near.text     0x00009c76       0xbe contiki-z1.a(adxl345.o)
                0x00009c76                port1_isr
                0x00009c76                __isr_18
 .near.text     0x00009d34       0xea contiki-z1.a(clock.o)
                0x00009d34                __isr_24
                0x00009d34                timera1
 .near.text     0x00009e1e       0x5c contiki-z1.a(rtimer-arch.o)
                0x00009e1e                __isr_25
                0x00009e1e                timera0
 .near.text     0x00009e7a       0x98 contiki-z1.a(i2cmaster.o)
                0x00009e7a                __isr_16
                0x00009e7a                i2c_tx_interrupt
                0x00009efe                i2c_rx_interrupt
                0x00009efe                __isr_17

.rodata         0x00009f12      0x5fd
                0x00009f12                . = ALIGN (0x2)
 *(.rodata .rodata.* .gnu.linkonce.r.*)
 .rodata        0x00009f12      0x2f6 RPLSender.co
                0x0000a1a2                autostart_processes
 .rodata        0x0000a208       0xd4 obj_z1/contiki-z1-main.o
 .rodata        0x0000a2dc        0x2 contiki-z1.a(rimeaddr.o)
                0x0000a2dc                rimeaddr_null
 .rodata        0x0000a2de        0xc contiki-z1.a(rime.o)
                0x0000a2e4                rime_driver
 .rodata        0x0000a2ea        0x4 contiki-z1.a(broadcast-annou)
 .rodata        0x0000a2ee        0x8 contiki-z1.a(broadcast.o)
 .rodata        0x0000a2f6        0xe contiki-z1.a(runicast.o)
 .rodata        0x0000a304        0x2 contiki-z1.a(abc.o)
 .rodata        0x0000a306       0x10 contiki-z1.a(chameleon-bitop)
                0x0000a306                chameleon_bitopt
 .rodata        0x0000a316       0x14 contiki-z1.a(csma.o)
                0x0000a31c                csma_driver
 .rodata        0x0000a32a       0x1c contiki-z1.a(contikimac.o)
                0x0000a336                contikimac_driver
 .rodata        0x0000a346        0xe contiki-z1.a(serial-line.o)
 .rodata        0x0000a354        0xc contiki-z1.a(etimer.o)
 .rodata        0x0000a360        0xf contiki-z1.a(ctimer.o)
 .rodata        0x0000a36f       0x2c contiki-z1.a(xmem.o)
 *fill*         0x0000a39b        0x1 00
 .rodata        0x0000a39c       0x22 contiki-z1.a(cc2420.o)
                0x0000a39c                cc2420_driver
 .rodata        0x0000a3be        0x8 contiki-z1.a(sensors.o)
 .rodata        0x0000a3c6       0x10 contiki-z1.a(button-sensor.o)
                0x0000a3ce                button_sensor
 .rodata        0x0000a3d6       0x16 contiki-z1.a(adxl345.o)
 .rodata        0x0000a3ec        0x4 contiki-z1.a(stunicast.o)
 .rodata        0x0000a3f0        0x4 contiki-z1.a(framer-802154.o)
                0x0000a3f0                framer_802154
 .rodata        0x0000a3f4        0xa contiki-z1.a(unicast.o)
 .rodata        0x0000a3fe        0x2 contiki-z1.a(frame802154.o)
 .rodata        0x0000a400        0x8 /usr/local/msp430/bin/../lib/gcc/msp430/4.7.0/mcpu-430x/mmpy-16/libgcc.a(_thenan_sf.o)
                0x0000a400                __thenan_sf
 .rodata        0x0000a408      0x100 /usr/local/msp430/bin/../lib/gcc/msp430/4.7.0/mcpu-430x/mmpy-16/libgcc.a(_clz.o)
                0x0000a408                __clz_tab
 .rodata.vuprintf
                0x0000a508        0x7 /usr/local/msp430/bin/../lib/gcc/msp430/4.7.0/../../../../msp430/lib/mcpu-430x/mmpy-16/libc.a(vuprintf.o)
 *(.near.rodata .near.rodata.*)
                0x0000a510                . = ALIGN (0x2)
                0x0000a510                _etext = .

.data           0x00001100       0xda load address 0x0000a510
                0x00001100                . = ALIGN (0x2)
                0x00001100                __data_start = .
 *(.data .data.* .gnu.linkonce.d.*)
 .data          0x00001100        0x0 /usr/local/msp430/bin/../lib/gcc/msp430/4.7.0/mcpu-430x/mmpy-16/crt0ivtbl32.o
 .data          0x00001100       0x36 RPLSender.co
                0x00001100                tc
                0x00001102                tmax
                0x00001104                tmin
                0x00001106                k
                0x00001108                rime_update_process
                0x00001112                rime_sender_process
                0x0000111c                mini_rpl_process
 .data          0x00001136        0x4 obj_z1/contiki-z1-main.o
                0x00001136                sensors
 .data          0x0000113a        0x0 contiki-z1.a(rimeaddr.o)
 .data          0x0000113a        0x0 contiki-z1.a(rime.o)
 .data          0x0000113a        0x0 contiki-z1.a(announcement.o)
 .data          0x0000113a        0x0 contiki-z1.a(broadcast-annou)
 .data          0x0000113a        0x0 contiki-z1.a(broadcast.o)
 .data          0x0000113a        0x0 contiki-z1.a(runicast.o)
 .data          0x0000113a        0x0 contiki-z1.a(abc.o)
 .data          0x0000113a        0x0 contiki-z1.a(chameleon.o)
 .data          0x0000113a        0x0 contiki-z1.a(channel.o)
 .data          0x0000113a        0x0 contiki-z1.a(chameleon-bitop)
 .data          0x0000113a       0x18 contiki-z1.a(csma.o)
 .data          0x00001152        0x0 contiki-z1.a(contikimac.o)
 .data          0x00001152       0x10 contiki-z1.a(phase.o)
 .data          0x00001162        0x0 contiki-z1.a(process.o)
 .data          0x00001162        0x0 contiki-z1.a(autostart.o)
 .data          0x00001162        0x0 contiki-z1.a(compower.o)
 .data          0x00001162        0xa contiki-z1.a(serial-line.o)
                0x00001162                serial_line_process
 .data          0x0000116c        0x0 contiki-z1.a(memb.o)
 .data          0x0000116c        0x0 contiki-z1.a(timer.o)
 .data          0x0000116c        0x0 contiki-z1.a(list.o)
 .data          0x0000116c        0xa contiki-z1.a(etimer.o)
                0x0000116c                etimer_process
 .data          0x00001176        0xa contiki-z1.a(ctimer.o)
                0x00001176                ctimer_process
 .data          0x00001180        0x0 contiki-z1.a(energest.o)
 .data          0x00001180        0x0 contiki-z1.a(rtimer.o)
 .data          0x00001180        0x0 contiki-z1.a(random.o)
 .data          0x00001180        0x0 contiki-z1.a(ringbuf.o)
 .data          0x00001180        0x8 contiki-z1.a(nbr-table.o)
 .data          0x00001188        0x0 contiki-z1.a(packetbuf.o)
 .data          0x00001188       0x18 contiki-z1.a(queuebuf.o)
 .data          0x000011a0        0x0 contiki-z1.a(contiki-z1-plat)
 .data          0x000011a0        0x2 contiki-z1.a(msp430.o)
 .data          0x000011a2        0x0 contiki-z1.a(leds.o)
 .data          0x000011a2        0x0 contiki-z1.a(watchdog.o)
 .data          0x000011a2        0x0 contiki-z1.a(xmem.o)
 .data          0x000011a2        0x0 contiki-z1.a(spi.o)
 .data          0x000011a2        0xa contiki-z1.a(cc2420.o)
                0x000011a2                cc2420_process
 .data          0x000011ac        0x0 contiki-z1.a(cc2420-arch.o)
 .data          0x000011ac        0x0 contiki-z1.a(node-id.o)
 .data          0x000011ac        0xa contiki-z1.a(sensors.o)
                0x000011ac                sensors_process
 .data          0x000011b6        0x0 contiki-z1.a(button-sensor.o)
 .data          0x000011b6        0x0 contiki-z1.a(uart0.o)
 .data          0x000011b6        0x0 contiki-z1.a(uart0-putchar.o)
 .data          0x000011b6       0x20 contiki-z1.a(adxl345.o)
                0x000011b6                accmeter_process
 .data          0x000011d6        0x0 contiki-z1.a(clock.o)
 .data          0x000011d6        0x0 contiki-z1.a(leds-arch.o)
 .data          0x000011d6        0x0 contiki-z1.a(rtimer-arch.o)
 .data          0x000011d6        0x0 contiki-z1.a(stunicast.o)
 .data          0x000011d6        0x0 contiki-z1.a(mac.o)
 .data          0x000011d6        0x0 contiki-z1.a(framer-802154.o)
 .data          0x000011d6        0x0 contiki-z1.a(i2cmaster.o)
 .data          0x000011d6        0x0 contiki-z1.a(unicast.o)
 .data          0x000011d6        0x0 contiki-z1.a(frame802154.o)
 .data          0x000011d6        0x0 /usr/local/msp430/bin/../lib/gcc/msp430/4.7.0/mcpu-430x/mmpy-16/libgcc.a(_mulsi3.o)
 .data          0x000011d6        0x0 /usr/local/msp430/bin/../lib/gcc/msp430/4.7.0/mcpu-430x/mmpy-16/libgcc.a(_udivmod16.o)
 .data          0x000011d6        0x0 /usr/local/msp430/bin/../lib/gcc/msp430/4.7.0/mcpu-430x/mmpy-16/libgcc.a(_divmod16.o)
 .data          0x000011d6        0x0 /usr/local/msp430/bin/../lib/gcc/msp430/4.7.0/mcpu-430x/mmpy-16/libgcc.a(_udivmod32.o)
 .data          0x000011d6        0x0 /usr/local/msp430/bin/../lib/gcc/msp430/4.7.0/mcpu-430x/mmpy-16/libgcc.a(_mul_sf.o)
 .data          0x000011d6        0x0 /usr/local/msp430/bin/../lib/gcc/msp430/4.7.0/mcpu-430x/mmpy-16/libgcc.a(_div_sf.o)
 .data          0x000011d6        0x0 /usr/local/msp430/bin/../lib/gcc/msp430/4.7.0/mcpu-430x/mmpy-16/libgcc.a(_si_to_sf.o)
 .data          0x000011d6        0x0 /usr/local/msp430/bin/../lib/gcc/msp430/4.7.0/mcpu-430x/mmpy-16/libgcc.a(_sf_to_si.o)
 .data          0x000011d6        0x0 /usr/local/msp430/bin/../lib/gcc/msp430/4.7.0/mcpu-430x/mmpy-16/libgcc.a(_thenan_sf.o)
 .data          0x000011d6        0x0 /usr/local/msp430/bin/../lib/gcc/msp430/4.7.0/mcpu-430x/mmpy-16/libgcc.a(_clzsi2.o)
 .data          0x000011d6        0x0 /usr/local/msp430/bin/../lib/gcc/msp430/4.7.0/mcpu-430x/mmpy-16/libgcc.a(_pack_sf.o)
 .data          0x000011d6        0x0 /usr/local/msp430/bin/../lib/gcc/msp430/4.7.0/mcpu-430x/mmpy-16/libgcc.a(_unpack_sf.o)
 .data          0x000011d6        0x0 /usr/local/msp430/bin/../lib/gcc/msp430/4.7.0/mcpu-430x/mmpy-16/libgcc.a(_clz.o)
 .data          0x000011d6        0x0 /usr/local/msp430/bin/../lib/gcc/msp430/4.7.0/../../../../msp430/lib/mcpu-430x/mmpy-16/libc.a(malloc.o)
 .data          0x000011d6        0x0 /usr/local/msp430/bin/../lib/gcc/msp430/4.7.0/../../../../msp430/lib/mcpu-430x/mmpy-16/libc.a(atoi.o)
 .data          0x000011d6        0x0 /usr/local/msp430/bin/../lib/gcc/msp430/4.7.0/../../../../msp430/lib/mcpu-430x/mmpy-16/libc.a(printf.o)
 .data          0x000011d6        0x0 /usr/local/msp430/bin/../lib/gcc/msp430/4.7.0/../../../../msp430/lib/mcpu-430x/mmpy-16/libc.a(sprintf.o)
 .data          0x000011d6        0x0 /usr/local/msp430/bin/../lib/gcc/msp430/4.7.0/../../../../msp430/lib/mcpu-430x/mmpy-16/libc.a(vuprintf.o)
 .data          0x000011d6        0x0 /usr/local/msp430/bin/../lib/gcc/msp430/4.7.0/../../../../msp430/lib/mcpu-430x/mmpy-16/libc.a(puts.o)
 .data          0x000011d6        0x0 /usr/local/msp430/bin/../lib/gcc/msp430/4.7.0/../../../../msp430/lib/mcpu-430x/mmpy-16/libc.a(rand.o)
 .data.next     0x000011d6        0x4 /usr/local/msp430/bin/../lib/gcc/msp430/4.7.0/../../../../msp430/lib/mcpu-430x/mmpy-16/libc.a(rand.o)
 .data          0x000011da        0x0 /usr/local/msp430/bin/../lib/gcc/msp430/4.7.0/../../../../msp430/lib/mcpu-430x/mmpy-16/libc.a(strncmp.o)
 .data          0x000011da        0x0 /usr/local/msp430/bin/../lib/gcc/msp430/4.7.0/../../../../msp430/lib/mcpu-430x/mmpy-16/libc.a(memcmp.o)
 .data          0x000011da        0x0 /usr/local/msp430/bin/../lib/gcc/msp430/4.7.0/../../../../msp430/lib/mcpu-430x/mmpy-16/libc.a(memcpy.o)
 .data          0x000011da        0x0 /usr/local/msp430/bin/../lib/gcc/msp430/4.7.0/../../../../msp430/lib/mcpu-430x/mmpy-16/libc.a(memset.o)
 .data          0x000011da        0x0 /usr/local/msp430/bin/../lib/gcc/msp430/4.7.0/mcpu-430x/mmpy-16/libgcc.a(_udivmod64.o)
 .data          0x000011da        0x0 /usr/local/msp430/bin/../lib/gcc/msp430/4.7.0/mcpu-430x/mmpy-16/libcrt0.a(_reset_vector__.o)
 .data          0x000011da        0x0 /usr/local/msp430/bin/../lib/gcc/msp430/4.7.0/mcpu-430x/mmpy-16/libcrt0.a(__watchdog_support.o)
 .data          0x000011da        0x0 /usr/local/msp430/bin/../lib/gcc/msp430/4.7.0/mcpu-430x/mmpy-16/libcrt0.a(__init_stack.o)
 .data          0x000011da        0x0 /usr/local/msp430/bin/../lib/gcc/msp430/4.7.0/mcpu-430x/mmpy-16/libcrt0.a(__low_level_init.o)
 .data          0x000011da        0x0 /usr/local/msp430/bin/../lib/gcc/msp430/4.7.0/mcpu-430x/mmpy-16/libcrt0.a(_copy_data.o)
 .data          0x000011da        0x0 /usr/local/msp430/bin/../lib/gcc/msp430/4.7.0/mcpu-430x/mmpy-16/libcrt0.a(_clear_bss.o)
 .data          0x000011da        0x0 /usr/local/msp430/bin/../lib/gcc/msp430/4.7.0/mcpu-430x/mmpy-16/libcrt0.a(__stop_progExec__.o)
 .data          0x000011da        0x0 /usr/local/msp430/bin/../lib/gcc/msp430/4.7.0/mcpu-430x/mmpy-16/libcrt0.a(_endless_loop__.o)
 .data          0x000011da        0x0 /usr/local/msp430/bin/../lib/gcc/msp430/4.7.0/mcpu-430x/mmpy-16/libcrt0.a(_unexpected_.o)
 *(.near.data .near.data.*)
                0x000011da                . = ALIGN (0x2)
                0x000011da                _edata = .
                0x0000a510                __data_load_start = LOADADDR (.data)
                0x000000da                __data_size = SIZEOF (.data)

.bss            0x000011da      0xdba load address 0x0000a5ea
                0x000011da                __bss_start = .
 *(.bss .bss.*)
 .bss           0x000011da        0x0 /usr/local/msp430/bin/../lib/gcc/msp430/4.7.0/mcpu-430x/mmpy-16/crt0ivtbl32.o
 .bss           0x000011da       0xf2 RPLSender.co
                0x000011da                config_sensor_data
                0x000011dc                gc
                0x000011de                share
 .bss           0x000012cc        0x4 obj_z1/contiki-z1-main.o
 .bss           0x000012d0        0x0 contiki-z1.a(rimeaddr.o)
 .bss           0x000012d0        0x2 contiki-z1.a(rime.o)
 .bss           0x000012d2        0x6 contiki-z1.a(announcement.o)
 .bss           0x000012d8       0x46 contiki-z1.a(broadcast-annou)
 .bss           0x0000131e        0x0 contiki-z1.a(broadcast.o)
 .bss           0x0000131e        0x0 contiki-z1.a(runicast.o)
 .bss           0x0000131e        0x0 contiki-z1.a(abc.o)
 .bss           0x0000131e        0x0 contiki-z1.a(chameleon.o)
 .bss           0x0000131e        0x2 contiki-z1.a(channel.o)
 .bss           0x00001320        0x0 contiki-z1.a(chameleon-bitop)
 .bss           0x00001320       0xb6 contiki-z1.a(csma.o)
 .bss           0x000013d6       0x74 contiki-z1.a(contikimac.o)
 .bss           0x0000144a      0x148 contiki-z1.a(phase.o)
 .bss           0x00001592       0x42 contiki-z1.a(process.o)
                0x00001592                process_current
                0x00001594                process_list
 .bss           0x000015d4        0x0 contiki-z1.a(autostart.o)
 .bss           0x000015d4        0x8 contiki-z1.a(compower.o)
 .bss           0x000015dc      0x10a contiki-z1.a(serial-line.o)
 .bss           0x000016e6        0x0 contiki-z1.a(memb.o)
 .bss           0x000016e6        0x0 contiki-z1.a(timer.o)
 .bss           0x000016e6        0x0 contiki-z1.a(list.o)
 .bss           0x000016e6        0x6 contiki-z1.a(etimer.o)
 .bss           0x000016ec        0x4 contiki-z1.a(ctimer.o)
 .bss           0x000016f0        0x0 contiki-z1.a(energest.o)
 .bss           0x000016f0        0x2 contiki-z1.a(rtimer.o)
 .bss           0x000016f2        0x0 contiki-z1.a(random.o)
 .bss           0x000016f2        0x0 contiki-z1.a(ringbuf.o)
 .bss           0x000016f2       0x4c contiki-z1.a(nbr-table.o)
 .bss           0x0000173e       0xba contiki-z1.a(packetbuf.o)
 .bss           0x000017f8      0x65e contiki-z1.a(queuebuf.o)
 .bss           0x00001e56        0x0 contiki-z1.a(contiki-z1-plat)
 .bss           0x00001e56        0x0 contiki-z1.a(msp430.o)
 .bss           0x00001e56        0x2 contiki-z1.a(leds.o)
 .bss           0x00001e58        0x2 contiki-z1.a(watchdog.o)
 .bss           0x00001e5a        0x0 contiki-z1.a(xmem.o)
 .bss           0x00001e5a        0x1 contiki-z1.a(spi.o)
                0x00001e5a                spi_busy
 *fill*         0x00001e5b        0x1 00
 .bss           0x00001e5c        0xa contiki-z1.a(cc2420.o)
 .bss           0x00001e66        0x0 contiki-z1.a(cc2420-arch.o)
 .bss           0x00001e66        0x2 contiki-z1.a(node-id.o)
                0x00001e66                node_id
 .bss           0x00001e68        0x6 contiki-z1.a(sensors.o)
 .bss           0x00001e6e        0x8 contiki-z1.a(button-sensor.o)
 .bss           0x00001e76        0x4 contiki-z1.a(uart0.o)
 .bss           0x00001e7a        0x0 contiki-z1.a(uart0-putchar.o)
 .bss           0x00001e7a       0x16 contiki-z1.a(adxl345.o)
 .bss           0x00001e90        0xa contiki-z1.a(clock.o)
 .bss           0x00001e9a        0x0 contiki-z1.a(leds-arch.o)
 .bss           0x00001e9a        0x0 contiki-z1.a(rtimer-arch.o)
 .bss           0x00001e9a        0x0 contiki-z1.a(stunicast.o)
 .bss           0x00001e9a        0x0 contiki-z1.a(mac.o)
 .bss           0x00001e9a        0x2 contiki-z1.a(framer-802154.o)
 .bss           0x00001e9c        0x2 contiki-z1.a(i2cmaster.o)
 .bss           0x00001e9e        0x0 contiki-z1.a(unicast.o)
 .bss           0x00001e9e        0x0 contiki-z1.a(frame802154.o)
 .bss           0x00001e9e        0x0 /usr/local/msp430/bin/../lib/gcc/msp430/4.7.0/mcpu-430x/mmpy-16/libgcc.a(_mulsi3.o)
 .bss           0x00001e9e        0x0 /usr/local/msp430/bin/../lib/gcc/msp430/4.7.0/mcpu-430x/mmpy-16/libgcc.a(_udivmod16.o)
 .bss           0x00001e9e        0x0 /usr/local/msp430/bin/../lib/gcc/msp430/4.7.0/mcpu-430x/mmpy-16/libgcc.a(_divmod16.o)
 .bss           0x00001e9e        0x0 /usr/local/msp430/bin/../lib/gcc/msp430/4.7.0/mcpu-430x/mmpy-16/libgcc.a(_udivmod32.o)
 .bss           0x00001e9e        0x0 /usr/local/msp430/bin/../lib/gcc/msp430/4.7.0/mcpu-430x/mmpy-16/libgcc.a(_mul_sf.o)
 .bss           0x00001e9e        0x0 /usr/local/msp430/bin/../lib/gcc/msp430/4.7.0/mcpu-430x/mmpy-16/libgcc.a(_div_sf.o)
 .bss           0x00001e9e        0x0 /usr/local/msp430/bin/../lib/gcc/msp430/4.7.0/mcpu-430x/mmpy-16/libgcc.a(_si_to_sf.o)
 .bss           0x00001e9e        0x0 /usr/local/msp430/bin/../lib/gcc/msp430/4.7.0/mcpu-430x/mmpy-16/libgcc.a(_sf_to_si.o)
 .bss           0x00001e9e        0x0 /usr/local/msp430/bin/../lib/gcc/msp430/4.7.0/mcpu-430x/mmpy-16/libgcc.a(_thenan_sf.o)
 .bss           0x00001e9e        0x0 /usr/local/msp430/bin/../lib/gcc/msp430/4.7.0/mcpu-430x/mmpy-16/libgcc.a(_clzsi2.o)
 .bss           0x00001e9e        0x0 /usr/local/msp430/bin/../lib/gcc/msp430/4.7.0/mcpu-430x/mmpy-16/libgcc.a(_pack_sf.o)
 .bss           0x00001e9e        0x0 /usr/local/msp430/bin/../lib/gcc/msp430/4.7.0/mcpu-430x/mmpy-16/libgcc.a(_unpack_sf.o)
 .bss           0x00001e9e        0x0 /usr/local/msp430/bin/../lib/gcc/msp430/4.7.0/mcpu-430x/mmpy-16/libgcc.a(_clz.o)
 .bss           0x00001e9e        0x0 /usr/local/msp430/bin/../lib/gcc/msp430/4.7.0/../../../../msp430/lib/mcpu-430x/mmpy-16/libc.a(malloc.o)
 .bss.once.1522
                0x00001e9e        0x1 /usr/local/msp430/bin/../lib/gcc/msp430/4.7.0/../../../../msp430/lib/mcpu-430x/mmpy-16/libc.a(malloc.o)
 .bss           0x00001e9f        0x0 /usr/local/msp430/bin/../lib/gcc/msp430/4.7.0/../../../../msp430/lib/mcpu-430x/mmpy-16/libc.a(atoi.o)
 .bss           0x00001e9f        0x0 /usr/local/msp430/bin/../lib/gcc/msp430/4.7.0/../../../../msp430/lib/mcpu-430x/mmpy-16/libc.a(printf.o)
 .bss           0x00001e9f        0x0 /usr/local/msp430/bin/../lib/gcc/msp430/4.7.0/../../../../msp430/lib/mcpu-430x/mmpy-16/libc.a(sprintf.o)
 *fill*         0x00001e9f        0x1 00
 .bss.destination_
                0x00001ea0        0x2 /usr/local/msp430/bin/../lib/gcc/msp430/4.7.0/../../../../msp430/lib/mcpu-430x/mmpy-16/libc.a(sprintf.o)
 .bss.available_
                0x00001ea2        0x2 /usr/local/msp430/bin/../lib/gcc/msp430/4.7.0/../../../../msp430/lib/mcpu-430x/mmpy-16/libc.a(sprintf.o)
 .bss           0x00001ea4        0x0 /usr/local/msp430/bin/../lib/gcc/msp430/4.7.0/../../../../msp430/lib/mcpu-430x/mmpy-16/libc.a(vuprintf.o)
 .bss           0x00001ea4        0x0 /usr/local/msp430/bin/../lib/gcc/msp430/4.7.0/../../../../msp430/lib/mcpu-430x/mmpy-16/libc.a(puts.o)
 .bss           0x00001ea4        0x0 /usr/local/msp430/bin/../lib/gcc/msp430/4.7.0/../../../../msp430/lib/mcpu-430x/mmpy-16/libc.a(rand.o)
 .bss           0x00001ea4        0x0 /usr/local/msp430/bin/../lib/gcc/msp430/4.7.0/../../../../msp430/lib/mcpu-430x/mmpy-16/libc.a(strncmp.o)
 .bss           0x00001ea4        0x0 /usr/local/msp430/bin/../lib/gcc/msp430/4.7.0/../../../../msp430/lib/mcpu-430x/mmpy-16/libc.a(memcmp.o)
 .bss           0x00001ea4        0x0 /usr/local/msp430/bin/../lib/gcc/msp430/4.7.0/../../../../msp430/lib/mcpu-430x/mmpy-16/libc.a(memcpy.o)
 .bss           0x00001ea4        0x0 /usr/local/msp430/bin/../lib/gcc/msp430/4.7.0/../../../../msp430/lib/mcpu-430x/mmpy-16/libc.a(memset.o)
 .bss           0x00001ea4        0x0 /usr/local/msp430/bin/../lib/gcc/msp430/4.7.0/mcpu-430x/mmpy-16/libgcc.a(_udivmod64.o)
 .bss           0x00001ea4        0x0 /usr/local/msp430/bin/../lib/gcc/msp430/4.7.0/mcpu-430x/mmpy-16/libcrt0.a(_reset_vector__.o)
 .bss           0x00001ea4        0x0 /usr/local/msp430/bin/../lib/gcc/msp430/4.7.0/mcpu-430x/mmpy-16/libcrt0.a(__watchdog_support.o)
 .bss           0x00001ea4        0x0 /usr/local/msp430/bin/../lib/gcc/msp430/4.7.0/mcpu-430x/mmpy-16/libcrt0.a(__init_stack.o)
 .bss           0x00001ea4        0x0 /usr/local/msp430/bin/../lib/gcc/msp430/4.7.0/mcpu-430x/mmpy-16/libcrt0.a(__low_level_init.o)
 .bss           0x00001ea4        0x0 /usr/local/msp430/bin/../lib/gcc/msp430/4.7.0/mcpu-430x/mmpy-16/libcrt0.a(_copy_data.o)
 .bss           0x00001ea4        0x0 /usr/local/msp430/bin/../lib/gcc/msp430/4.7.0/mcpu-430x/mmpy-16/libcrt0.a(_clear_bss.o)
 .bss           0x00001ea4        0x0 /usr/local/msp430/bin/../lib/gcc/msp430/4.7.0/mcpu-430x/mmpy-16/libcrt0.a(__stop_progExec__.o)
 .bss           0x00001ea4        0x0 /usr/local/msp430/bin/../lib/gcc/msp430/4.7.0/mcpu-430x/mmpy-16/libcrt0.a(_endless_loop__.o)
 .bss           0x00001ea4        0x0 /usr/local/msp430/bin/../lib/gcc/msp430/4.7.0/mcpu-430x/mmpy-16/libcrt0.a(_unexpected_.o)
 *(.near.bss .near.bss.*)
 *(COMMON)
 COMMON         0x00001ea4       0x1e RPLSender.co
                0x00001ea4                parent
                0x00001eaa                client
                0x00001eb0                last_sent_data
                0x00001eb2                children
 COMMON         0x00001ec2        0x2 obj_z1/contiki-z1-main.o
                0x00001ec2                sensors_flags
 COMMON         0x00001ec4        0x2 contiki-z1.a(rimeaddr.o)
                0x00001ec4                rimeaddr_node_addr
 COMMON         0x00001ec6        0x1 contiki-z1.a(process.o)
                0x00001ec6                process_maxevents
 *fill*         0x00001ec7        0x1 00
 COMMON         0x00001ec8        0x8 contiki-z1.a(compower.o)
                0x00001ec8                compower_idle_activity
 COMMON         0x00001ed0        0x1 contiki-z1.a(serial-line.o)
                0x00001ed0                serial_line_event_message
 *fill*         0x00001ed1        0x1 00
 COMMON         0x00001ed2       0x56 contiki-z1.a(energest.o)
                0x00001ed2                energest_total_time
                0x00001f02                energest_total_count
                0x00001f04                energest_current_mode
                0x00001f10                energest_current_time
 COMMON         0x00001f28       0x38 contiki-z1.a(packetbuf.o)
                0x00001f28                packetbuf_addrs
                0x00001f30                packetbuf_attrs
 COMMON         0x00001f60       0x14 contiki-z1.a(cc2420.o)
                0x00001f60                cc2420_last_rssi
                0x00001f62                cc2420_packets_read
                0x00001f64                cc2420_packets_seen
                0x00001f66                cc2420_sfd_start_time
                0x00001f68                cc2420_time_of_departure
                0x00001f6a                cc2420_time_of_arrival
                0x00001f6c                cc2420_last_correlation
                0x00001f6e                cc2420_authority_level_of_sender
                0x00001f70                cc2420_sfd_counter
                0x00001f72                cc2420_sfd_end_time
 COMMON         0x00001f74        0x8 contiki-z1.a(node-id.o)
                0x00001f74                node_mac
 COMMON         0x00001f7c        0x1 contiki-z1.a(sensors.o)
                0x00001f7c                sensors_event
 *fill*         0x00001f7d        0x1 00
 COMMON         0x00001f7e        0x7 contiki-z1.a(adxl345.o)
                0x00001f7e                accm_int2_cb
                0x00001f80                int2_event
                0x00001f82                accm_int1_cb
                0x00001f84                int1_event
 *fill*         0x00001f85        0x1 00
 COMMON         0x00001f86        0xe contiki-z1.a(i2cmaster.o)
                0x00001f86                transmit_data1
                0x00001f87                rx_byte_ctr
                0x00001f88                tx_buf_ptr
                0x00001f8a                tx_byte_ctr
                0x00001f8c                i
                0x00001f8e                receive_data
                0x00001f8f                rx_buf
                0x00001f91                transmit_data2
                0x00001f92                rx_buf_ptr
                0x00001f94                . = ALIGN (0x2)
                0x00001f94                __bss_end = .
                0x00000dba                __bss_size = SIZEOF (.bss)

.noinit         0x00001f94        0x2 load address 0x0000a5ea
                0x00001f94                . = ALIGN (0x2)
                0x00001f94                __noinit_start = .
 *(.noinit .noinit.*)
 .noinit.crt0   0x00001f94        0x2 /usr/local/msp430/bin/../lib/gcc/msp430/4.7.0/mcpu-430x/mmpy-16/libcrt0.a(__watchdog_support.o)
                0x00001f94                __wdt_clear_value
                0x00001f96                . = ALIGN (0x2)
                0x00001f96                __noinit_end = .
                0x00001f96                . = ALIGN (0x2)
                0x00001f96                _end = .

.infomem        0x00001000        0x0
                0x00001000                . = ALIGN (0x2)
 *(.infomem .infomem.*)

.infomemnobits  0x00001000        0x0
                0x00001000                . = ALIGN (0x2)
 *(.infomemnobits .infomemnobits.*)

.infoa          0x000010c0        0x0
                0x000010c0                . = ALIGN (0x2)
 *(.infoa .infoa.*)

.infob          0x00001080        0x0
                0x00001080                . = ALIGN (0x2)
 *(.infob .infob.*)

.infoc          0x00001040        0x0
                0x00001040                . = ALIGN (0x2)
 *(.infoc .infoc.*)

.infod          0x00001000        0x0
                0x00001000                . = ALIGN (0x2)
 *(.infod .infod.*)

.vectors        0x0000ffc0       0x40
                0x0000ffc0                __vectors_start = .
 *(.vectors*)
 .vectors       0x0000ffc0       0x40 /usr/local/msp430/bin/../lib/gcc/msp430/4.7.0/mcpu-430x/mmpy-16/crt0ivtbl32.o
                0x0000ffc0                __ivtbl_32
                0x00010000                _vectors_end = .

.fartext        0x00010000        0x0
                0x00010000                . = ALIGN (0x2)
 *(.fartext .fartext.*)

.far.text       0x00010000        0x0
                0x00010000                . = ALIGN (0x2)
 *(.far.text .far.text.*)

.far.rodata     0x00010000        0x0
                0x00010000                . = ALIGN (0x2)
 *(.far.rodata .far.rodata.*)
                0x00010000                . = ALIGN (0x2)
                0x00010000                _efartext = .

.far.data       0x00000000        0x0 load address 0x00010000
                0x00000000                . = ALIGN (0x2)
                0x00000000                __far_data_start = .
 *(.far.data .far.data.*)
                0x00000000                . = ALIGN (0x2)
                0x00000000                _efardata = .
                0x00010000                __far_data_load_start = LOADADDR (.far.data)
                0x00000000                __far_data_size = SIZEOF (.far.data)

.far.bss        0x00000000        0x0 load address 0x00010000
                0x00000000                . = ALIGN (0x2)
                0x00000000                __far_bss_start = .
 *(.far.bss .far.bss.*)
                0x00000000                . = ALIGN (0x2)
                0x00000000                __far_bss_end = .
                0x00000000                __far_bss_size = SIZEOF (.far.bss)
                0x00000000                . = ALIGN (0x2)
                0x00000000                _far_end = .

.profiler
 *(.profiler)

.stab
 *(.stab)

.stabstr
 *(.stabstr)

.stab.excl
 *(.stab.excl)

.stab.exclstr
 *(.stab.exclstr)

.stab.index
 *(.stab.index)

.stab.indexstr
 *(.stab.indexstr)

.comment        0x00000000       0x30
 *(.comment)
 .comment       0x00000000       0x30 RPLSender.co
                                 0x31 (size before relaxing)
 .comment       0x00000000       0x31 obj_z1/contiki-z1-main.o
 .comment       0x00000000       0x31 contiki-z1.a(rimeaddr.o)
 .comment       0x00000000       0x31 contiki-z1.a(rime.o)
 .comment       0x00000000       0x31 contiki-z1.a(announcement.o)
 .comment       0x00000000       0x31 contiki-z1.a(broadcast-annou)
 .comment       0x00000000       0x31 contiki-z1.a(broadcast.o)
 .comment       0x00000000       0x31 contiki-z1.a(runicast.o)
 .comment       0x00000000       0x31 contiki-z1.a(abc.o)
 .comment       0x00000000       0x31 contiki-z1.a(chameleon.o)
 .comment       0x00000000       0x31 contiki-z1.a(channel.o)
 .comment       0x00000000       0x31 contiki-z1.a(chameleon-bitop)
 .comment       0x00000000       0x31 contiki-z1.a(csma.o)
 .comment       0x00000000       0x31 contiki-z1.a(contikimac.o)
 .comment       0x00000000       0x31 contiki-z1.a(phase.o)
 .comment       0x00000000       0x31 contiki-z1.a(process.o)
 .comment       0x00000000       0x31 contiki-z1.a(autostart.o)
 .comment       0x00000000       0x31 contiki-z1.a(compower.o)
 .comment       0x00000000       0x31 contiki-z1.a(serial-line.o)
 .comment       0x00000000       0x31 contiki-z1.a(memb.o)
 .comment       0x00000000       0x31 contiki-z1.a(timer.o)
 .comment       0x00000000       0x31 contiki-z1.a(list.o)
 .comment       0x00000000       0x31 contiki-z1.a(etimer.o)
 .comment       0x00000000       0x31 contiki-z1.a(ctimer.o)
 .comment       0x00000000       0x31 contiki-z1.a(energest.o)
 .comment       0x00000000       0x31 contiki-z1.a(rtimer.o)
 .comment       0x00000000       0x31 contiki-z1.a(random.o)
 .comment       0x00000000       0x31 contiki-z1.a(ringbuf.o)
 .comment       0x00000000       0x31 contiki-z1.a(nbr-table.o)
 .comment       0x00000000       0x31 contiki-z1.a(packetbuf.o)
 .comment       0x00000000       0x31 contiki-z1.a(queuebuf.o)
 .comment       0x00000000       0x31 contiki-z1.a(contiki-z1-plat)
 .comment       0x00000000       0x31 contiki-z1.a(msp430.o)
 .comment       0x00000000       0x31 contiki-z1.a(leds.o)
 .comment       0x00000000       0x31 contiki-z1.a(watchdog.o)
 .comment       0x00000000       0x31 contiki-z1.a(xmem.o)
 .comment       0x00000000       0x31 contiki-z1.a(spi.o)
 .comment       0x00000000       0x31 contiki-z1.a(cc2420.o)
 .comment       0x00000000       0x31 contiki-z1.a(cc2420-arch.o)
 .comment       0x00000000       0x31 contiki-z1.a(node-id.o)
 .comment       0x00000000       0x31 contiki-z1.a(sensors.o)
 .comment       0x00000000       0x31 contiki-z1.a(button-sensor.o)
 .comment       0x00000000       0x31 contiki-z1.a(uart0.o)
 .comment       0x00000000       0x31 contiki-z1.a(uart0-putchar.o)
 .comment       0x00000000       0x31 contiki-z1.a(adxl345.o)
 .comment       0x00000000       0x31 contiki-z1.a(clock.o)
 .comment       0x00000000       0x31 contiki-z1.a(leds-arch.o)
 .comment       0x00000000       0x31 contiki-z1.a(rtimer-arch.o)
 .comment       0x00000000       0x31 contiki-z1.a(stunicast.o)
 .comment       0x00000000       0x31 contiki-z1.a(mac.o)
 .comment       0x00000000       0x31 contiki-z1.a(framer-802154.o)
 .comment       0x00000000       0x31 contiki-z1.a(i2cmaster.o)
 .comment       0x00000000       0x31 contiki-z1.a(unicast.o)
 .comment       0x00000000       0x31 contiki-z1.a(frame802154.o)
 .comment       0x00000000       0x31 /usr/local/msp430/bin/../lib/gcc/msp430/4.7.0/mcpu-430x/mmpy-16/libgcc.a(_mul_sf.o)
 .comment       0x00000000       0x31 /usr/local/msp430/bin/../lib/gcc/msp430/4.7.0/mcpu-430x/mmpy-16/libgcc.a(_div_sf.o)
 .comment       0x00000000       0x31 /usr/local/msp430/bin/../lib/gcc/msp430/4.7.0/mcpu-430x/mmpy-16/libgcc.a(_si_to_sf.o)
 .comment       0x00000000       0x31 /usr/local/msp430/bin/../lib/gcc/msp430/4.7.0/mcpu-430x/mmpy-16/libgcc.a(_sf_to_si.o)
 .comment       0x00000000       0x31 /usr/local/msp430/bin/../lib/gcc/msp430/4.7.0/mcpu-430x/mmpy-16/libgcc.a(_thenan_sf.o)
 .comment       0x00000000       0x31 /usr/local/msp430/bin/../lib/gcc/msp430/4.7.0/mcpu-430x/mmpy-16/libgcc.a(_clzsi2.o)
 .comment       0x00000000       0x31 /usr/local/msp430/bin/../lib/gcc/msp430/4.7.0/mcpu-430x/mmpy-16/libgcc.a(_pack_sf.o)
 .comment       0x00000000       0x31 /usr/local/msp430/bin/../lib/gcc/msp430/4.7.0/mcpu-430x/mmpy-16/libgcc.a(_unpack_sf.o)
 .comment       0x00000000       0x31 /usr/local/msp430/bin/../lib/gcc/msp430/4.7.0/mcpu-430x/mmpy-16/libgcc.a(_clz.o)
 .comment       0x00000000       0x31 /usr/local/msp430/bin/../lib/gcc/msp430/4.7.0/../../../../msp430/lib/mcpu-430x/mmpy-16/libc.a(malloc.o)
 .comment       0x00000000       0x31 /usr/local/msp430/bin/../lib/gcc/msp430/4.7.0/../../../../msp430/lib/mcpu-430x/mmpy-16/libc.a(atoi.o)
 .comment       0x00000000       0x31 /usr/local/msp430/bin/../lib/gcc/msp430/4.7.0/../../../../msp430/lib/mcpu-430x/mmpy-16/libc.a(printf.o)
 .comment       0x00000000       0x31 /usr/local/msp430/bin/../lib/gcc/msp430/4.7.0/../../../../msp430/lib/mcpu-430x/mmpy-16/libc.a(sprintf.o)
 .comment       0x00000000       0x31 /usr/local/msp430/bin/../lib/gcc/msp430/4.7.0/../../../../msp430/lib/mcpu-430x/mmpy-16/libc.a(vuprintf.o)
 .comment       0x00000000       0x31 /usr/local/msp430/bin/../lib/gcc/msp430/4.7.0/../../../../msp430/lib/mcpu-430x/mmpy-16/libc.a(puts.o)
 .comment       0x00000000       0x31 /usr/local/msp430/bin/../lib/gcc/msp430/4.7.0/../../../../msp430/lib/mcpu-430x/mmpy-16/libc.a(rand.o)
 .comment       0x00000000       0x31 /usr/local/msp430/bin/../lib/gcc/msp430/4.7.0/../../../../msp430/lib/mcpu-430x/mmpy-16/libc.a(strncmp.o)
 .comment       0x00000000       0x31 /usr/local/msp430/bin/../lib/gcc/msp430/4.7.0/../../../../msp430/lib/mcpu-430x/mmpy-16/libc.a(memcmp.o)
 .comment       0x00000000       0x31 /usr/local/msp430/bin/../lib/gcc/msp430/4.7.0/../../../../msp430/lib/mcpu-430x/mmpy-16/libc.a(memcpy.o)
 .comment       0x00000000       0x31 /usr/local/msp430/bin/../lib/gcc/msp430/4.7.0/../../../../msp430/lib/mcpu-430x/mmpy-16/libc.a(memset.o)

.debug
 *(.debug)

.line
 *(.line)

.debug_srcinfo
 *(.debug_srcinfo)

.debug_sfnames
 *(.debug_sfnames)

.debug_aranges  0x00000000      0x440
 *(.debug_aranges)
 .debug_aranges
                0x00000000       0x20 /usr/local/msp430/bin/../lib/gcc/msp430/4.7.0/mcpu-430x/mmpy-16/crt0ivtbl32.o
 .debug_aranges
                0x00000020       0x20 /usr/local/msp430/bin/../lib/gcc/msp430/4.7.0/mcpu-430x/mmpy-16/libgcc.a(_mulsi3.o)
 .debug_aranges
                0x00000040       0x20 /usr/local/msp430/bin/../lib/gcc/msp430/4.7.0/mcpu-430x/mmpy-16/libgcc.a(_udivmod16.o)
 .debug_aranges
                0x00000060       0x20 /usr/local/msp430/bin/../lib/gcc/msp430/4.7.0/mcpu-430x/mmpy-16/libgcc.a(_divmod16.o)
 .debug_aranges
                0x00000080       0x20 /usr/local/msp430/bin/../lib/gcc/msp430/4.7.0/mcpu-430x/mmpy-16/libgcc.a(_udivmod32.o)
 .debug_aranges
                0x000000a0       0x20 /usr/local/msp430/bin/../lib/gcc/msp430/4.7.0/mcpu-430x/mmpy-16/libgcc.a(_mul_sf.o)
 .debug_aranges
                0x000000c0       0x20 /usr/local/msp430/bin/../lib/gcc/msp430/4.7.0/mcpu-430x/mmpy-16/libgcc.a(_div_sf.o)
 .debug_aranges
                0x000000e0       0x20 /usr/local/msp430/bin/../lib/gcc/msp430/4.7.0/mcpu-430x/mmpy-16/libgcc.a(_si_to_sf.o)
 .debug_aranges
                0x00000100       0x20 /usr/local/msp430/bin/../lib/gcc/msp430/4.7.0/mcpu-430x/mmpy-16/libgcc.a(_sf_to_si.o)
 .debug_aranges
                0x00000120       0x18 /usr/local/msp430/bin/../lib/gcc/msp430/4.7.0/mcpu-430x/mmpy-16/libgcc.a(_thenan_sf.o)
 .debug_aranges
                0x00000138       0x20 /usr/local/msp430/bin/../lib/gcc/msp430/4.7.0/mcpu-430x/mmpy-16/libgcc.a(_clzsi2.o)
 .debug_aranges
                0x00000158       0x20 /usr/local/msp430/bin/../lib/gcc/msp430/4.7.0/mcpu-430x/mmpy-16/libgcc.a(_pack_sf.o)
 .debug_aranges
                0x00000178       0x20 /usr/local/msp430/bin/../lib/gcc/msp430/4.7.0/mcpu-430x/mmpy-16/libgcc.a(_unpack_sf.o)
 .debug_aranges
                0x00000198       0x18 /usr/local/msp430/bin/../lib/gcc/msp430/4.7.0/mcpu-430x/mmpy-16/libgcc.a(_clz.o)
 .debug_aranges
                0x000001b0       0x28 /usr/local/msp430/bin/../lib/gcc/msp430/4.7.0/../../../../msp430/lib/mcpu-430x/mmpy-16/libc.a(malloc.o)
 .debug_aranges
                0x000001d8       0x20 /usr/local/msp430/bin/../lib/gcc/msp430/4.7.0/../../../../msp430/lib/mcpu-430x/mmpy-16/libc.a(atoi.o)
 .debug_aranges
                0x000001f8       0x28 /usr/local/msp430/bin/../lib/gcc/msp430/4.7.0/../../../../msp430/lib/mcpu-430x/mmpy-16/libc.a(printf.o)
 .debug_aranges
                0x00000220       0x48 /usr/local/msp430/bin/../lib/gcc/msp430/4.7.0/../../../../msp430/lib/mcpu-430x/mmpy-16/libc.a(sprintf.o)
 .debug_aranges
                0x00000268       0x28 /usr/local/msp430/bin/../lib/gcc/msp430/4.7.0/../../../../msp430/lib/mcpu-430x/mmpy-16/libc.a(vuprintf.o)
 .debug_aranges
                0x00000290       0x20 /usr/local/msp430/bin/../lib/gcc/msp430/4.7.0/../../../../msp430/lib/mcpu-430x/mmpy-16/libc.a(puts.o)
 .debug_aranges
                0x000002b0       0x30 /usr/local/msp430/bin/../lib/gcc/msp430/4.7.0/../../../../msp430/lib/mcpu-430x/mmpy-16/libc.a(rand.o)
 .debug_aranges
                0x000002e0       0x20 /usr/local/msp430/bin/../lib/gcc/msp430/4.7.0/../../../../msp430/lib/mcpu-430x/mmpy-16/libc.a(strncmp.o)
 .debug_aranges
                0x00000300       0x20 /usr/local/msp430/bin/../lib/gcc/msp430/4.7.0/../../../../msp430/lib/mcpu-430x/mmpy-16/libc.a(memcmp.o)
 .debug_aranges
                0x00000320       0x20 /usr/local/msp430/bin/../lib/gcc/msp430/4.7.0/../../../../msp430/lib/mcpu-430x/mmpy-16/libc.a(memcpy.o)
 .debug_aranges
                0x00000340       0x20 /usr/local/msp430/bin/../lib/gcc/msp430/4.7.0/../../../../msp430/lib/mcpu-430x/mmpy-16/libc.a(memset.o)
 .debug_aranges
                0x00000360       0x20 /usr/local/msp430/bin/../lib/gcc/msp430/4.7.0/mcpu-430x/mmpy-16/libgcc.a(_udivmod64.o)
 .debug_aranges
                0x00000380       0x20 /usr/local/msp430/bin/../lib/gcc/msp430/4.7.0/mcpu-430x/mmpy-16/libcrt0.a(__watchdog_support.o)
 .debug_aranges
                0x000003a0       0x20 /usr/local/msp430/bin/../lib/gcc/msp430/4.7.0/mcpu-430x/mmpy-16/libcrt0.a(__init_stack.o)
 .debug_aranges
                0x000003c0       0x20 /usr/local/msp430/bin/../lib/gcc/msp430/4.7.0/mcpu-430x/mmpy-16/libcrt0.a(_copy_data.o)
 .debug_aranges
                0x000003e0       0x20 /usr/local/msp430/bin/../lib/gcc/msp430/4.7.0/mcpu-430x/mmpy-16/libcrt0.a(_clear_bss.o)
 .debug_aranges
                0x00000400       0x20 /usr/local/msp430/bin/../lib/gcc/msp430/4.7.0/mcpu-430x/mmpy-16/libcrt0.a(_endless_loop__.o)
 .debug_aranges
                0x00000420       0x20 /usr/local/msp430/bin/../lib/gcc/msp430/4.7.0/mcpu-430x/mmpy-16/libcrt0.a(_unexpected_.o)

.debug_pubnames
 *(.debug_pubnames)

.debug_info     0x00000000     0x3218
 *(.debug_info)
 .debug_info    0x00000000       0xac /usr/local/msp430/bin/../lib/gcc/msp430/4.7.0/mcpu-430x/mmpy-16/crt0ivtbl32.o
 .debug_info    0x000000ac       0xa9 /usr/local/msp430/bin/../lib/gcc/msp430/4.7.0/mcpu-430x/mmpy-16/libgcc.a(_mulsi3.o)
 .debug_info    0x00000155       0xa9 /usr/local/msp430/bin/../lib/gcc/msp430/4.7.0/mcpu-430x/mmpy-16/libgcc.a(_udivmod16.o)
 .debug_info    0x000001fe       0xa9 /usr/local/msp430/bin/../lib/gcc/msp430/4.7.0/mcpu-430x/mmpy-16/libgcc.a(_divmod16.o)
 .debug_info    0x000002a7       0xa9 /usr/local/msp430/bin/../lib/gcc/msp430/4.7.0/mcpu-430x/mmpy-16/libgcc.a(_udivmod32.o)
 .debug_info    0x00000350      0x46b /usr/local/msp430/bin/../lib/gcc/msp430/4.7.0/mcpu-430x/mmpy-16/libgcc.a(_mul_sf.o)
 .debug_info    0x000007bb      0x3f3 /usr/local/msp430/bin/../lib/gcc/msp430/4.7.0/mcpu-430x/mmpy-16/libgcc.a(_div_sf.o)
 .debug_info    0x00000bae      0x259 /usr/local/msp430/bin/../lib/gcc/msp430/4.7.0/mcpu-430x/mmpy-16/libgcc.a(_si_to_sf.o)
 .debug_info    0x00000e07      0x2d5 /usr/local/msp430/bin/../lib/gcc/msp430/4.7.0/mcpu-430x/mmpy-16/libgcc.a(_sf_to_si.o)
 .debug_info    0x000010dc      0x169 /usr/local/msp430/bin/../lib/gcc/msp430/4.7.0/mcpu-430x/mmpy-16/libgcc.a(_thenan_sf.o)
 .debug_info    0x00001245      0x119 /usr/local/msp430/bin/../lib/gcc/msp430/4.7.0/mcpu-430x/mmpy-16/libgcc.a(_clzsi2.o)
 .debug_info    0x0000135e      0x2cd /usr/local/msp430/bin/../lib/gcc/msp430/4.7.0/mcpu-430x/mmpy-16/libgcc.a(_pack_sf.o)
 .debug_info    0x0000162b      0x252 /usr/local/msp430/bin/../lib/gcc/msp430/4.7.0/mcpu-430x/mmpy-16/libgcc.a(_unpack_sf.o)
 .debug_info    0x0000187d       0xc5 /usr/local/msp430/bin/../lib/gcc/msp430/4.7.0/mcpu-430x/mmpy-16/libgcc.a(_clz.o)
 .debug_info    0x00001942      0x185 /usr/local/msp430/bin/../lib/gcc/msp430/4.7.0/../../../../msp430/lib/mcpu-430x/mmpy-16/libc.a(malloc.o)
 .debug_info    0x00001ac7       0xce /usr/local/msp430/bin/../lib/gcc/msp430/4.7.0/../../../../msp430/lib/mcpu-430x/mmpy-16/libc.a(atoi.o)
 .debug_info    0x00001b95      0x18d /usr/local/msp430/bin/../lib/gcc/msp430/4.7.0/../../../../msp430/lib/mcpu-430x/mmpy-16/libc.a(printf.o)
 .debug_info    0x00001d22      0x35b /usr/local/msp430/bin/../lib/gcc/msp430/4.7.0/../../../../msp430/lib/mcpu-430x/mmpy-16/libc.a(sprintf.o)
 .debug_info    0x0000207d      0x66d /usr/local/msp430/bin/../lib/gcc/msp430/4.7.0/../../../../msp430/lib/mcpu-430x/mmpy-16/libc.a(vuprintf.o)
 .debug_info    0x000026ea       0xe1 /usr/local/msp430/bin/../lib/gcc/msp430/4.7.0/../../../../msp430/lib/mcpu-430x/mmpy-16/libc.a(puts.o)
 .debug_info    0x000027cb      0x172 /usr/local/msp430/bin/../lib/gcc/msp430/4.7.0/../../../../msp430/lib/mcpu-430x/mmpy-16/libc.a(rand.o)
 .debug_info    0x0000293d       0xd8 /usr/local/msp430/bin/../lib/gcc/msp430/4.7.0/../../../../msp430/lib/mcpu-430x/mmpy-16/libc.a(strncmp.o)
 .debug_info    0x00002a15       0xff /usr/local/msp430/bin/../lib/gcc/msp430/4.7.0/../../../../msp430/lib/mcpu-430x/mmpy-16/libc.a(memcmp.o)
 .debug_info    0x00002b14      0x144 /usr/local/msp430/bin/../lib/gcc/msp430/4.7.0/../../../../msp430/lib/mcpu-430x/mmpy-16/libc.a(memcpy.o)
 .debug_info    0x00002c58      0x12d /usr/local/msp430/bin/../lib/gcc/msp430/4.7.0/../../../../msp430/lib/mcpu-430x/mmpy-16/libc.a(memset.o)
 .debug_info    0x00002d85       0xa9 /usr/local/msp430/bin/../lib/gcc/msp430/4.7.0/mcpu-430x/mmpy-16/libgcc.a(_udivmod64.o)
 .debug_info    0x00002e2e       0xa7 /usr/local/msp430/bin/../lib/gcc/msp430/4.7.0/mcpu-430x/mmpy-16/libcrt0.a(__watchdog_support.o)
 .debug_info    0x00002ed5       0xa7 /usr/local/msp430/bin/../lib/gcc/msp430/4.7.0/mcpu-430x/mmpy-16/libcrt0.a(__init_stack.o)
 .debug_info    0x00002f7c       0xa7 /usr/local/msp430/bin/../lib/gcc/msp430/4.7.0/mcpu-430x/mmpy-16/libcrt0.a(_copy_data.o)
 .debug_info    0x00003023       0xa7 /usr/local/msp430/bin/../lib/gcc/msp430/4.7.0/mcpu-430x/mmpy-16/libcrt0.a(_clear_bss.o)
 .debug_info    0x000030ca       0xa7 /usr/local/msp430/bin/../lib/gcc/msp430/4.7.0/mcpu-430x/mmpy-16/libcrt0.a(_endless_loop__.o)
 .debug_info    0x00003171       0xa7 /usr/local/msp430/bin/../lib/gcc/msp430/4.7.0/mcpu-430x/mmpy-16/libcrt0.a(_unexpected_.o)
 *(.gnu.linkonce.wi.*)

.debug_abbrev   0x00000000     0x1772
 *(.debug_abbrev)
 .debug_abbrev  0x00000000       0x14 /usr/local/msp430/bin/../lib/gcc/msp430/4.7.0/mcpu-430x/mmpy-16/crt0ivtbl32.o
 .debug_abbrev  0x00000014       0x14 /usr/local/msp430/bin/../lib/gcc/msp430/4.7.0/mcpu-430x/mmpy-16/libgcc.a(_mulsi3.o)
 .debug_abbrev  0x00000028       0x14 /usr/local/msp430/bin/../lib/gcc/msp430/4.7.0/mcpu-430x/mmpy-16/libgcc.a(_udivmod16.o)
 .debug_abbrev  0x0000003c       0x14 /usr/local/msp430/bin/../lib/gcc/msp430/4.7.0/mcpu-430x/mmpy-16/libgcc.a(_divmod16.o)
 .debug_abbrev  0x00000050       0x14 /usr/local/msp430/bin/../lib/gcc/msp430/4.7.0/mcpu-430x/mmpy-16/libgcc.a(_udivmod32.o)
 .debug_abbrev  0x00000064      0x245 /usr/local/msp430/bin/../lib/gcc/msp430/4.7.0/mcpu-430x/mmpy-16/libgcc.a(_mul_sf.o)
 .debug_abbrev  0x000002a9      0x22e /usr/local/msp430/bin/../lib/gcc/msp430/4.7.0/mcpu-430x/mmpy-16/libgcc.a(_div_sf.o)
 .debug_abbrev  0x000004d7      0x19e /usr/local/msp430/bin/../lib/gcc/msp430/4.7.0/mcpu-430x/mmpy-16/libgcc.a(_si_to_sf.o)
 .debug_abbrev  0x00000675      0x194 /usr/local/msp430/bin/../lib/gcc/msp430/4.7.0/mcpu-430x/mmpy-16/libgcc.a(_sf_to_si.o)
 .debug_abbrev  0x00000809       0xc5 /usr/local/msp430/bin/../lib/gcc/msp430/4.7.0/mcpu-430x/mmpy-16/libgcc.a(_thenan_sf.o)
 .debug_abbrev  0x000008ce       0xaf /usr/local/msp430/bin/../lib/gcc/msp430/4.7.0/mcpu-430x/mmpy-16/libgcc.a(_clzsi2.o)
 .debug_abbrev  0x0000097d      0x197 /usr/local/msp430/bin/../lib/gcc/msp430/4.7.0/mcpu-430x/mmpy-16/libgcc.a(_pack_sf.o)