Archive member included because of file (symbol)

contiki-z1.a(rimeaddr.o)      RPLRoot.co (rimeaddr_copy)
contiki-z1.a(rime.o)          obj_z1/contiki-z1-main.o (rime_driver)
contiki-z1.a(announcement.o)  contiki-z1.a(rime.o) (announcement_init)
contiki-z1.a(broadcast-annou)
                              contiki-z1.a(rime.o) (broadcast_announcement_init)
contiki-z1.a(broadcast.o)     RPLRoot.co (broadcast_open)
contiki-z1.a(runicast.o)      RPLRoot.co (runicast_open)
contiki-z1.a(abc.o)           contiki-z1.a(broadcast.o) (abc_open)
contiki-z1.a(chameleon.o)     contiki-z1.a(rime.o) (chameleon_init)
contiki-z1.a(channel.o)       contiki-z1.a(chameleon.o) (channel_init)
contiki-z1.a(chameleon-bitop)
                              contiki-z1.a(chameleon.o) (chameleon_bitopt)
contiki-z1.a(csma.o)          obj_z1/contiki-z1-main.o (csma_driver)
contiki-z1.a(contikimac.o)    obj_z1/contiki-z1-main.o (contikimac_driver)
contiki-z1.a(phase.o)         contiki-z1.a(contikimac.o) (phase_update)
contiki-z1.a(process.o)       obj_z1/contiki-z1-main.o (process_init)
contiki-z1.a(autostart.o)     obj_z1/contiki-z1-main.o (autostart_start)
contiki-z1.a(compower.o)      contiki-z1.a(contikimac.o) (compower_idle_activity)
contiki-z1.a(serial-line.o)   RPLRoot.co (serial_line_event_message)
contiki-z1.a(memb.o)          RPLRoot.co (memb_init)
contiki-z1.a(timer.o)         contiki-z1.a(phase.o) (timer_set)
contiki-z1.a(list.o)          RPLRoot.co (list_init)
contiki-z1.a(etimer.o)        obj_z1/contiki-z1-main.o (etimer_process)
contiki-z1.a(ctimer.o)        obj_z1/contiki-z1-main.o (ctimer_init)
contiki-z1.a(energest.o)      obj_z1/contiki-z1-main.o (energest_init)
contiki-z1.a(rtimer.o)        obj_z1/contiki-z1-main.o (rtimer_init)
contiki-z1.a(random.o)        RPLRoot.co (random_rand)
contiki-z1.a(ringbuf.o)       contiki-z1.a(serial-line.o) (ringbuf_init)
contiki-z1.a(nbr-table.o)     contiki-z1.a(phase.o) (nbr_table_register)
contiki-z1.a(packetbuf.o)     contiki-z1.a(contikimac.o) (packetbuf_hdr_remove)
contiki-z1.a(queuebuf.o)      contiki-z1.a(rime.o) (queuebuf_init)
contiki-z1.a(contiki-z1-plat)
                              obj_z1/contiki-z1-main.o (init_platform)
contiki-z1.a(msp430.o)        obj_z1/contiki-z1-main.o (msp430_cpu_init)
contiki-z1.a(leds.o)          obj_z1/contiki-z1-main.o (leds_init)
contiki-z1.a(watchdog.o)      obj_z1/contiki-z1-main.o (watchdog_start)
contiki-z1.a(xmem.o)          obj_z1/contiki-z1-main.o (xmem_init)
contiki-z1.a(spi.o)           contiki-z1.a(xmem.o) (spi_init)
contiki-z1.a(cc2420.o)        obj_z1/contiki-z1-main.o (cc2420_set_pan_addr)
contiki-z1.a(cc2420-arch.o)   contiki-z1.a(cc2420.o) (cc2420_arch_init)
contiki-z1.a(node-id.o)       obj_z1/contiki-z1-main.o (node_id_restore)
contiki-z1.a(sensors.o)       contiki-z1.a(contiki-z1-plat) (sensors_process)
contiki-z1.a(button-sensor.o)
                              obj_z1/contiki-z1-main.o (button_sensor)
contiki-z1.a(uart0.o)         obj_z1/contiki-z1-main.o (uart0_active)
contiki-z1.a(uart0-putchar.o)
                              obj_z1/contiki-z1-main.o (putchar)
contiki-z1.a(adxl345.o)       obj_z1/contiki-z1-main.o (accm_init)
contiki-z1.a(clock.o)         contiki-z1.a(timer.o) (clock_time)
contiki-z1.a(leds-arch.o)     contiki-z1.a(leds.o) (leds_arch_init)
contiki-z1.a(rtimer-arch.o)   contiki-z1.a(rtimer.o) (rtimer_arch_init)
contiki-z1.a(stunicast.o)     contiki-z1.a(runicast.o) (stunicast_open)
contiki-z1.a(mac.o)           contiki-z1.a(csma.o) (mac_call_sent_callback)
contiki-z1.a(framer-802154.o)
                              contiki-z1.a(contikimac.o) (framer_802154)
contiki-z1.a(i2cmaster.o)     contiki-z1.a(adxl345.o) (i2c_receiveinit)
contiki-z1.a(unicast.o)       contiki-z1.a(stunicast.o) (unicast_open)
contiki-z1.a(frame802154.o)   contiki-z1.a(framer-802154.o) (frame802154_hdrlen)
/usr/local/msp430/bin/../lib/gcc/msp430/4.7.0/mcpu-430x/mmpy-16/libgcc.a(_mulsi3.o)
                              contiki-z1.a(csma.o) (__mulsi3)
/usr/local/msp430/bin/../lib/gcc/msp430/4.7.0/mcpu-430x/mmpy-16/libgcc.a(_udivmod16.o)
                              RPLRoot.co (__umodhi3)
/usr/local/msp430/bin/../lib/gcc/msp430/4.7.0/mcpu-430x/mmpy-16/libgcc.a(_divmod16.o)
                              contiki-z1.a(nbr-table.o) (__divhi3)
/usr/local/msp430/bin/../lib/gcc/msp430/4.7.0/mcpu-430x/mmpy-16/libgcc.a(_udivmod32.o)
                              obj_z1/contiki-z1-main.o (__udivsi3)
/usr/local/msp430/bin/../lib/gcc/msp430/4.7.0/mcpu-430x/mmpy-16/libgcc.a(_mul_sf.o)
                              RPLRoot.co (__mulsf3)
/usr/local/msp430/bin/../lib/gcc/msp430/4.7.0/mcpu-430x/mmpy-16/libgcc.a(_div_sf.o)
                              RPLRoot.co (__divsf3)
/usr/local/msp430/bin/../lib/gcc/msp430/4.7.0/mcpu-430x/mmpy-16/libgcc.a(_si_to_sf.o)
                              RPLRoot.co (__floatsisf)
/usr/local/msp430/bin/../lib/gcc/msp430/4.7.0/mcpu-430x/mmpy-16/libgcc.a(_sf_to_si.o)
                              RPLRoot.co (__fixsfsi)
[...]
Memory Configuration

Name             Origin             Length             Attributes
sfr              0x00000000         0x00000010
peripheral_8bit  0x00000010         0x000000f0
peripheral_16bit 0x00000100         0x00000100
ram_mirror       0x00000200         0x00000800         xw
infomem          0x00001000         0x00000100
infod            0x00001000         0x00000040
infoc            0x00001040         0x00000040
infob            0x00001080         0x00000040
infoa            0x000010c0         0x00000040
ram              0x00001100         0x00002000         xw
rom              0x00003100         0x0000cebe         xr
vectors          0x0000ffc0         0x00000040
far_rom          0x00010000         0x0000a000
bsl              0x00000000         0x00000000
ram2             0x00000000         0x00000000         xw
usbram           0x00000000         0x00000000         xw
*default*        0x00000000         0xffffffff

Linker script and memory map

LOAD /usr/local/msp430/bin/../lib/gcc/msp430/4.7.0/mcpu-430x/mmpy-16/crt0ivtbl32.o
                0x00000041                __P1SEL2 = 0x41
                0x00000045                __P5SEL2 = 0x45
LOAD RPLRoot.co
LOAD obj_z1/contiki-z1-main.o
LOAD contiki-z1.a
LOAD /usr/local/msp430/bin/../lib/gcc/msp430/4.7.0/mcpu-430x/mmpy-16/libgcc.a
LOAD /usr/local/msp430/bin/../lib/gcc/msp430/4.7.0/../../../../msp430/lib/mcpu-430x/mmpy-16/libc.a
LOAD /usr/local/msp430/bin/../lib/gcc/msp430/4.7.0/mcpu-430x/mmpy-16/libgcc.a
LOAD /usr/local/msp430/bin/../lib/gcc/msp430/4.7.0/mcpu-430x/mmpy-16/libcrt0.a
                0x00000040                PROVIDE (__info_segment_size, 0x40)
                0x00001000                PROVIDE (__infod, 0x1000)
                0x00001040                PROVIDE (__infoc, 0x1040)
                0x00001080                PROVIDE (__infob, 0x1080)
                0x000010c0                PROVIDE (__infoa, 0x10c0)
                0x00000000                __IE1 = 0x0
                0x00000002                __IFG1 = 0x2
                0x00000001                __IE2 = 0x1
                0x00000003                __IFG2 = 0x3
                0x00000006                __UC1IE = 0x6
                0x00000007                __UC1IFG = 0x7
                0x000001a0                __ADC12CTL0 = 0x1a0
                0x000001a2                __ADC12CTL1 = 0x1a2
                0x000001a4                __ADC12IFG = 0x1a4
                0x000001a6                __ADC12IE = 0x1a6
                0x000001a8                __ADC12IV = 0x1a8
                0x00000140                __ADC12MEM0 = 0x140
                0x00000142                __ADC12MEM1 = 0x142
                0x00000144                __ADC12MEM2 = 0x144
                0x00000146                __ADC12MEM3 = 0x146
                0x00000148                __ADC12MEM4 = 0x148
                0x0000014a                __ADC12MEM5 = 0x14a
                0x0000014c                __ADC12MEM6 = 0x14c
                0x0000014e                __ADC12MEM7 = 0x14e
                0x00000150                __ADC12MEM8 = 0x150
                0x00000152                __ADC12MEM9 = 0x152
                0x00000154                __ADC12MEM10 = 0x154
                0x00000156                __ADC12MEM11 = 0x156
                0x00000158                __ADC12MEM12 = 0x158
                0x0000015a                __ADC12MEM13 = 0x15a
                0x0000015c                __ADC12MEM14 = 0x15c
                0x0000015e                __ADC12MEM15 = 0x15e
                0x00000080                __ADC12MCTL0 = 0x80
                0x00000081                __ADC12MCTL1 = 0x81
                0x00000082                __ADC12MCTL2 = 0x82
                0x00000083                __ADC12MCTL3 = 0x83
                0x00000084                __ADC12MCTL4 = 0x84
                0x00000085                __ADC12MCTL5 = 0x85
                0x00000086                __ADC12MCTL6 = 0x86
                0x00000087                __ADC12MCTL7 = 0x87
                0x00000088                __ADC12MCTL8 = 0x88
                0x00000089                __ADC12MCTL9 = 0x89
                0x0000008a                __ADC12MCTL10 = 0x8a
                0x0000008b                __ADC12MCTL11 = 0x8b
                0x0000008c                __ADC12MCTL12 = 0x8c
                0x0000008d                __ADC12MCTL13 = 0x8d
                0x0000008e                __ADC12MCTL14 = 0x8e
                0x0000008f                __ADC12MCTL15 = 0x8f
                0x00000056                __DCOCTL = 0x56
                0x00000057                __BCSCTL1 = 0x57
                0x00000058                __BCSCTL2 = 0x58
                0x00000053                __BCSCTL3 = 0x53
                0x00000059                __CACTL1 = 0x59
                0x0000005a                __CACTL2 = 0x5a
                0x0000005b                __CAPD = 0x5b
                0x000001c0                __DAC12_0CTL = 0x1c0
                0x000001c2                __DAC12_1CTL = 0x1c2
                0x000001c8                __DAC12_0DAT = 0x1c8
                0x000001ca                __DAC12_1DAT = 0x1ca
                0x00000122                __DMACTL0 = 0x122
                0x00000124                __DMACTL1 = 0x124
                0x00000126                __DMAIV = 0x126
                0x000001d0                __DMA0CTL = 0x1d0
                0x000001dc                __DMA1CTL = 0x1dc
                0x000001e8                __DMA2CTL = 0x1e8
                0x000001d2                __DMA0SA = 0x1d2
                0x000001d2                __DMA0SAL = 0x1d2
                0x000001d6                __DMA0DA = 0x1d6
                0x000001d6                __DMA0DAL = 0x1d6
                0x000001da                __DMA0SZ = 0x1da
                0x000001de                __DMA1SA = 0x1de
                0x000001de                __DMA1SAL = 0x1de
                0x000001e2                __DMA1DA = 0x1e2
                0x000001e2                __DMA1DAL = 0x1e2
                0x000001e6                __DMA1SZ = 0x1e6
                0x000001ea                __DMA2SA = 0x1ea
                0x000001ea                __DMA2SAL = 0x1ea
                0x000001ee                __DMA2DA = 0x1ee
                0x000001ee                __DMA2DAL = 0x1ee
                0x000001f2                __DMA2SZ = 0x1f2
                0x00000128                __FCTL1 = 0x128
                0x0000012a                __FCTL2 = 0x12a
                0x0000012c                __FCTL3 = 0x12c
                0x000001be                __FCTL4 = 0x1be
                0x00000130                __MPY = 0x130
                0x00000132                __MPYS = 0x132
                0x00000134                __MAC = 0x134
                0x00000136                __MACS = 0x136
                0x00000138                __OP2 = 0x138
                0x0000013a                __RESLO = 0x13a
                0x0000013c                __RESHI = 0x13c
                0x0000013e                __SUMEXT = 0x13e
                0x00000020                __P1IN = 0x20
                0x00000021                __P1OUT = 0x21
                0x00000022                __P1DIR = 0x22
                0x00000023                __P1IFG = 0x23
                0x00000024                __P1IES = 0x24
                0x00000025                __P1IE = 0x25
                0x00000026                __P1SEL = 0x26
                0x00000027                __P1REN = 0x27
                0x00000028                __P2IN = 0x28
                0x00000029                __P2OUT = 0x29
                0x0000002a                __P2DIR = 0x2a
                0x0000002b                __P2IFG = 0x2b
                0x0000002c                __P2IES = 0x2c
                0x0000002d                __P2IE = 0x2d
                0x0000002e                __P2SEL = 0x2e
                0x0000002f                __P2REN = 0x2f
                0x00000018                __P3IN = 0x18
                0x00000019                __P3OUT = 0x19
                0x0000001a                __P3DIR = 0x1a
                0x0000001b                __P3SEL = 0x1b
                0x00000010                __P3REN = 0x10
                0x0000001c                __P4IN = 0x1c
                0x0000001d                __P4OUT = 0x1d
                0x0000001e                __P4DIR = 0x1e
                0x0000001f                __P4SEL = 0x1f
                0x00000011                __P4REN = 0x11
                0x00000030                __P5IN = 0x30
                0x00000031                __P5OUT = 0x31
                0x00000032                __P5DIR = 0x32
                0x00000033                __P5SEL = 0x33
                0x00000012                __P5REN = 0x12
                0x00000034                __P6IN = 0x34
                0x00000035                __P6OUT = 0x35
                0x00000036                __P6DIR = 0x36
                0x00000037                __P6SEL = 0x37
                0x00000013                __P6REN = 0x13
                0x00000038                __P7IN = 0x38
                0x0000003a                __P7OUT = 0x3a
                0x0000003c                __P7DIR = 0x3c
                0x0000003e                __P7SEL = 0x3e
                0x00000014                __P7REN = 0x14
                0x00000039                __P8IN = 0x39
                0x0000003b                __P8OUT = 0x3b
                0x0000003d                __P8DIR = 0x3d
                0x0000003f                __P8SEL = 0x3f
                0x00000015                __P8REN = 0x15
                0x00000038                __PAIN = 0x38
                0x0000003a                __PAOUT = 0x3a
                0x0000003c                __PADIR = 0x3c
                0x0000003e                __PASEL = 0x3e
                0x00000014                __PAREN = 0x14
                0x00000055                __SVSCTL = 0x55
                0x0000012e                __TAIV = 0x12e
                0x00000160                __TACTL = 0x160
                0x00000162                __TACCTL0 = 0x162
                0x00000164                __TACCTL1 = 0x164
                0x00000166                __TACCTL2 = 0x166
                0x00000170                __TAR = 0x170
                0x00000172                __TACCR0 = 0x172
                0x00000174                __TACCR1 = 0x174
                0x00000176                __TACCR2 = 0x176
                0x0000011e                __TBIV = 0x11e
                0x00000180                __TBCTL = 0x180
                0x00000182                __TBCCTL0 = 0x182
                0x00000184                __TBCCTL1 = 0x184
                0x00000186                __TBCCTL2 = 0x186
                0x00000188                __TBCCTL3 = 0x188
                0x0000018a                __TBCCTL4 = 0x18a
                0x0000018c                __TBCCTL5 = 0x18c
                0x0000018e                __TBCCTL6 = 0x18e
                0x00000190                __TBR = 0x190
                0x00000192                __TBCCR0 = 0x192
                0x00000194                __TBCCR1 = 0x194
                0x00000196                __TBCCR2 = 0x196
                0x00000198                __TBCCR3 = 0x198
                0x0000019a                __TBCCR4 = 0x19a
                0x0000019c                __TBCCR5 = 0x19c
                0x0000019e                __TBCCR6 = 0x19e
                0x00000060                __UCA0CTL0 = 0x60
                0x00000061                __UCA0CTL1 = 0x61
                0x00000062                __UCA0BR0 = 0x62
                0x00000063                __UCA0BR1 = 0x63
                0x00000064                __UCA0MCTL = 0x64
                0x00000065                __UCA0STAT = 0x65
                0x00000066                __UCA0RXBUF = 0x66
                0x00000067                __UCA0TXBUF = 0x67
                0x0000005d                __UCA0ABCTL = 0x5d
                0x0000005e                __UCA0IRTCTL = 0x5e
                0x0000005f                __UCA0IRRCTL = 0x5f
                0x00000068                __UCB0CTL0 = 0x68
                0x00000069                __UCB0CTL1 = 0x69
                0x0000006a                __UCB0BR0 = 0x6a
                0x0000006b                __UCB0BR1 = 0x6b
                0x0000006c                __UCB0I2CIE = 0x6c
                0x0000006d                __UCB0STAT = 0x6d
                0x0000006e                __UCB0RXBUF = 0x6e
                0x0000006f                __UCB0TXBUF = 0x6f
                0x00000118                __UCB0I2COA = 0x118
                0x0000011a                __UCB0I2CSA = 0x11a
                0x000000d0                __UCA1CTL0 = 0xd0
                0x000000d1                __UCA1CTL1 = 0xd1
                0x000000d2                __UCA1BR0 = 0xd2
                0x000000d3                __UCA1BR1 = 0xd3
                0x000000d4                __UCA1MCTL = 0xd4
                0x000000d5                __UCA1STAT = 0xd5
                0x000000d6                __UCA1RXBUF = 0xd6
                0x000000d7                __UCA1TXBUF = 0xd7
                0x000000cd                __UCA1ABCTL = 0xcd
                0x000000ce                __UCA1IRTCTL = 0xce
                0x000000cf                __UCA1IRRCTL = 0xcf
                0x000000d8                __UCB1CTL0 = 0xd8
                0x000000d9                __UCB1CTL1 = 0xd9
                0x000000da                __UCB1BR0 = 0xda
                0x000000db                __UCB1BR1 = 0xdb
                0x000000dc                __UCB1I2CIE = 0xdc
                0x000000dd                __UCB1STAT = 0xdd
                0x000000de                __UCB1RXBUF = 0xde
                0x000000df                __UCB1TXBUF = 0xdf
                0x0000017c                __UCB1I2COA = 0x17c
                0x0000017e                __UCB1I2CSA = 0x17e
                0x00000120                __WDTCTL = 0x120
                0x000010c0                __TLV_CHECKSUM = 0x10c0
                0x000010f6                __TLV_DCO_30_TAG = 0x10f6
                0x000010f7                __TLV_DCO_30_LEN = 0x10f7
                0x000010da                __TLV_ADC12_1_TAG = 0x10da
                0x000010db                __TLV_ADC12_1_LEN = 0x10db
                0x000010f8                __CALDCO_16MHZ = 0x10f8
                0x000010f9                __CALBC1_16MHZ = 0x10f9
                0x000010fa                __CALDCO_12MHZ = 0x10fa
                0x000010fb                __CALBC1_12MHZ = 0x10fb
                0x000010fc                __CALDCO_8MHZ = 0x10fc
                0x000010fd                __CALBC1_8MHZ = 0x10fd
                0x000010fe                __CALDCO_1MHZ = 0x10fe
                0x000010ff                __CALBC1_1MHZ = 0x10ff

.hash
 *(.hash)

.dynsym
 *(.dynsym)

.dynstr
 *(.dynstr)

.gnu.version
 *(.gnu.version)

.gnu.version_d
 *(.gnu.version_d)

.gnu.version_r
 *(.gnu.version_r)

.rel.init
 *(.rel.init)

.rela.init
 *(.rela.init)

.rel.fini
 *(.rel.fini)

.rela.fini
 *(.rela.fini)

.rel.text
 *(.rel.text .rel.text.* .rel.gnu.linkonce.t.*)

.rela.text
 *(.rela.text .rela.text.* .rela.gnu.linkonce.t.*)

.rel.rodata
 *(.rel.rodata .rel.rodata.* .rel.gnu.linkonce.r.*)

.rela.rodata
 *(.rela.rodata .rela.rodata.* .rela.gnu.linkonce.r.*)

.rel.data
 *(.rel.data .rel.data.* .rel.gnu.linkonce.d.*)

.rela.data
 *(.rela.data .rela.data.* .rela.gnu.linkonce.d.*)

.rel.bss
 *(.rel.bss .rel.bss.* .rel.gnu.linkonce.b.*)

.rela.bss
 *(.rela.bss .rela.bss.* .rela.gnu.linkonce.b.*)

.rel.ctors
 *(.rel.ctors)

.rela.ctors
 *(.rela.ctors)

.rel.dtors
 *(.rel.dtors)

.rela.dtors
 *(.rela.dtors)

.rel.got
 *(.rel.got)

.rela.got
 *(.rela.got)

.rel.plt
 *(.rel.plt)

.rela.plt
 *(.rela.plt)

.text           0x00003100     0x6984
                0x00003100                . = ALIGN (0x2)
 *(.init .init.*)
 *(.init0)
 .init0         0x00003100        0x0 /usr/local/msp430/bin/../lib/gcc/msp430/4.7.0/mcpu-430x/mmpy-16/libcrt0.a(_reset_vector__.o)
                0x00003100                _reset_vector__
 *(.init1)
 .init1         0x00003100        0xc /usr/local/msp430/bin/../lib/gcc/msp430/4.7.0/mcpu-430x/mmpy-16/libcrt0.a(__watchdog_support.o)
                0x00003100                __watchdog_support
 *(.init2)
 .init2         0x0000310c        0x4 /usr/local/msp430/bin/../lib/gcc/msp430/4.7.0/mcpu-430x/mmpy-16/libcrt0.a(__init_stack.o)
                0x0000310c                __init_stack
 *(.init3)
 .init3         0x00003110        0x0 /usr/local/msp430/bin/../lib/gcc/msp430/4.7.0/mcpu-430x/mmpy-16/libcrt0.a(__low_level_init.o)
                0x00003110                __low_level_init
 *(.init4)
 .init4         0x00003110       0x18 /usr/local/msp430/bin/../lib/gcc/msp430/4.7.0/mcpu-430x/mmpy-16/libcrt0.a(_copy_data.o)
                0x00003110                __do_copy_data
 .init4         0x00003128       0x16 /usr/local/msp430/bin/../lib/gcc/msp430/4.7.0/mcpu-430x/mmpy-16/libcrt0.a(_clear_bss.o)
                0x00003128                __do_clear_bss
 *(.init5)
 *(.init6)
 *(.init7)
 *(.init8)
 *(.init9)
 .init9         0x0000313e      0x2fa obj_z1/contiki-z1-main.o
                0x0000313e                main
 *(.fini9)
 .fini9         0x00003438        0x0 /usr/local/msp430/bin/../lib/gcc/msp430/4.7.0/mcpu-430x/mmpy-16/libcrt0.a(__stop_progExec__.o)
                0x00003438                __stop_progExec__
 *(.fini8)
 *(.fini7)
 *(.fini6)
 *(.fini5)
 *(.fini4)
 *(.fini3)
 *(.fini2)
 *(.fini1)
 *(.fini0)
 .fini0         0x00003438        0x6 /usr/local/msp430/bin/../lib/gcc/msp430/4.7.0/mcpu-430x/mmpy-16/libcrt0.a(_endless_loop__.o)
                0x00003438                _endless_loop__
 *(.fini .fini.*)
                0x0000343e                . = ALIGN (0x2)
                0x0000343e                __ctors_start = .
 *(.ctors)
                0x0000343e                __ctors_end = .
                0x0000343e                __dtors_start = .
 *(.dtors)
                0x0000343e                __dtors_end = .
                0x0000343e                . = ALIGN (0x2)
 *(.text .text.* .gnu.linkonce.t.*)
 .text          0x0000343e        0x4 /usr/local/msp430/bin/../lib/gcc/msp430/4.7.0/mcpu-430x/mmpy-16/crt0ivtbl32.o
                0x0000343e                __isr_14
                0x0000343e                __isr_4
                0x0000343e                __isr_29
                0x0000343e                __isr_11
                0x0000343e                __isr_5
                0x0000343e                __isr_2
                0x0000343e                __isr_10
                0x0000343e                __isr_7
                0x0000343e                __isr_0
                0x0000343e                __isr_28
                0x0000343e                __isr_8
                0x0000343e                __isr_20
                0x0000343e                __isr_3
                0x0000343e                __isr_12
                0x0000343e                __isr_13
                0x0000343e                __isr_27
                0x0000343e                __isr_9
                0x0000343e                __isr_30
                0x0000343e                __isr_6
                0x0000343e                __isr_22
                0x0000343e                __isr_1
                0x0000343e                __isr_15
                0x0000343e                __isr_21
 .text.crt0     0x00003442        0x0 /usr/local/msp430/bin/../lib/gcc/msp430/4.7.0/mcpu-430x/mmpy-16/crt0ivtbl32.o
 .text          0x00003442      0x63a RPLRoot.co
                0x0000346e                broadcast_recv
                0x000034ae                timedout_runicastData
                0x000034c8                sent_runicastData
                0x000034e2                sent_runicast
                0x00003774                recv_runicast
                0x0000385a                printDPKT
                0x000038ce                recv_runicastData
                0x00003972                generateData
                0x000039e8                remove_child
                0x00003a46                timedout_runicast
 .text          0x00003a7c        0x6 obj_z1/contiki-z1-main.o
                0x00003a7c                uip_log
 .text          0x00003a82       0x2a contiki-z1.a(rimeaddr.o)
                0x00003a82                rimeaddr_copy
                0x00003a8e                rimeaddr_cmp
                0x00003aa0                rimeaddr_set_node_addr
 .text          0x00003aac       0xd8 contiki-z1.a(rime.o)
                0x00003b48                rime_sniffer_add
                0x00003b54                rime_sniffer_remove
                0x00003b60                rime_output
 .text          0x00003b84      0x114 contiki-z1.a(announcement.o)
                0x00003b84                announcement_init
                0x00003b8e                announcement_register
                0x00003bc8                announcement_remove
                0x00003bd4                announcement_remove_value
                0x00003bf6                announcement_set_value
                0x00003c1e                announcement_bump
                0x00003c40                announcement_listen
                0x00003c4c                announcement_register_listen_callback
                0x00003c52                announcement_register_observer_callback
                0x00003c58                announcement_list
                0x00003c62                announcement_heard
 .text          0x00003c98      0x1bc contiki-z1.a(broadcast-annou)
                0x00003de4                broadcast_announcement_init
                0x00003e28                broadcast_announcement_stop
                0x00003e4a                broadcast_announcement_beacon_interval
 .text          0x00003e54       0x78 contiki-z1.a(broadcast.o)
                0x00003e8a                broadcast_open
                0x00003eac                broadcast_close
                0x00003eb2                broadcast_send
 .text          0x00003ecc      0x16a contiki-z1.a(runicast.o)
                0x00003fb4                runicast_open
                0x00003fe2                runicast_close
                0x00003fe8                runicast_is_transmitting
                0x00003fee                runicast_send
 .text          0x00004036       0x48 contiki-z1.a(abc.o)
                0x00004036                abc_open
                0x00004054                abc_close
                0x0000405a                abc_send
                0x00004060                abc_input
                0x0000406e                abc_sent
 .text          0x0000407e       0x38 contiki-z1.a(chameleon.o)
                0x0000407e                chameleon_init
                0x00004084                chameleon_parse
                0x00004094                chameleon_create
                0x000040b0                chameleon_hdrsize
 .text          0x000040b6       0x66 contiki-z1.a(channel.o)
                0x000040b6                channel_init
                0x000040c0                channel_open
                0x000040d0                channel_close
                0x000040dc                channel_lookup
                0x000040fc                channel_set_attributes
 .text          0x0000411c      0x2ec contiki-z1.a(chameleon-bitop)
                0x00004132                get_bits_in_byte
                0x00004168                get_bits
                0x000042a6                set_bits_in_byte
                0x000042d0                set_bits
 .text          0x00004408      0x358 contiki-z1.a(csma.o)
 .text          0x00004760      0x762 contiki-z1.a(contikimac.o)
                0x00004ebe                contikimac_debug_print
 .text          0x00004ec2      0x1b8 contiki-z1.a(phase.o)
                0x00004f06                phase_update
                0x00004f8c                phase_wait
                0x00005066                phase_init
 .text          0x0000507a      0x2a0 contiki-z1.a(process.o)
                0x00005176                process_alloc_event
                0x00005184                process_exit
                0x0000518e                process_init
                0x000051aa                process_run
                0x0000524e                process_nevents
                0x0000525c                process_post
                0x000052ac                process_post_synch
                0x000052be                process_start
                0x000052f4                process_poll
                0x0000530c                process_is_running
 .text          0x0000531a       0x2a contiki-z1.a(autostart.o)
                0x0000531a                autostart_start
                0x00005330                autostart_exit
 .text          0x00005344       0xbe contiki-z1.a(compower.o)
                0x00005344                compower_init
                0x00005356                compower_accumulate
                0x000053c0                compower_clear
                0x000053d2                compower_attrconv
                0x000053e2                compower_accumulate_attrs
 .text          0x00005402      0x104 contiki-z1.a(serial-line.o)
                0x000054a0                serial_line_input_byte
                0x000054ea                serial_line_init
 .text          0x00005506       0xd8 contiki-z1.a(memb.o)
                0x00005506                memb_init
                0x0000553c                memb_alloc
                0x0000557a                memb_free
                0x000055b4                memb_inmemb
 .text          0x000055de       0x8c contiki-z1.a(timer.o)
                0x000055de                timer_set
                0x000055fa                timer_reset
                0x00005608                timer_restart
                0x0000561c                timer_expired
                0x00005646                timer_remaining
 .text          0x0000566a       0xec contiki-z1.a(list.o)
                0x0000566a                list_init
                0x00005670                list_head
                0x00005674                list_copy
                0x0000567a                list_tail
                0x0000568c                list_chop
                0x000056a6                list_pop
                0x000056b4                list_remove
                0x000056e8                list_push
                0x000056fe                list_add
                0x00005724                list_length
                0x00005734                list_insert
                0x0000574a                list_item_next
 .text          0x00005756      0x258 contiki-z1.a(etimer.o)
                0x000057c6                etimer_request_poll
                0x000058d4                etimer_set
                0x000058e6                etimer_reset
                0x000058f8                etimer_restart
                0x0000590a                etimer_adjust
                0x00005924                etimer_expired
                0x00005932                etimer_expiration_time
                0x00005946                etimer_start_time
                0x0000594e                etimer_pending
                0x0000595a                etimer_next_expiration_time
                0x00005970                etimer_stop
 .text          0x000059ae      0x1ce contiki-z1.a(ctimer.o)
                0x00005a4e                ctimer_init
                0x00005a66                ctimer_set
                0x00005ab8                ctimer_reset
                0x00005aee                ctimer_restart
                0x00005b24                ctimer_stop
                0x00005b4c                ctimer_expired
 .text          0x00005b7c       0xaa contiki-z1.a(energest.o)
                0x00005b7c                energest_init
                0x00005ba0                energest_type_time
                0x00005bdc                energest_leveldevice_leveltime
                0x00005be2                energest_type_set
                0x00005bee                energest_flush
 .text          0x00005c26       0x50 contiki-z1.a(rtimer.o)
                0x00005c26                rtimer_init
                0x00005c2c                rtimer_set
                0x00005c50                rtimer_run_next
 .text          0x00005c76        0xc contiki-z1.a(random.o)
                0x00005c76                random_init
                0x00005c7c                random_rand
 .text          0x00005c82       0x94 contiki-z1.a(ringbuf.o)
                0x00005c82                ringbuf_init
                0x00005c96                ringbuf_put
                0x00005cce                ringbuf_get
                0x00005cfc                ringbuf_size
                0x00005d04                ringbuf_elements
 .text          0x00005d16      0x34c contiki-z1.a(nbr-table.o)
                0x00005e28                nbr_table_register
                0x00005e4e                nbr_table_next
                0x00005e92                nbr_table_head
                0x00005ec8                nbr_table_add_lladdr
                0x00005fd8                nbr_table_get_from_lladdr
                0x00006000                nbr_table_remove
                0x0000602a                nbr_table_lock
                0x0000603a                nbr_table_unlock
                0x0000604a                nbr_table_get_lladdr
 .text          0x00006062      0x216 contiki-z1.a(packetbuf.o)
                0x00006062                packetbuf_clear_hdr
                0x0000606a                packetbuf_copyto_hdr
                0x00006086                packetbuf_copyto
                0x000060cc                packetbuf_hdr_remove
                0x000060d2                packetbuf_hdrreduce
                0x000060ec                packetbuf_set_datalen
                0x000060f2                packetbuf_dataptr
                0x00006100                packetbuf_hdrptr
                0x0000610a                packetbuf_is_reference
                0x00006118                packetbuf_compact
                0x00006160                packetbuf_reference_ptr
                0x00006166                packetbuf_datalen
                0x0000616c                packetbuf_hdrlen
                0x00006176                packetbuf_totlen
                0x00006186                packetbuf_hdralloc
                0x000061b0                packetbuf_attr_clear
                0x000061dc                packetbuf_clear
                0x000061f6                packetbuf_reference
                0x0000620c                packetbuf_copyfrom
                0x00006236                packetbuf_attr_copyto
                0x00006256                packetbuf_attr_copyfrom
 .text          0x00006278      0x1a6 contiki-z1.a(queuebuf.o)
                0x00006278                queuebuf_init
                0x00006292                queuebuf_new_from_packetbuf
                0x0000630c                queuebuf_update_attr_from_packetbuf
                0x0000631e                queuebuf_free
                0x0000635e                queuebuf_to_packetbuf
                0x000063c8                queuebuf_dataptr
                0x000063fa                queuebuf_datalen
                0x00006400                queuebuf_addr
                0x0000640e                queuebuf_attr
                0x0000641c                queuebuf_debug_print
 .text          0x0000641e        0xc contiki-z1.a(contiki-z1-plat)
                0x0000641e                init_platform
 .text          0x0000642a       0xd2 contiki-z1.a(msp430.o)
                0x0000642a                msp430_init_dco
                0x00006452                msp430_quick_synch_dco
                0x000064ce                msp430_cpu_init
                0x000064f4                splhigh_
 .text          0x000064fc      0x168 contiki-z1.a(leds.o)
                0x000065f4                leds_init
                0x00006602                leds_get
                0x00006608                leds_on
                0x0000661c                leds_off
                0x00006630                leds_invert
                0x0000663a                leds_toggle
                0x00006640                leds_blink
 .text          0x00006664       0x54 contiki-z1.a(watchdog.o)
                0x00006664                watchdog_start
                0x00006678                watchdog_periodic
                0x0000668a                watchdog_stop
                0x000066a0                watchdog_init
                0x000066b2                watchdog_reboot
 .text          0x000066b8      0x30a contiki-z1.a(xmem.o)
                0x00006724                xmem_init
                0x00006742                xmem_pread
                0x00006804                xmem_pwrite
                0x00006918                xmem_erase
 .text          0x000069c2       0x32 contiki-z1.a(spi.o)
                0x000069c2                spi_init
 .text          0x000069f4      0x9d8 contiki-z1.a(cc2420.o)
                0x00006cf0                cc2420_on
                0x00006d12                cc2420_off
                0x00006ed2                cc2420_get_channel
                0x00006ed8                cc2420_set_channel
                0x00006f50                cc2420_set_pan_addr
                0x00007070                cc2420_interrupt
                0x0000708e                cc2420_set_txpower
                0x0000709c                cc2420_get_txpower
                0x00007262                cc2420_rssi
                0x000072c0                cc2420_cca_valid
                0x000072e4                cc2420_set_cca_threshold
                0x000072fa                cc2420_init
 .text          0x000073cc       0x1a contiki-z1.a(cc2420-arch.o)
                0x000073cc                cc2420_arch_init
 .text          0x000073e6       0x96 contiki-z1.a(node-id.o)
                0x000073e6                node_id_restore
                0x00007432                node_id_burn
 .text          0x0000747c      0x156 contiki-z1.a(sensors.o)
                0x0000753e                sensors_first
                0x00007544                sensors_next
                0x00007568                sensors_changed
                0x00007592                sensors_find
 .text          0x000075d2       0x86 contiki-z1.a(button-sensor.o)
 .text          0x00007658       0x6a contiki-z1.a(uart0.o)
                0x00007658                uart0_active
                0x00007666                uart0_set_input
                0x0000766c                uart0_writeb
                0x00007682                uart0_init
 .text          0x000076c2       0x10 contiki-z1.a(uart0-putchar.o)
                0x000076c2                putchar
 .text          0x000076d2      0x254 contiki-z1.a(adxl345.o)
                0x000076d2                accm_write_reg
                0x00007700                accm_write_stream
                0x0000772a                accm_read_reg
                0x000077d4                accm_read_stream
                0x00007826                accm_read_axis
                0x0000784c                accm_set_grange
                0x00007870                accm_init
                0x000078fa                accm_set_irq
 .text          0x00007926       0xda contiki-z1.a(clock.o)
                0x00007926                clock_time
                0x00007940                clock_set
                0x00007956                clock_fine_max
                0x0000795c                clock_fine
                0x00007968                clock_init
                0x00007990                clock_delay
                0x0000799c                clock_wait
                0x000079c0                clock_set_seconds
                0x000079d8                clock_seconds
                0x000079f2                clock_counter
 .text          0x00007a00       0x74 contiki-z1.a(leds-arch.o)
                0x00007a00                leds_arch_init
                0x00007a0e                leds_arch_get
                0x00007a3c                leds_arch_set
 .text          0x00007a74       0x22 contiki-z1.a(rtimer-arch.o)
                0x00007a74                rtimer_arch_init
                0x00007a82                rtimer_arch_now
                0x00007a90                rtimer_arch_schedule
 .text          0x00007a96      0x108 contiki-z1.a(stunicast.o)
                0x00007ab4                stunicast_open
                0x00007aca                stunicast_receiver
                0x00007ad0                stunicast_set_timer
                0x00007b0e                stunicast_send_stubborn
                0x00007b66                stunicast_send
                0x00007b6c                stunicast_cancel
                0x00007b8c                stunicast_close
 .text          0x00007b9e       0x14 contiki-z1.a(mac.o)
                0x00007b9e                mac_call_sent_callback
 .text          0x00007bb2      0x1b2 contiki-z1.a(framer-802154.o)
 .text          0x00007d64       0xfa contiki-z1.a(i2cmaster.o)
                0x00007d64                i2c_receiveinit
                0x00007d98                i2c_transmitinit
                0x00007dc6                i2c_receive_n
                0x00007e04                i2c_busy
                0x00007e0e                i2c_enable
                0x00007e30                i2c_disable
                0x00007e4a                i2c_transmit_n
 .text          0x00007e5e       0x78 contiki-z1.a(unicast.o)
                0x00007e98                unicast_open
                0x00007eba                unicast_close
                0x00007ec0                unicast_send
 .text          0x00007ed6      0x366 contiki-z1.a(frame802154.o)
                0x00007f62                frame802154_hdrlen
                0x00007f90                frame802154_create
                0x000080c6                frame802154_parse
 .text          0x0000823c        0x0 /usr/local/msp430/bin/../lib/gcc/msp430/4.7.0/mcpu-430x/mmpy-16/libgcc.a(_mulsi3.o)
 .text.libgcc   0x0000823c       0x26 /usr/local/msp430/bin/../lib/gcc/msp430/4.7.0/mcpu-430x/mmpy-16/libgcc.a(_mulsi3.o)
                0x0000823c                __mulsi3
 .text          0x00008262        0x0 /usr/local/msp430/bin/../lib/gcc/msp430/4.7.0/mcpu-430x/mmpy-16/libgcc.a(_udivmod16.o)
 .text.libgcc   0x00008262       0x22 /usr/local/msp430/bin/../lib/gcc/msp430/4.7.0/mcpu-430x/mmpy-16/libgcc.a(_udivmod16.o)
                0x00008262                __udivhi3
                0x00008262                __ext_udivmod16
                0x0000827c                __umodhi3
 .text          0x00008284        0x0 /usr/local/msp430/bin/../lib/gcc/msp430/4.7.0/mcpu-430x/mmpy-16/libgcc.a(_divmod16.o)
 .text.libgcc   0x00008284       0x3a /usr/local/msp430/bin/../lib/gcc/msp430/4.7.0/mcpu-430x/mmpy-16/libgcc.a(_divmod16.o)
                0x00008284                __ext_divmod16
                0x00008284                __divhi3
                0x000082b6                __modhi3
 .text          0x000082be        0x0 /usr/local/msp430/bin/../lib/gcc/msp430/4.7.0/mcpu-430x/mmpy-16/libgcc.a(_udivmod32.o)
 .text.libgcc   0x000082be       0x38 /usr/local/msp430/bin/../lib/gcc/msp430/4.7.0/mcpu-430x/mmpy-16/libgcc.a(_udivmod32.o)
                0x000082be                __udivsi3
                0x000082be                __ext_udivmod32
                0x000082ec                __umodsi3
 .text          0x000082f6      0x1f2 /usr/local/msp430/bin/../lib/gcc/msp430/4.7.0/mcpu-430x/mmpy-16/libgcc.a(_mul_sf.o)
                0x000082f6                __mulsf3
 .text          0x000084e8      0x142 /usr/local/msp430/bin/../lib/gcc/msp430/4.7.0/mcpu-430x/mmpy-16/libgcc.a(_div_sf.o)
                0x000084e8                __divsf3
 .text          0x0000862a       0xa4 /usr/local/msp430/bin/../lib/gcc/msp430/4.7.0/mcpu-430x/mmpy-16/libgcc.a(_si_to_sf.o)
                0x0000862a                __floatsisf
 .text          0x000086ce       0x8c /usr/local/msp430/bin/../lib/gcc/msp430/4.7.0/mcpu-430x/mmpy-16/libgcc.a(_sf_to_si.o)
                0x000086ce                __fixsfsi
 .text          0x0000875a        0x0 /usr/local/msp430/bin/../lib/gcc/msp430/4.7.0/mcpu-430x/mmpy-16/libgcc.a(_thenan_sf.o)
 .text          0x0000875a       0x6a /usr/local/msp430/bin/../lib/gcc/msp430/4.7.0/mcpu-430x/mmpy-16/libgcc.a(_clzsi2.o)
                0x0000875a                __clzsi2
 .text          0x000087c4      0x1c8 /usr/local/msp430/bin/../lib/gcc/msp430/4.7.0/mcpu-430x/mmpy-16/libgcc.a(_pack_sf.o)
                0x000087c4                __pack_f
 .text          0x0000898c      0x10c /usr/local/msp430/bin/../lib/gcc/msp430/4.7.0/mcpu-430x/mmpy-16/libgcc.a(_unpack_sf.o)
                0x0000898c                __unpack_f
 .text          0x00008a98        0x0 /usr/local/msp430/bin/../lib/gcc/msp430/4.7.0/mcpu-430x/mmpy-16/libgcc.a(_clz.o)
 .text          0x00008a98        0x0 /usr/local/msp430/bin/../lib/gcc/msp430/4.7.0/../../../../msp430/lib/mcpu-430x/mmpy-16/libc.a(malloc.o)
 .text.malloc   0x00008a98       0xbe /usr/local/msp430/bin/../lib/gcc/msp430/4.7.0/../../../../msp430/lib/mcpu-430x/mmpy-16/libc.a(malloc.o)
                0x00008a98                malloc
 .text.free     0x00008b56        0x6 /usr/local/msp430/bin/../lib/gcc/msp430/4.7.0/../../../../msp430/lib/mcpu-430x/mmpy-16/libc.a(malloc.o)
                0x00008b56                free
 .text          0x00008b5c        0x0 /usr/local/msp430/bin/../lib/gcc/msp430/4.7.0/../../../../msp430/lib/mcpu-430x/mmpy-16/libc.a(printf.o)
 .text.printf   0x00008b5c       0x10 /usr/local/msp430/bin/../lib/gcc/msp430/4.7.0/../../../../msp430/lib/mcpu-430x/mmpy-16/libc.a(printf.o)
                0x00008b5c                printf
 .text.vprintf  0x00008b6c        0xe /usr/local/msp430/bin/../lib/gcc/msp430/4.7.0/../../../../msp430/lib/mcpu-430x/mmpy-16/libc.a(printf.o)
                0x00008b6c                vprintf
 .text          0x00008b7a        0x0 /usr/local/msp430/bin/../lib/gcc/msp430/4.7.0/../../../../msp430/lib/mcpu-430x/mmpy-16/libc.a(vuprintf.o)
 .text.print_field
                0x00008b7a      0x176 /usr/local/msp430/bin/../lib/gcc/msp430/4.7.0/../../../../msp430/lib/mcpu-430x/mmpy-16/libc.a(vuprintf.o)
 .text.vuprintf
                0x00008cf0      0x740 /usr/local/msp430/bin/../lib/gcc/msp430/4.7.0/../../../../msp430/lib/mcpu-430x/mmpy-16/libc.a(vuprintf.o)
                0x00008cf0                vuprintf
 .text          0x00009430        0x0 /usr/local/msp430/bin/../lib/gcc/msp430/4.7.0/../../../../msp430/lib/mcpu-430x/mmpy-16/libc.a(puts.o)
 .text.puts     0x00009430       0x2c /usr/local/msp430/bin/../lib/gcc/msp430/4.7.0/../../../../msp430/lib/mcpu-430x/mmpy-16/libc.a(puts.o)
                0x00009430                puts
 .text          0x0000945c        0x0 /usr/local/msp430/bin/../lib/gcc/msp430/4.7.0/../../../../msp430/lib/mcpu-430x/mmpy-16/libc.a(rand.o)
 .text.rand_r   0x0000945c       0x24 /usr/local/msp430/bin/../lib/gcc/msp430/4.7.0/../../../../msp430/lib/mcpu-430x/mmpy-16/libc.a(rand.o)
                0x0000945c                rand_r
 .text.rand     0x00009480       0x26 /usr/local/msp430/bin/../lib/gcc/msp430/4.7.0/../../../../msp430/lib/mcpu-430x/mmpy-16/libc.a(rand.o)
                0x00009480                rand
 .text.srand    0x000094a6        0xa /usr/local/msp430/bin/../lib/gcc/msp430/4.7.0/../../../../msp430/lib/mcpu-430x/mmpy-16/libc.a(rand.o)
                0x000094a6                srand
 .text          0x000094b0        0x0 /usr/local/msp430/bin/../lib/gcc/msp430/4.7.0/../../../../msp430/lib/mcpu-430x/mmpy-16/libc.a(strncmp.o)
 .text.strncmp  0x000094b0       0x2a /usr/local/msp430/bin/../lib/gcc/msp430/4.7.0/../../../../msp430/lib/mcpu-430x/mmpy-16/libc.a(strncmp.o)
                0x000094b0                strncmp
 .text          0x000094da        0x0 /usr/local/msp430/bin/../lib/gcc/msp430/4.7.0/../../../../msp430/lib/mcpu-430x/mmpy-16/libc.a(memcmp.o)
 .text.memcmp   0x000094da       0x2c /usr/local/msp430/bin/../lib/gcc/msp430/4.7.0/../../../../msp430/lib/mcpu-430x/mmpy-16/libc.a(memcmp.o)
                0x000094da                memcmp
 .text          0x00009506        0x0 /usr/local/msp430/bin/../lib/gcc/msp430/4.7.0/../../../../msp430/lib/mcpu-430x/mmpy-16/libc.a(memcpy.o)
 .text.memcpy   0x00009506       0xe8 /usr/local/msp430/bin/../lib/gcc/msp430/4.7.0/../../../../msp430/lib/mcpu-430x/mmpy-16/libc.a(memcpy.o)
                0x00009506                memcpy
 .text          0x000095ee        0x0 /usr/local/msp430/bin/../lib/gcc/msp430/4.7.0/../../../../msp430/lib/mcpu-430x/mmpy-16/libc.a(memset.o)
 .text.memset   0x000095ee       0x5c /usr/local/msp430/bin/../lib/gcc/msp430/4.7.0/../../../../msp430/lib/mcpu-430x/mmpy-16/libc.a(memset.o)
                0x000095ee                memset
 .text          0x0000964a        0x0 /usr/local/msp430/bin/../lib/gcc/msp430/4.7.0/mcpu-430x/mmpy-16/libgcc.a(_udivmod64.o)
 .text.libgcc   0x0000964a       0xbc /usr/local/msp430/bin/../lib/gcc/msp430/4.7.0/mcpu-430x/mmpy-16/libgcc.a(_udivmod64.o)
                0x0000964a                __xabi_udivmod64
                0x0000969c                __udivdi3
                0x000096b6                __umoddi3
                0x000096d8                __udivmoddi4
 .text          0x00009706        0x0 /usr/local/msp430/bin/../lib/gcc/msp430/4.7.0/mcpu-430x/mmpy-16/libcrt0.a(_reset_vector__.o)
 .text          0x00009706        0x0 /usr/local/msp430/bin/../lib/gcc/msp430/4.7.0/mcpu-430x/mmpy-16/libcrt0.a(__watchdog_support.o)
 .text          0x00009706        0x0 /usr/local/msp430/bin/../lib/gcc/msp430/4.7.0/mcpu-430x/mmpy-16/libcrt0.a(__init_stack.o)
 .text          0x00009706        0x0 /usr/local/msp430/bin/../lib/gcc/msp430/4.7.0/mcpu-430x/mmpy-16/libcrt0.a(__low_level_init.o)
 .text          0x00009706        0x0 /usr/local/msp430/bin/../lib/gcc/msp430/4.7.0/mcpu-430x/mmpy-16/libcrt0.a(_copy_data.o)
 .text          0x00009706        0x0 /usr/local/msp430/bin/../lib/gcc/msp430/4.7.0/mcpu-430x/mmpy-16/libcrt0.a(_clear_bss.o)
 .text          0x00009706        0x0 /usr/local/msp430/bin/../lib/gcc/msp430/4.7.0/mcpu-430x/mmpy-16/libcrt0.a(__stop_progExec__.o)
 .text          0x00009706        0x0 /usr/local/msp430/bin/../lib/gcc/msp430/4.7.0/mcpu-430x/mmpy-16/libcrt0.a(_endless_loop__.o)
 .text          0x00009706        0x0 /usr/local/msp430/bin/../lib/gcc/msp430/4.7.0/mcpu-430x/mmpy-16/libcrt0.a(_unexpected_.o)
 .text.crt0     0x00009706        0x2 /usr/local/msp430/bin/../lib/gcc/msp430/4.7.0/mcpu-430x/mmpy-16/libcrt0.a(_unexpected_.o)
                0x00009706                _unexpected_
 *(.near.text .near.text.*)
 .near.text     0x00009708        0x6 contiki-z1.a(watchdog.o)
                0x00009708                __isr_26
                0x00009708                watchdog_interrupt
 .near.text     0x0000970e       0x76 contiki-z1.a(button-sensor.o)
                0x0000970e                irq_p2
                0x0000970e                __isr_19
 .near.text     0x00009784       0x64 contiki-z1.a(uart0.o)
                0x00009784                __isr_23
                0x00009784                uart0_rx_interrupt
 .near.text     0x000097e8       0xbe contiki-z1.a(adxl345.o)
                0x000097e8                port1_isr
                0x000097e8                __isr_18
 .near.text     0x000098a6       0xea contiki-z1.a(clock.o)
                0x000098a6                __isr_24
                0x000098a6                timera1
 .near.text     0x00009990       0x5c contiki-z1.a(rtimer-arch.o)
                0x00009990                __isr_25
                0x00009990                timera0
 .near.text     0x000099ec       0x98 contiki-z1.a(i2cmaster.o)
                0x000099ec                __isr_16
                0x000099ec                i2c_tx_interrupt
                0x00009a70                i2c_rx_interrupt
                0x00009a70                __isr_17

.rodata         0x00009a84      0x585
                0x00009a84                . = ALIGN (0x2)
 *(.rodata .rodata.* .gnu.linkonce.r.*)
 .rodata        0x00009a84      0x27e RPLRoot.co
                0x00009c8c                autostart_processes
 .rodata        0x00009d02       0xd4 obj_z1/contiki-z1-main.o
 .rodata        0x00009dd6        0x2 contiki-z1.a(rimeaddr.o)
                0x00009dd6                rimeaddr_null
 .rodata        0x00009dd8        0xc contiki-z1.a(rime.o)
                0x00009dde                rime_driver
 .rodata        0x00009de4        0x4 contiki-z1.a(broadcast-annou)
 .rodata        0x00009de8        0x8 contiki-z1.a(broadcast.o)
 .rodata        0x00009df0        0xe contiki-z1.a(runicast.o)
 .rodata        0x00009dfe        0x2 contiki-z1.a(abc.o)
 .rodata        0x00009e00       0x10 contiki-z1.a(chameleon-bitop)
                0x00009e00                chameleon_bitopt
 .rodata        0x00009e10       0x14 contiki-z1.a(csma.o)
                0x00009e16                csma_driver
 .rodata        0x00009e24       0x1c contiki-z1.a(contikimac.o)
                0x00009e30                contikimac_driver
 .rodata        0x00009e40        0xe contiki-z1.a(serial-line.o)
 .rodata        0x00009e4e        0xc contiki-z1.a(etimer.o)
 .rodata        0x00009e5a        0xf contiki-z1.a(ctimer.o)
 .rodata        0x00009e69       0x2c contiki-z1.a(xmem.o)
 *fill*         0x00009e95        0x1 00
 .rodata        0x00009e96       0x22 contiki-z1.a(cc2420.o)
                0x00009e96                cc2420_driver
 .rodata        0x00009eb8        0x8 contiki-z1.a(sensors.o)
 .rodata        0x00009ec0       0x10 contiki-z1.a(button-sensor.o)
                0x00009ec8                button_sensor
 .rodata        0x00009ed0       0x16 contiki-z1.a(adxl345.o)
 .rodata        0x00009ee6        0x4 contiki-z1.a(stunicast.o)
 .rodata        0x00009eea        0x4 contiki-z1.a(framer-802154.o)
                0x00009eea                framer_802154
 .rodata        0x00009eee        0xa contiki-z1.a(unicast.o)
 .rodata        0x00009ef8        0x2 contiki-z1.a(frame802154.o)
 .rodata        0x00009efa        0x8 /usr/local/msp430/bin/../lib/gcc/msp430/4.7.0/mcpu-430x/mmpy-16/libgcc.a(_thenan_sf.o)
                0x00009efa                __thenan_sf
 .rodata        0x00009f02      0x100 /usr/local/msp430/bin/../lib/gcc/msp430/4.7.0/mcpu-430x/mmpy-16/libgcc.a(_clz.o)
                0x00009f02                __clz_tab
 .rodata.vuprintf
                0x0000a002        0x7 /usr/local/msp430/bin/../lib/gcc/msp430/4.7.0/../../../../msp430/lib/mcpu-430x/mmpy-16/libc.a(vuprintf.o)
 *(.near.rodata .near.rodata.*)
                0x0000a00a                . = ALIGN (0x2)
                0x0000a00a                _etext = .

.data           0x00001100       0xda load address 0x0000a00a
                0x00001100                . = ALIGN (0x2)
                0x00001100                __data_start = .
 *(.data .data.* .gnu.linkonce.d.*)
 .data          0x00001100        0x0 /usr/local/msp430/bin/../lib/gcc/msp430/4.7.0/mcpu-430x/mmpy-16/crt0ivtbl32.o
 .data          0x00001100       0x36 RPLRoot.co
                0x00001100                listen_gateway
                0x0000110a                tc
                0x0000110c                tmax
                0x0000110e                tmin
                0x00001110                k
                0x00001112                rime_receiver_process
                0x0000111c                mini_rpl_process
 .data          0x00001136        0x4 obj_z1/contiki-z1-main.o
                0x00001136                sensors
 .data          0x0000113a        0x0 contiki-z1.a(rimeaddr.o)
 .data          0x0000113a        0x0 contiki-z1.a(rime.o)
 .data          0x0000113a        0x0 contiki-z1.a(announcement.o)
 .data          0x0000113a        0x0 contiki-z1.a(broadcast-annou)
 .data          0x0000113a        0x0 contiki-z1.a(broadcast.o)
 .data          0x0000113a        0x0 contiki-z1.a(runicast.o)
 .data          0x0000113a        0x0 contiki-z1.a(abc.o)
 .data          0x0000113a        0x0 contiki-z1.a(chameleon.o)
 .data          0x0000113a        0x0 contiki-z1.a(channel.o)
 .data          0x0000113a        0x0 contiki-z1.a(chameleon-bitop)
 .data          0x0000113a       0x18 contiki-z1.a(csma.o)
 .data          0x00001152        0x0 contiki-z1.a(contikimac.o)
 .data          0x00001152       0x10 contiki-z1.a(phase.o)
 .data          0x00001162        0x0 contiki-z1.a(process.o)
 .data          0x00001162        0x0 contiki-z1.a(autostart.o)
 .data          0x00001162        0x0 contiki-z1.a(compower.o)
 .data          0x00001162        0xa contiki-z1.a(serial-line.o)
                0x00001162                serial_line_process
 .data          0x0000116c        0x0 contiki-z1.a(memb.o)
 .data          0x0000116c        0x0 contiki-z1.a(timer.o)
 .data          0x0000116c        0x0 contiki-z1.a(list.o)
 .data          0x0000116c        0xa contiki-z1.a(etimer.o)
                0x0000116c                etimer_process
 .data          0x00001176        0xa contiki-z1.a(ctimer.o)
                0x00001176                ctimer_process
 .data          0x00001180        0x0 contiki-z1.a(energest.o)
 .data          0x00001180        0x0 contiki-z1.a(rtimer.o)
 .data          0x00001180        0x0 contiki-z1.a(random.o)
 .data          0x00001180        0x0 contiki-z1.a(ringbuf.o)
 .data          0x00001180        0x8 contiki-z1.a(nbr-table.o)
 .data          0x00001188        0x0 contiki-z1.a(packetbuf.o)
 .data          0x00001188       0x18 contiki-z1.a(queuebuf.o)
 .data          0x000011a0        0x0 contiki-z1.a(contiki-z1-plat)
 .data          0x000011a0        0x2 contiki-z1.a(msp430.o)
 .data          0x000011a2        0x0 contiki-z1.a(leds.o)
 .data          0x000011a2        0x0 contiki-z1.a(watchdog.o)
 .data          0x000011a2        0x0 contiki-z1.a(xmem.o)
 .data          0x000011a2        0x0 contiki-z1.a(spi.o)
 .data          0x000011a2        0xa contiki-z1.a(cc2420.o)
                0x000011a2                cc2420_process
 .data          0x000011ac        0x0 contiki-z1.a(cc2420-arch.o)
 .data          0x000011ac        0x0 contiki-z1.a(node-id.o)
 .data          0x000011ac        0xa contiki-z1.a(sensors.o)
                0x000011ac                sensors_process
 .data          0x000011b6        0x0 contiki-z1.a(button-sensor.o)
 .data          0x000011b6        0x0 contiki-z1.a(uart0.o)
 .data          0x000011b6        0x0 contiki-z1.a(uart0-putchar.o)
 .data          0x000011b6       0x20 contiki-z1.a(adxl345.o)
                0x000011b6                accmeter_process
 .data          0x000011d6        0x0 contiki-z1.a(clock.o)
 .data          0x000011d6        0x0 contiki-z1.a(leds-arch.o)
 .data          0x000011d6        0x0 contiki-z1.a(rtimer-arch.o)
 .data          0x000011d6        0x0 contiki-z1.a(stunicast.o)
 .data          0x000011d6        0x0 contiki-z1.a(mac.o)
 .data          0x000011d6        0x0 contiki-z1.a(framer-802154.o)
 .data          0x000011d6        0x0 contiki-z1.a(i2cmaster.o)
 .data          0x000011d6        0x0 contiki-z1.a(unicast.o)
 .data          0x000011d6        0x0 contiki-z1.a(frame802154.o)
 .data          0x000011d6        0x0 /usr/local/msp430/bin/../lib/gcc/msp430/4.7.0/mcpu-430x/mmpy-16/libgcc.a(_mulsi3.o)
 .data          0x000011d6        0x0 /usr/local/msp430/bin/../lib/gcc/msp430/4.7.0/mcpu-430x/mmpy-16/libgcc.a(_udivmod16.o)
 .data          0x000011d6        0x0 /usr/local/msp430/bin/../lib/gcc/msp430/4.7.0/mcpu-430x/mmpy-16/libgcc.a(_divmod16.o)
 .data          0x000011d6        0x0 /usr/local/msp430/bin/../lib/gcc/msp430/4.7.0/mcpu-430x/mmpy-16/libgcc.a(_udivmod32.o)
 .data          0x000011d6        0x0 /usr/local/msp430/bin/../lib/gcc/msp430/4.7.0/mcpu-430x/mmpy-16/libgcc.a(_mul_sf.o)
 .data          0x000011d6        0x0 /usr/local/msp430/bin/../lib/gcc/msp430/4.7.0/mcpu-430x/mmpy-16/libgcc.a(_div_sf.o)
 .data          0x000011d6        0x0 /usr/local/msp430/bin/../lib/gcc/msp430/4.7.0/mcpu-430x/mmpy-16/libgcc.a(_si_to_sf.o)
 .data          0x000011d6        0x0 /usr/local/msp430/bin/../lib/gcc/msp430/4.7.0/mcpu-430x/mmpy-16/libgcc.a(_sf_to_si.o)
 .data          0x000011d6        0x0 /usr/local/msp430/bin/../lib/gcc/msp430/4.7.0/mcpu-430x/mmpy-16/libgcc.a(_thenan_sf.o)
 .data          0x000011d6        0x0 /usr/local/msp430/bin/../lib/gcc/msp430/4.7.0/mcpu-430x/mmpy-16/libgcc.a(_clzsi2.o)
 .data          0x000011d6        0x0 /usr/local/msp430/bin/../lib/gcc/msp430/4.7.0/mcpu-430x/mmpy-16/libgcc.a(_pack_sf.o)
 .data          0x000011d6        0x0 /usr/local/msp430/bin/../lib/gcc/msp430/4.7.0/mcpu-430x/mmpy-16/libgcc.a(_unpack_sf.o)
 .data          0x000011d6        0x0 /usr/local/msp430/bin/../lib/gcc/msp430/4.7.0/mcpu-430x/mmpy-16/libgcc.a(_clz.o)
 .data          0x000011d6        0x0 /usr/local/msp430/bin/../lib/gcc/msp430/4.7.0/../../../../msp430/lib/mcpu-430x/mmpy-16/libc.a(malloc.o)
 .data          0x000011d6        0x0 /usr/local/msp430/bin/../lib/gcc/msp430/4.7.0/../../../../msp430/lib/mcpu-430x/mmpy-16/libc.a(printf.o)
 .data          0x000011d6        0x0 /usr/local/msp430/bin/../lib/gcc/msp430/4.7.0/../../../../msp430/lib/mcpu-430x/mmpy-16/libc.a(vuprintf.o)
 .data          0x000011d6        0x0 /usr/local/msp430/bin/../lib/gcc/msp430/4.7.0/../../../../msp430/lib/mcpu-430x/mmpy-16/libc.a(puts.o)
 .data          0x000011d6        0x0 /usr/local/msp430/bin/../lib/gcc/msp430/4.7.0/../../../../msp430/lib/mcpu-430x/mmpy-16/libc.a(rand.o)
 .data.next     0x000011d6        0x4 /usr/local/msp430/bin/../lib/gcc/msp430/4.7.0/../../../../msp430/lib/mcpu-430x/mmpy-16/libc.a(rand.o)
 .data          0x000011da        0x0 /usr/local/msp430/bin/../lib/gcc/msp430/4.7.0/../../../../msp430/lib/mcpu-430x/mmpy-16/libc.a(strncmp.o)
 .data          0x000011da        0x0 /usr/local/msp430/bin/../lib/gcc/msp430/4.7.0/../../../../msp430/lib/mcpu-430x/mmpy-16/libc.a(memcmp.o)
 .data          0x000011da        0x0 /usr/local/msp430/bin/../lib/gcc/msp430/4.7.0/../../../../msp430/lib/mcpu-430x/mmpy-16/libc.a(memcpy.o)
 .data          0x000011da        0x0 /usr/local/msp430/bin/../lib/gcc/msp430/4.7.0/../../../../msp430/lib/mcpu-430x/mmpy-16/libc.a(memset.o)
 .data          0x000011da        0x0 /usr/local/msp430/bin/../lib/gcc/msp430/4.7.0/mcpu-430x/mmpy-16/libgcc.a(_udivmod64.o)
 .data          0x000011da        0x0 /usr/local/msp430/bin/../lib/gcc/msp430/4.7.0/mcpu-430x/mmpy-16/libcrt0.a(_reset_vector__.o)
 .data          0x000011da        0x0 /usr/local/msp430/bin/../lib/gcc/msp430/4.7.0/mcpu-430x/mmpy-16/libcrt0.a(__watchdog_support.o)
 .data          0x000011da        0x0 /usr/local/msp430/bin/../lib/gcc/msp430/4.7.0/mcpu-430x/mmpy-16/libcrt0.a(__init_stack.o)
 .data          0x000011da        0x0 /usr/local/msp430/bin/../lib/gcc/msp430/4.7.0/mcpu-430x/mmpy-16/libcrt0.a(__low_level_init.o)
 .data          0x000011da        0x0 /usr/local/msp430/bin/../lib/gcc/msp430/4.7.0/mcpu-430x/mmpy-16/libcrt0.a(_copy_data.o)
 .data          0x000011da        0x0 /usr/local/msp430/bin/../lib/gcc/msp430/4.7.0/mcpu-430x/mmpy-16/libcrt0.a(_clear_bss.o)
 .data          0x000011da        0x0 /usr/local/msp430/bin/../lib/gcc/msp430/4.7.0/mcpu-430x/mmpy-16/libcrt0.a(__stop_progExec__.o)
 .data          0x000011da        0x0 /usr/local/msp430/bin/../lib/gcc/msp430/4.7.0/mcpu-430x/mmpy-16/libcrt0.a(_endless_loop__.o)
 .data          0x000011da        0x0 /usr/local/msp430/bin/../lib/gcc/msp430/4.7.0/mcpu-430x/mmpy-16/libcrt0.a(_unexpected_.o)
 *(.near.data .near.data.*)
                0x000011da                . = ALIGN (0x2)
                0x000011da                _edata = .
                0x0000a00a                __data_load_start = LOADADDR (.data)
                0x000000da                __data_size = SIZEOF (.data)

.bss            0x000011da      0xd9e load address 0x0000a0e4
                0x000011da                __bss_start = .
 *(.bss .bss.*)
 .bss           0x000011da        0x0 /usr/local/msp430/bin/../lib/gcc/msp430/4.7.0/mcpu-430x/mmpy-16/crt0ivtbl32.o
 .bss           0x000011da       0xe2 RPLRoot.co
                0x000011da                gc
 .bss           0x000012bc        0x4 obj_z1/contiki-z1-main.o
 .bss           0x000012c0        0x0 contiki-z1.a(rimeaddr.o)
 .bss           0x000012c0        0x2 contiki-z1.a(rime.o)
 .bss           0x000012c2        0x6 contiki-z1.a(announcement.o)
 .bss           0x000012c8       0x46 contiki-z1.a(broadcast-annou)
 .bss           0x0000130e        0x0 contiki-z1.a(broadcast.o)
 .bss           0x0000130e        0x0 contiki-z1.a(runicast.o)
 .bss           0x0000130e        0x0 contiki-z1.a(abc.o)
 .bss           0x0000130e        0x0 contiki-z1.a(chameleon.o)
 .bss           0x0000130e        0x2 contiki-z1.a(channel.o)
 .bss           0x00001310        0x0 contiki-z1.a(chameleon-bitop)
 .bss           0x00001310       0xb6 contiki-z1.a(csma.o)
 .bss           0x000013c6       0x74 contiki-z1.a(contikimac.o)
 .bss           0x0000143a      0x148 contiki-z1.a(phase.o)
 .bss           0x00001582       0x42 contiki-z1.a(process.o)
                0x00001582                process_current
                0x00001584                process_list
 .bss           0x000015c4        0x0 contiki-z1.a(autostart.o)
 .bss           0x000015c4        0x8 contiki-z1.a(compower.o)
 .bss           0x000015cc      0x10a contiki-z1.a(serial-line.o)
 .bss           0x000016d6        0x0 contiki-z1.a(memb.o)
 .bss           0x000016d6        0x0 contiki-z1.a(timer.o)
 .bss           0x000016d6        0x0 contiki-z1.a(list.o)
 .bss           0x000016d6        0x6 contiki-z1.a(etimer.o)
 .bss           0x000016dc        0x4 contiki-z1.a(ctimer.o)
 .bss           0x000016e0        0x0 contiki-z1.a(energest.o)
 .bss           0x000016e0        0x2 contiki-z1.a(rtimer.o)
 .bss           0x000016e2        0x0 contiki-z1.a(random.o)
 .bss           0x000016e2        0x0 contiki-z1.a(ringbuf.o)
 .bss           0x000016e2       0x4c contiki-z1.a(nbr-table.o)
 .bss           0x0000172e       0xba contiki-z1.a(packetbuf.o)
 .bss           0x000017e8      0x65e contiki-z1.a(queuebuf.o)
 .bss           0x00001e46        0x0 contiki-z1.a(contiki-z1-plat)
 .bss           0x00001e46        0x0 contiki-z1.a(msp430.o)
 .bss           0x00001e46        0x2 contiki-z1.a(leds.o)
 .bss           0x00001e48        0x2 contiki-z1.a(watchdog.o)
 .bss           0x00001e4a        0x0 contiki-z1.a(xmem.o)
 .bss           0x00001e4a        0x1 contiki-z1.a(spi.o)
                0x00001e4a                spi_busy
 *fill*         0x00001e4b        0x1 00
 .bss           0x00001e4c        0xa contiki-z1.a(cc2420.o)
 .bss           0x00001e56        0x0 contiki-z1.a(cc2420-arch.o)
 .bss           0x00001e56        0x2 contiki-z1.a(node-id.o)
                0x00001e56                node_id
 .bss           0x00001e58        0x6 contiki-z1.a(sensors.o)
 .bss           0x00001e5e        0x8 contiki-z1.a(button-sensor.o)
 .bss           0x00001e66        0x4 contiki-z1.a(uart0.o)
 .bss           0x00001e6a        0x0 contiki-z1.a(uart0-putchar.o)
 .bss           0x00001e6a       0x16 contiki-z1.a(adxl345.o)
 .bss           0x00001e80        0xa contiki-z1.a(clock.o)
 .bss           0x00001e8a        0x0 contiki-z1.a(leds-arch.o)
 .bss           0x00001e8a        0x0 contiki-z1.a(rtimer-arch.o)
 .bss           0x00001e8a        0x0 contiki-z1.a(stunicast.o)
 .bss           0x00001e8a        0x0 contiki-z1.a(mac.o)
 .bss           0x00001e8a        0x2 contiki-z1.a(framer-802154.o)
 .bss           0x00001e8c        0x2 contiki-z1.a(i2cmaster.o)
 .bss           0x00001e8e        0x0 contiki-z1.a(unicast.o)
 .bss           0x00001e8e        0x0 contiki-z1.a(frame802154.o)
 .bss           0x00001e8e        0x0 /usr/local/msp430/bin/../lib/gcc/msp430/4.7.0/mcpu-430x/mmpy-16/libgcc.a(_mulsi3.o)
 .bss           0x00001e8e        0x0 /usr/local/msp430/bin/../lib/gcc/msp430/4.7.0/mcpu-430x/mmpy-16/libgcc.a(_udivmod16.o)
 .bss           0x00001e8e        0x0 /usr/local/msp430/bin/../lib/gcc/msp430/4.7.0/mcpu-430x/mmpy-16/libgcc.a(_divmod16.o)
 .bss           0x00001e8e        0x0 /usr/local/msp430/bin/../lib/gcc/msp430/4.7.0/mcpu-430x/mmpy-16/libgcc.a(_udivmod32.o)
 .bss           0x00001e8e        0x0 /usr/local/msp430/bin/../lib/gcc/msp430/4.7.0/mcpu-430x/mmpy-16/libgcc.a(_mul_sf.o)
 .bss           0x00001e8e        0x0 /usr/local/msp430/bin/../lib/gcc/msp430/4.7.0/mcpu-430x/mmpy-16/libgcc.a(_div_sf.o)
 .bss           0x00001e8e        0x0 /usr/local/msp430/bin/../lib/gcc/msp430/4.7.0/mcpu-430x/mmpy-16/libgcc.a(_si_to_sf.o)
 .bss           0x00001e8e        0x0 /usr/local/msp430/bin/../lib/gcc/msp430/4.7.0/mcpu-430x/mmpy-16/libgcc.a(_sf_to_si.o)
 .bss           0x00001e8e        0x0 /usr/local/msp430/bin/../lib/gcc/msp430/4.7.0/mcpu-430x/mmpy-16/libgcc.a(_thenan_sf.o)
 .bss           0x00001e8e        0x0 /usr/local/msp430/bin/../lib/gcc/msp430/4.7.0/mcpu-430x/mmpy-16/libgcc.a(_clzsi2.o)
 .bss           0x00001e8e        0x0 /usr/local/msp430/bin/../lib/gcc/msp430/4.7.0/mcpu-430x/mmpy-16/libgcc.a(_pack_sf.o)
 .bss           0x00001e8e        0x0 /usr/local/msp430/bin/../lib/gcc/msp430/4.7.0/mcpu-430x/mmpy-16/libgcc.a(_unpack_sf.o)
 .bss           0x00001e8e        0x0 /usr/local/msp430/bin/../lib/gcc/msp430/4.7.0/mcpu-430x/mmpy-16/libgcc.a(_clz.o)
 .bss           0x00001e8e        0x0 /usr/local/msp430/bin/../lib/gcc/msp430/4.7.0/../../../../msp430/lib/mcpu-430x/mmpy-16/libc.a(malloc.o)
 .bss.once.1522
                0x00001e8e        0x1 /usr/local/msp430/bin/../lib/gcc/msp430/4.7.0/../../../../msp430/lib/mcpu-430x/mmpy-16/libc.a(malloc.o)
 .bss           0x00001e8f        0x0 /usr/local/msp430/bin/../lib/gcc/msp430/4.7.0/../../../../msp430/lib/mcpu-430x/mmpy-16/libc.a(printf.o)
 .bss           0x00001e8f        0x0 /usr/local/msp430/bin/../lib/gcc/msp430/4.7.0/../../../../msp430/lib/mcpu-430x/mmpy-16/libc.a(vuprintf.o)
 .bss           0x00001e8f        0x0 /usr/local/msp430/bin/../lib/gcc/msp430/4.7.0/../../../../msp430/lib/mcpu-430x/mmpy-16/libc.a(puts.o)
 .bss           0x00001e8f        0x0 /usr/local/msp430/bin/../lib/gcc/msp430/4.7.0/../../../../msp430/lib/mcpu-430x/mmpy-16/libc.a(rand.o)
 .bss           0x00001e8f        0x0 /usr/local/msp430/bin/../lib/gcc/msp430/4.7.0/../../../../msp430/lib/mcpu-430x/mmpy-16/libc.a(strncmp.o)
 .bss           0x00001e8f        0x0 /usr/local/msp430/bin/../lib/gcc/msp430/4.7.0/../../../../msp430/lib/mcpu-430x/mmpy-16/libc.a(memcmp.o)
 .bss           0x00001e8f        0x0 /usr/local/msp430/bin/../lib/gcc/msp430/4.7.0/../../../../msp430/lib/mcpu-430x/mmpy-16/libc.a(memcpy.o)
 .bss           0x00001e8f        0x0 /usr/local/msp430/bin/../lib/gcc/msp430/4.7.0/../../../../msp430/lib/mcpu-430x/mmpy-16/libc.a(memset.o)
 .bss           0x00001e8f        0x0 /usr/local/msp430/bin/../lib/gcc/msp430/4.7.0/mcpu-430x/mmpy-16/libgcc.a(_udivmod64.o)
 .bss           0x00001e8f        0x0 /usr/local/msp430/bin/../lib/gcc/msp430/4.7.0/mcpu-430x/mmpy-16/libcrt0.a(_reset_vector__.o)
 .bss           0x00001e8f        0x0 /usr/local/msp430/bin/../lib/gcc/msp430/4.7.0/mcpu-430x/mmpy-16/libcrt0.a(__watchdog_support.o)
 .bss           0x00001e8f        0x0 /usr/local/msp430/bin/../lib/gcc/msp430/4.7.0/mcpu-430x/mmpy-16/libcrt0.a(__init_stack.o)
 .bss           0x00001e8f        0x0 /usr/local/msp430/bin/../lib/gcc/msp430/4.7.0/mcpu-430x/mmpy-16/libcrt0.a(__low_level_init.o)
 .bss           0x00001e8f        0x0 /usr/local/msp430/bin/../lib/gcc/msp430/4.7.0/mcpu-430x/mmpy-16/libcrt0.a(_copy_data.o)
 .bss           0x00001e8f        0x0 /usr/local/msp430/bin/../lib/gcc/msp430/4.7.0/mcpu-430x/mmpy-16/libcrt0.a(_clear_bss.o)
 .bss           0x00001e8f        0x0 /usr/local/msp430/bin/../lib/gcc/msp430/4.7.0/mcpu-430x/mmpy-16/libcrt0.a(__stop_progExec__.o)
 .bss           0x00001e8f        0x0 /usr/local/msp430/bin/../lib/gcc/msp430/4.7.0/mcpu-430x/mmpy-16/libcrt0.a(_endless_loop__.o)
 .bss           0x00001e8f        0x0 /usr/local/msp430/bin/../lib/gcc/msp430/4.7.0/mcpu-430x/mmpy-16/libcrt0.a(_unexpected_.o)
 *(.near.bss .near.bss.*)
 *(COMMON)
 *fill*         0x00001e8f        0x1 00
 COMMON         0x00001e90       0x16 RPLRoot.co
                0x00001e90                client
                0x00001e96                children
 COMMON         0x00001ea6        0x2 obj_z1/contiki-z1-main.o
                0x00001ea6                sensors_flags
 COMMON         0x00001ea8        0x2 contiki-z1.a(rimeaddr.o)
                0x00001ea8                rimeaddr_node_addr
 COMMON         0x00001eaa        0x1 contiki-z1.a(process.o)
                0x00001eaa                process_maxevents
 *fill*         0x00001eab        0x1 00
 COMMON         0x00001eac        0x8 contiki-z1.a(compower.o)
                0x00001eac                compower_idle_activity
 COMMON         0x00001eb4        0x1 contiki-z1.a(serial-line.o)
                0x00001eb4                serial_line_event_message
 *fill*         0x00001eb5        0x1 00
 COMMON         0x00001eb6       0x56 contiki-z1.a(energest.o)
                0x00001eb6                energest_total_time
                0x00001ee6                energest_total_count
                0x00001ee8                energest_current_mode
                0x00001ef4                energest_current_time
 COMMON         0x00001f0c       0x38 contiki-z1.a(packetbuf.o)
                0x00001f0c                packetbuf_addrs
                0x00001f14                packetbuf_attrs
 COMMON         0x00001f44       0x14 contiki-z1.a(cc2420.o)
                0x00001f44                cc2420_last_rssi
                0x00001f46                cc2420_packets_read
                0x00001f48                cc2420_packets_seen
                0x00001f4a                cc2420_sfd_start_time
                0x00001f4c                cc2420_time_of_departure
                0x00001f4e                cc2420_time_of_arrival
                0x00001f50                cc2420_last_correlation
                0x00001f52                cc2420_authority_level_of_sender
                0x00001f54                cc2420_sfd_counter
                0x00001f56                cc2420_sfd_end_time
 COMMON         0x00001f58        0x8 contiki-z1.a(node-id.o)
                0x00001f58                node_mac
 COMMON         0x00001f60        0x1 contiki-z1.a(sensors.o)
                0x00001f60                sensors_event
 *fill*         0x00001f61        0x1 00
 COMMON         0x00001f62        0x7 contiki-z1.a(adxl345.o)
                0x00001f62                accm_int2_cb
                0x00001f64                int2_event
                0x00001f66                accm_int1_cb
                0x00001f68                int1_event
 *fill*         0x00001f69        0x1 00
 COMMON         0x00001f6a        0xe contiki-z1.a(i2cmaster.o)
                0x00001f6a                transmit_data1
                0x00001f6b                rx_byte_ctr
                0x00001f6c                tx_buf_ptr
                0x00001f6e                tx_byte_ctr
                0x00001f70                i
                0x00001f72                receive_data
                0x00001f73                rx_buf
                0x00001f75                transmit_data2
                0x00001f76                rx_buf_ptr
                0x00001f78                . = ALIGN (0x2)
                0x00001f78                __bss_end = .
                0x00000d9e                __bss_size = SIZEOF (.bss)

.noinit         0x00001f78        0x2 load address 0x0000a0e4
                0x00001f78                . = ALIGN (0x2)
                0x00001f78                __noinit_start = .
 *(.noinit .noinit.*)
 .noinit.crt0   0x00001f78        0x2 /usr/local/msp430/bin/../lib/gcc/msp430/4.7.0/mcpu-430x/mmpy-16/libcrt0.a(__watchdog_support.o)
                0x00001f78                __wdt_clear_value
                0x00001f7a                . = ALIGN (0x2)
                0x00001f7a                __noinit_end = .
                0x00001f7a                . = ALIGN (0x2)
                0x00001f7a                _end = .

.infomem        0x00001000        0x0
                0x00001000                . = ALIGN (0x2)
 *(.infomem .infomem.*)

.infomemnobits  0x00001000        0x0
                0x00001000                . = ALIGN (0x2)
 *(.infomemnobits .infomemnobits.*)

.infoa          0x000010c0        0x0
                0x000010c0                . = ALIGN (0x2)
 *(.infoa .infoa.*)

.infob          0x00001080        0x0
                0x00001080                . = ALIGN (0x2)
 *(.infob .infob.*)

.infoc          0x00001040        0x0
                0x00001040                . = ALIGN (0x2)
 *(.infoc .infoc.*)

.infod          0x00001000        0x0
                0x00001000                . = ALIGN (0x2)
 *(.infod .infod.*)

.vectors        0x0000ffc0       0x40
                0x0000ffc0                __vectors_start = .
 *(.vectors*)
 .vectors       0x0000ffc0       0x40 /usr/local/msp430/bin/../lib/gcc/msp430/4.7.0/mcpu-430x/mmpy-16/crt0ivtbl32.o
                0x0000ffc0                __ivtbl_32
                0x00010000                _vectors_end = .

.fartext        0x00010000        0x0
                0x00010000                . = ALIGN (0x2)
 *(.fartext .fartext.*)

.far.text       0x00010000        0x0
                0x00010000                . = ALIGN (0x2)
 *(.far.text .far.text.*)

.far.rodata     0x00010000        0x0
                0x00010000                . = ALIGN (0x2)
 *(.far.rodata .far.rodata.*)
                0x00010000                . = ALIGN (0x2)
                0x00010000                _efartext = .

.far.data       0x00000000        0x0 load address 0x00010000
                0x00000000                . = ALIGN (0x2)
                0x00000000                __far_data_start = .
 *(.far.data .far.data.*)
                0x00000000                . = ALIGN (0x2)
                0x00000000                _efardata = .
                0x00010000                __far_data_load_start = LOADADDR (.far.data)
                0x00000000                __far_data_size = SIZEOF (.far.data)

.far.bss        0x00000000        0x0 load address 0x00010000
                0x00000000                . = ALIGN (0x2)
                0x00000000                __far_bss_start = .
 *(.far.bss .far.bss.*)
                0x00000000                . = ALIGN (0x2)
                0x00000000                __far_bss_end = .
                0x00000000                __far_bss_size = SIZEOF (.far.bss)
                0x00000000                . = ALIGN (0x2)
                0x00000000                _far_end = .

.profiler
 *(.profiler)

.stab
 *(.stab)

.stabstr
 *(.stabstr)

.stab.excl
 *(.stab.excl)

.stab.exclstr
 *(.stab.exclstr)

.stab.index
 *(.stab.index)

.stab.indexstr
 *(.stab.indexstr)

.comment        0x00000000       0x30
 *(.comment)
 .comment       0x00000000       0x30 RPLRoot.co
                                 0x31 (size before relaxing)
 .comment       0x00000000       0x31 obj_z1/contiki-z1-main.o
 .comment       0x00000000       0x31 contiki-z1.a(rimeaddr.o)
 .comment       0x00000000       0x31 contiki-z1.a(rime.o)
 .comment       0x00000000       0x31 contiki-z1.a(announcement.o)
 .comment       0x00000000       0x31 contiki-z1.a(broadcast-annou)
 .comment       0x00000000       0x31 contiki-z1.a(broadcast.o)
 .comment       0x00000000       0x31 contiki-z1.a(runicast.o)
 .comment       0x00000000       0x31 contiki-z1.a(abc.o)
 .comment       0x00000000       0x31 contiki-z1.a(chameleon.o)
 .comment       0x00000000       0x31 contiki-z1.a(channel.o)
 .comment       0x00000000       0x31 contiki-z1.a(chameleon-bitop)
 .comment       0x00000000       0x31 contiki-z1.a(csma.o)
 .comment       0x00000000       0x31 contiki-z1.a(contikimac.o)
 .comment       0x00000000       0x31 contiki-z1.a(phase.o)
 .comment       0x00000000       0x31 contiki-z1.a(process.o)
 .comment       0x00000000       0x31 contiki-z1.a(autostart.o)
 .comment       0x00000000       0x31 contiki-z1.a(compower.o)
 .comment       0x00000000       0x31 contiki-z1.a(serial-line.o)
 .comment       0x00000000       0x31 contiki-z1.a(memb.o)
 .comment       0x00000000       0x31 contiki-z1.a(timer.o)
 .comment       0x00000000       0x31 contiki-z1.a(list.o)
 .comment       0x00000000       0x31 contiki-z1.a(etimer.o)
 .comment       0x00000000       0x31 contiki-z1.a(ctimer.o)
 .comment       0x00000000       0x31 contiki-z1.a(energest.o)
 .comment       0x00000000       0x31 contiki-z1.a(rtimer.o)
 .comment       0x00000000       0x31 contiki-z1.a(random.o)
 .comment       0x00000000       0x31 contiki-z1.a(ringbuf.o)
 .comment       0x00000000       0x31 contiki-z1.a(nbr-table.o)
 .comment       0x00000000       0x31 contiki-z1.a(packetbuf.o)
 .comment       0x00000000       0x31 contiki-z1.a(queuebuf.o)
 .comment       0x00000000       0x31 contiki-z1.a(contiki-z1-plat)
 .comment       0x00000000       0x31 contiki-z1.a(msp430.o)
 .comment       0x00000000       0x31 contiki-z1.a(leds.o)
 .comment       0x00000000       0x31 contiki-z1.a(watchdog.o)
 .comment       0x00000000       0x31 contiki-z1.a(xmem.o)
 .comment       0x00000000       0x31 contiki-z1.a(spi.o)
 .comment       0x00000000       0x31 contiki-z1.a(cc2420.o)
 .comment       0x00000000       0x31 contiki-z1.a(cc2420-arch.o)
 .comment       0x00000000       0x31 contiki-z1.a(node-id.o)
 .comment       0x00000000       0x31 contiki-z1.a(sensors.o)
 .comment       0x00000000       0x31 contiki-z1.a(button-sensor.o)
 .comment       0x00000000       0x31 contiki-z1.a(uart0.o)
 .comment       0x00000000       0x31 contiki-z1.a(uart0-putchar.o)
 .comment       0x00000000       0x31 contiki-z1.a(adxl345.o)
 .comment       0x00000000       0x31 contiki-z1.a(clock.o)
 .comment       0x00000000       0x31 contiki-z1.a(leds-arch.o)
 .comment       0x00000000       0x31 contiki-z1.a(rtimer-arch.o)
 .comment       0x00000000       0x31 contiki-z1.a(stunicast.o)
 .comment       0x00000000       0x31 contiki-z1.a(mac.o)
 .comment       0x00000000       0x31 contiki-z1.a(framer-802154.o)
 .comment       0x00000000       0x31 contiki-z1.a(i2cmaster.o)
 .comment       0x00000000       0x31 contiki-z1.a(unicast.o)
 .comment       0x00000000       0x31 contiki-z1.a(frame802154.o)
 .comment       0x00000000       0x31 /usr/local/msp430/bin/../lib/gcc/msp430/4.7.0/mcpu-430x/mmpy-16/libgcc.a(_mul_sf.o)
 .comment       0x00000000       0x31 /usr/local/msp430/bin/../lib/gcc/msp430/4.7.0/mcpu-430x/mmpy-16/libgcc.a(_div_sf.o)
 .comment       0x00000000       0x31 /usr/local/msp430/bin/../lib/gcc/msp430/4.7.0/mcpu-430x/mmpy-16/libgcc.a(_si_to_sf.o)
 .comment       0x00000000       0x31 /usr/local/msp430/bin/../lib/gcc/msp430/4.7.0/mcpu-430x/mmpy-16/libgcc.a(_sf_to_si.o)
 .comment       0x00000000       0x31 /usr/local/msp430/bin/../lib/gcc/msp430/4.7.0/mcpu-430x/mmpy-16/libgcc.a(_thenan_sf.o)
 .comment       0x00000000       0x31 /usr/local/msp430/bin/../lib/gcc/msp430/4.7.0/mcpu-430x/mmpy-16/libgcc.a(_clzsi2.o)
 .comment       0x00000000       0x31 /usr/local/msp430/bin/../lib/gcc/msp430/4.7.0/mcpu-430x/mmpy-16/libgcc.a(_pack_sf.o)
 .comment       0x00000000       0x31 /usr/local/msp430/bin/../lib/gcc/msp430/4.7.0/mcpu-430x/mmpy-16/libgcc.a(_unpack_sf.o)
 .comment       0x00000000       0x31 /usr/local/msp430/bin/../lib/gcc/msp430/4.7.0/mcpu-430x/mmpy-16/libgcc.a(_clz.o)
 .comment       0x00000000       0x31 /usr/local/msp430/bin/../lib/gcc/msp430/4.7.0/../../../../msp430/lib/mcpu-430x/mmpy-16/libc.a(malloc.o)
 .comment       0x00000000       0x31 /usr/local/msp430/bin/../lib/gcc/msp430/4.7.0/../../../../msp430/lib/mcpu-430x/mmpy-16/libc.a(printf.o)
 .comment       0x00000000       0x31 /usr/local/msp430/bin/../lib/gcc/msp430/4.7.0/../../../../msp430/lib/mcpu-430x/mmpy-16/libc.a(vuprintf.o)
 .comment       0x00000000       0x31 /usr/local/msp430/bin/../lib/gcc/msp430/4.7.0/../../../../msp430/lib/mcpu-430x/mmpy-16/libc.a(puts.o)
 .comment       0x00000000       0x31 /usr/local/msp430/bin/../lib/gcc/msp430/4.7.0/../../../../msp430/lib/mcpu-430x/mmpy-16/libc.a(rand.o)
 .comment       0x00000000       0x31 /usr/local/msp430/bin/../lib/gcc/msp430/4.7.0/../../../../msp430/lib/mcpu-430x/mmpy-16/libc.a(strncmp.o)
 .comment       0x00000000       0x31 /usr/local/msp430/bin/../lib/gcc/msp430/4.7.0/../../../../msp430/lib/mcpu-430x/mmpy-16/libc.a(memcmp.o)
 .comment       0x00000000       0x31 /usr/local/msp430/bin/../lib/gcc/msp430/4.7.0/../../../../msp430/lib/mcpu-430x/mmpy-16/libc.a(memcpy.o)
 .comment       0x00000000       0x31 /usr/local/msp430/bin/../lib/gcc/msp430/4.7.0/../../../../msp430/lib/mcpu-430x/mmpy-16/libc.a(memset.o)

.debug
 *(.debug)

.line
 *(.line)

.debug_srcinfo
 *(.debug_srcinfo)

.debug_sfnames
 *(.debug_sfnames)

.debug_aranges  0x00000000      0x3d8
 *(.debug_aranges)
 .debug_aranges
                0x00000000       0x20 /usr/local/msp430/bin/../lib/gcc/msp430/4.7.0/mcpu-430x/mmpy-16/crt0ivtbl32.o
 .debug_aranges
                0x00000020       0x20 /usr/local/msp430/bin/../lib/gcc/msp430/4.7.0/mcpu-430x/mmpy-16/libgcc.a(_mulsi3.o)
 .debug_aranges
                0x00000040       0x20 /usr/local/msp430/bin/../lib/gcc/msp430/4.7.0/mcpu-430x/mmpy-16/libgcc.a(_udivmod16.o)
 .debug_aranges
                0x00000060       0x20 /usr/local/msp430/bin/../lib/gcc/msp430/4.7.0/mcpu-430x/mmpy-16/libgcc.a(_divmod16.o)
 .debug_aranges
                0x00000080       0x20 /usr/local/msp430/bin/../lib/gcc/msp430/4.7.0/mcpu-430x/mmpy-16/libgcc.a(_udivmod32.o)
 .debug_aranges
                0x000000a0       0x20 /usr/local/msp430/bin/../lib/gcc/msp430/4.7.0/mcpu-430x/mmpy-16/libgcc.a(_mul_sf.o)
 .debug_aranges
                0x000000c0       0x20 /usr/local/msp430/bin/../lib/gcc/msp430/4.7.0/mcpu-430x/mmpy-16/libgcc.a(_div_sf.o)
 .debug_aranges
                0x000000e0       0x20 /usr/local/msp430/bin/../lib/gcc/msp430/4.7.0/mcpu-430x/mmpy-16/libgcc.a(_si_to_sf.o)
 .debug_aranges
                0x00000100       0x20 /usr/local/msp430/bin/../lib/gcc/msp430/4.7.0/mcpu-430x/mmpy-16/libgcc.a(_sf_to_si.o)
 .debug_aranges
                0x00000120       0x18 /usr/local/msp430/bin/../lib/gcc/msp430/4.7.0/mcpu-430x/mmpy-16/libgcc.a(_thenan_sf.o)
 .debug_aranges
                0x00000138       0x20 /usr/local/msp430/bin/../lib/gcc/msp430/4.7.0/mcpu-430x/mmpy-16/libgcc.a(_clzsi2.o)
 .debug_aranges
                0x00000158       0x20 /usr/local/msp430/bin/../lib/gcc/msp430/4.7.0/mcpu-430x/mmpy-16/libgcc.a(_pack_sf.o)
 .debug_aranges
                0x00000178       0x20 /usr/local/msp430/bin/../lib/gcc/msp430/4.7.0/mcpu-430x/mmpy-16/libgcc.a(_unpack_sf.o)
 .debug_aranges
                0x00000198       0x18 /usr/local/msp430/bin/../lib/gcc/msp430/4.7.0/mcpu-430x/mmpy-16/libgcc.a(_clz.o)
 .debug_aranges
                0x000001b0       0x28 /usr/local/msp430/bin/../lib/gcc/msp430/4.7.0/../../../../msp430/lib/mcpu-430x/mmpy-16/libc.a(malloc.o)
 .debug_aranges
                0x000001d8       0x28 /usr/local/msp430/bin/../lib/gcc/msp430/4.7.0/../../../../msp430/lib/mcpu-430x/mmpy-16/libc.a(printf.o)
 .debug_aranges
                0x00000200       0x28 /usr/local/msp430/bin/../lib/gcc/msp430/4.7.0/../../../../msp430/lib/mcpu-430x/mmpy-16/libc.a(vuprintf.o)
 .debug_aranges
                0x00000228       0x20 /usr/local/msp430/bin/../lib/gcc/msp430/4.7.0/../../../../msp430/lib/mcpu-430x/mmpy-16/libc.a(puts.o)
 .debug_aranges
                0x00000248       0x30 /usr/local/msp430/bin/../lib/gcc/msp430/4.7.0/../../../../msp430/lib/mcpu-430x/mmpy-16/libc.a(rand.o)
 .debug_aranges
                0x00000278       0x20 /usr/local/msp430/bin/../lib/gcc/msp430/4.7.0/../../../../msp430/lib/mcpu-430x/mmpy-16/libc.a(strncmp.o)
 .debug_aranges
                0x00000298       0x20 /usr/local/msp430/bin/../lib/gcc/msp430/4.7.0/../../../../msp430/lib/mcpu-430x/mmpy-16/libc.a(memcmp.o)
 .debug_aranges
                0x000002b8       0x20 /usr/local/msp430/bin/../lib/gcc/msp430/4.7.0/../../../../msp430/lib/mcpu-430x/mmpy-16/libc.a(memcpy.o)
 .debug_aranges
                0x000002d8       0x20 /usr/local/msp430/bin/../lib/gcc/msp430/4.7.0/../../../../msp430/lib/mcpu-430x/mmpy-16/libc.a(memset.o)
 .debug_aranges
                0x000002f8       0x20 /usr/local/msp430/bin/../lib/gcc/msp430/4.7.0/mcpu-430x/mmpy-16/libgcc.a(_udivmod64.o)
 .debug_aranges
                0x00000318       0x20 /usr/local/msp430/bin/../lib/gcc/msp430/4.7.0/mcpu-430x/mmpy-16/libcrt0.a(__watchdog_support.o)
 .debug_aranges
                0x00000338       0x20 /usr/local/msp430/bin/../lib/gcc/msp430/4.7.0/mcpu-430x/mmpy-16/libcrt0.a(__init_stack.o)
 .debug_aranges
                0x00000358       0x20 /usr/local/msp430/bin/../lib/gcc/msp430/4.7.0/mcpu-430x/mmpy-16/libcrt0.a(_copy_data.o)
 .debug_aranges
                0x00000378       0x20 /usr/local/msp430/bin/../lib/gcc/msp430/4.7.0/mcpu-430x/mmpy-16/libcrt0.a(_clear_bss.o)
 .debug_aranges
                0x00000398       0x20 /usr/local/msp430/bin/../lib/gcc/msp430/4.7.0/mcpu-430x/mmpy-16/libcrt0.a(_endless_loop__.o)
 .debug_aranges
                0x000003b8       0x20 /usr/local/msp430/bin/../lib/gcc/msp430/4.7.0/mcpu-430x/mmpy-16/libcrt0.a(_unexpected_.o)

.debug_pubnames
 *(.debug_pubnames)

.debug_info     0x00000000     0x2def
 *(.debug_info)
 .debug_info    0x00000000       0xac /usr/local/msp430/bin/../lib/gcc/msp430/4.7.0/mcpu-430x/mmpy-16/crt0ivtbl32.o
 .debug_info    0x000000ac       0xa9 /usr/local/msp430/bin/../lib/gcc/msp430/4.7.0/mcpu-430x/mmpy-16/libgcc.a(_mulsi3.o)
 .debug_info    0x00000155       0xa9 /usr/local/msp430/bin/../lib/gcc/msp430/4.7.0/mcpu-430x/mmpy-16/libgcc.a(_udivmod16.o)
 .debug_info    0x000001fe       0xa9 /usr/local/msp430/bin/../lib/gcc/msp430/4.7.0/mcpu-430x/mmpy-16/libgcc.a(_divmod16.o)
 .debug_info    0x000002a7       0xa9 /usr/local/msp430/bin/../lib/gcc/msp430/4.7.0/mcpu-430x/mmpy-16/libgcc.a(_udivmod32.o)
 .debug_info    0x00000350      0x46b /usr/local/msp430/bin/../lib/gcc/msp430/4.7.0/mcpu-430x/mmpy-16/libgcc.a(_mul_sf.o)
 .debug_info    0x000007bb      0x3f3 /usr/local/msp430/bin/../lib/gcc/msp430/4.7.0/mcpu-430x/mmpy-16/libgcc.a(_div_sf.o)
 .debug_info    0x00000bae      0x259 /usr/local/msp430/bin/../lib/gcc/msp430/4.7.0/mcpu-430x/mmpy-16/libgcc.a(_si_to_sf.o)
 .debug_info    0x00000e07      0x2d5 /usr/local/msp430/bin/../lib/gcc/msp430/4.7.0/mcpu-430x/mmpy-16/libgcc.a(_sf_to_si.o)
 .debug_info    0x000010dc      0x169 /usr/local/msp430/bin/../lib/gcc/msp430/4.7.0/mcpu-430x/mmpy-16/libgcc.a(_thenan_sf.o)
 .debug_info    0x00001245      0x119 /usr/local/msp430/bin/../lib/gcc/msp430/4.7.0/mcpu-430x/mmpy-16/libgcc.a(_clzsi2.o)
 .debug_info    0x0000135e      0x2cd /usr/local/msp430/bin/../lib/gcc/msp430/4.7.0/mcpu-430x/mmpy-16/libgcc.a(_pack_sf.o)
 .debug_info    0x0000162b      0x252 /usr/local/msp430/bin/../lib/gcc/msp430/4.7.0/mcpu-430x/mmpy-16/libgcc.a(_unpack_sf.o)
 .debug_info    0x0000187d       0xc5 /usr/local/msp430/bin/../lib/gcc/msp430/4.7.0/mcpu-430x/mmpy-16/libgcc.a(_clz.o)
 .debug_info    0x00001942      0x185 /usr/local/msp430/bin/../lib/gcc/msp430/4.7.0/../../../../msp430/lib/mcpu-430x/mmpy-16/libc.a(malloc.o)
 .debug_info    0x00001ac7      0x18d /usr/local/msp430/bin/../lib/gcc/msp430/4.7.0/../../../../msp430/lib/mcpu-430x/mmpy-16/libc.a(printf.o)
 .debug_info    0x00001c54      0x66d /usr/local/msp430/bin/../lib/gcc/msp430/4.7.0/../../../../msp430/lib/mcpu-430x/mmpy-16/libc.a(vuprintf.o)
 .debug_info    0x000022c1       0xe1 /usr/local/msp430/bin/../lib/gcc/msp430/4.7.0/../../../../msp430/lib/mcpu-430x/mmpy-16/libc.a(puts.o)
 .debug_info    0x000023a2      0x172 /usr/local/msp430/bin/../lib/gcc/msp430/4.7.0/../../../../msp430/lib/mcpu-430x/mmpy-16/libc.a(rand.o)
 .debug_info    0x00002514       0xd8 /usr/local/msp430/bin/../lib/gcc/msp430/4.7.0/../../../../msp430/lib/mcpu-430x/mmpy-16/libc.a(strncmp.o)
 .debug_info    0x000025ec       0xff /usr/local/msp430/bin/../lib/gcc/msp430/4.7.0/../../../../msp430/lib/mcpu-430x/mmpy-16/libc.a(memcmp.o)
 .debug_info    0x000026eb      0x144 /usr/local/msp430/bin/../lib/gcc/msp430/4.7.0/../../../../msp430/lib/mcpu-430x/mmpy-16/libc.a(memcpy.o)
 .debug_info    0x0000282f      0x12d /usr/local/msp430/bin/../lib/gcc/msp430/4.7.0/../../../../msp430/lib/mcpu-430x/mmpy-16/libc.a(memset.o)
 .debug_info    0x0000295c       0xa9 /usr/local/msp430/bin/../lib/gcc/msp430/4.7.0/mcpu-430x/mmpy-16/libgcc.a(_udivmod64.o)
 .debug_info    0x00002a05       0xa7 /usr/local/msp430/bin/../lib/gcc/msp430/4.7.0/mcpu-430x/mmpy-16/libcrt0.a(__watchdog_support.o)
 .debug_info    0x00002aac       0xa7 /usr/local/msp430/bin/../lib/gcc/msp430/4.7.0/mcpu-430x/mmpy-16/libcrt0.a(__init_stack.o)
 .debug_info    0x00002b53       0xa7 /usr/local/msp430/bin/../lib/gcc/msp430/4.7.0/mcpu-430x/mmpy-16/libcrt0.a(_copy_data.o)
 .debug_info    0x00002bfa       0xa7 /usr/local/msp430/bin/../lib/gcc/msp430/4.7.0/mcpu-430x/mmpy-16/libcrt0.a(_clear_bss.o)
 .debug_info    0x00002ca1       0xa7 /usr/local/msp430/bin/../lib/gcc/msp430/4.7.0/mcpu-430x/mmpy-16/libcrt0.a(_endless_loop__.o)
 .debug_info    0x00002d48       0xa7 /usr/local/msp430/bin/../lib/gcc/msp430/4.7.0/mcpu-430x/mmpy-16/libcrt0.a(_unexpected_.o)
 *(.gnu.linkonce.wi.*)

.debug_abbrev   0x00000000     0x15a3
 *(.debug_abbrev)
 .debug_abbrev  0x00000000       0x14 /usr/local/msp430/bin/../lib/gcc/msp430/4.7.0/mcpu-430x/mmpy-16/crt0ivtbl32.o
 .debug_abbrev  0x00000014       0x14 /usr/local/msp430/bin/../lib/gcc/msp430/4.7.0/mcpu-430x/mmpy-16/libgcc.a(_mulsi3.o)
 .debug_abbrev  0x00000028       0x14 /usr/local/msp430/bin/../lib/gcc/msp430/4.7.0/mcpu-430x/mmpy-16/libgcc.a(_udivmod16.o)
 .debug_abbrev  0x0000003c       0x14 /usr/local/msp430/bin/../lib/gcc/msp430/4.7.0/mcpu-430x/mmpy-16/libgcc.a(_divmod16.o)
 .debug_abbrev  0x00000050       0x14 /usr/local/msp430/bin/../lib/gcc/msp430/4.7.0/mcpu-430x/mmpy-16/libgcc.a(_udivmod32.o)
 .debug_abbrev  0x00000064      0x245 /usr/local/msp430/bin/../lib/gcc/msp430/4.7.0/mcpu-430x/mmpy-16/libgcc.a(_mul_sf.o)
 .debug_abbrev  0x000002a9      0x22e /usr/local/msp430/bin/../lib/gcc/msp430/4.7.0/mcpu-430x/mmpy-16/libgcc.a(_div_sf.o)
 .debug_abbrev  0x000004d7      0x19e /usr/local/msp430/bin/../lib/gcc/msp430/4.7.0/mcpu-430x/mmpy-16/libgcc.a(_si_to_sf.o)
 .debug_abbrev  0x00000675      0x194 /usr/local/msp430/bin/../lib/gcc/msp430/4.7.0/mcpu-430x/mmpy-16/libgcc.a(_sf_to_si.o)
 .debug_abbrev  0x00000809       0xc5 /usr/local/msp430/bin/../lib/gcc/msp430/4.7.0/mcpu-430x/mmpy-16/libgcc.a(_thenan_sf.o)
 .debug_abbrev  0x000008ce       0xaf /usr/local/msp430/bin/../lib/gcc/msp430/4.7.0/mcpu-430x/mmpy-16/libgcc.a(_clzsi2.o)
 .debug_abbrev  0x0000097d      0x197 /usr/local/msp430/bin/../lib/gcc/msp430/4.7.0/mcpu-430x/mmpy-16/libgcc.a(_pack_sf.o)
 .debug_abbrev  0x00000b14      0x150 /usr/local/msp430/bin/../lib/gcc/msp430/4.7.0/mcpu-430x/mmpy-16/libgcc.a(_unpack_sf.o)
 .debug_abbrev  0x00000c64       0x75 /usr/local/msp430/bin/../lib/gcc/msp430/4.7.0/mcpu-430x/mmpy-16/libgcc.a(_clz.o)
 .debug_abbrev  0x00000cd9      0x10c /usr/local/msp430/bin/../lib/gcc/msp430/4.7.0/../../../../msp430/lib/mcpu-430x/mmpy-16/libc.a(malloc.o)
 .debug_abbrev  0x00000de5       0xfa /usr/local/msp430/bin/../lib/gcc/msp430/4.7.0/../../../../msp430/lib/mcpu-430x/mmpy-16/libc.a(printf.o)
 .debug_abbrev  0x00000edf      0x23e /usr/local/msp430/bin/../lib/gcc/msp430/4.7.0/../../../../msp430/lib/mcpu-430x/mmpy-16/libc.a(vuprintf.o)
 .debug_abbrev  0x0000111d       0xa3 /usr/local/msp430/bin/../lib/gcc/msp430/4.7.0/../../../../msp430/lib/mcpu-430x/mmpy-16/libc.a(puts.o)
 .debug_abbrev  0x000011c0       0xfb /usr/local/msp430/bin/../lib/gcc/msp430/4.7.0/../../../../msp430/lib/mcpu-430x/mmpy-16/libc.a(rand.o)
 .debug_abbrev  0x000012bb       0x72 /usr/local/msp430/bin/../lib/gcc/msp430/4.7.0/../../../../msp430/lib/mcpu-430x/mmpy-16/libc.a(strncmp.o)
 .debug_abbrev  0x0000132d       0x9e /usr/local/msp430/bin/../lib/gcc/msp430/4.7.0/../../../../msp430/lib/mcpu-430x/mmpy-16/libc.a(memcmp.o)
 .debug_abbrev  0x000013cb       0xab /usr/local/msp430/bin/../lib/gcc/msp430/4.7.0/../../../../msp430/lib/mcpu-430x/mmpy-16/libc.a(memcpy.o)
 .debug_abbrev  0x00001476       0xa1 /usr/local/msp430/bin/../lib/gcc/msp430/4.7.0/../../../../msp430/lib/mcpu-430x/mmpy-16/libc.a(memset.o)
 .debug_abbrev  0x00001517       0x14 /usr/local/msp430/bin/../lib/gcc/msp430/4.7.0/mcpu-430x/mmpy-16/libgcc.a(_udivmod64.o)
 .debug_abbrev  0x0000152b       0x14 /usr/local/msp430/bin/../lib/gcc/msp430/4.7.0/mcpu-430x/mmpy-16/libcrt0.a(__watchdog_support.o)
 .debug_abbrev  0x0000153f       0x14 /usr/local/msp430/bin/../lib/gcc/msp430/4.7.0/mcpu-430x/mmpy-16/libcrt0.a(__init_stack.o)
 .debug_abbrev  0x00001553       0x14 /usr/local/msp430/bin/../lib/gcc/msp430/4.7.0/mcpu-430x/mmpy-16/libcrt0.a(_copy_data.o)
 .debug_abbrev  0x00001567       0x14 /usr/local/msp430/bin/../lib/gcc/msp430/4.7.0/mcpu-430x/mmpy-16/libcrt0.a(_clear_bss.o)
 .debug_abbrev  0x0000157b       0x14 /usr/local/msp430/bin/../lib/gcc/msp430/4.7.0/mcpu-430x/mmpy-16/libcrt0.a(_endless_loop__.o)
 .debug_abbrev  0x0000158f       0x14 /usr/local/msp430/bin/../lib/gcc/msp430/4.7.0/mcpu-430x/mmpy-16/libcrt0.a(_unexpected_.o)

.debug_line     0x00000000     0x144f
 *(.debug_line)
 .debug_line    0x00000000       0x69 /usr/local/msp430/bin/../lib/gcc/msp430/4.7.0/mcpu-430x/mmpy-16/crt0ivtbl32.o
 .debug_line    0x00000069       0x79 /usr/local/msp430/bin/../lib/gcc/msp430/4.7.0/mcpu-430x/mmpy-16/libgcc.a(_mulsi3.o)
 .debug_line    0x000000e2       0x75 /usr/local/msp430/bin/../lib/gcc/msp430/4.7.0/mcpu-430x/mmpy-16/libgcc.a(_udivmod16.o)
 .debug_line    0x00000157       0x80 /usr/local/msp430/bin/../lib/gcc/msp430/4.7.0/mcpu-430x/mmpy-16/libgcc.a(_divmod16.o)
 .debug_line    0x000001d7       0x80 /usr/local/msp430/bin/../lib/gcc/msp430/4.7.0/mcpu-430x/mmpy-16/libgcc.a(_udivmod32.o)
 .debug_line    0x00000257       0xec /usr/local/msp430/bin/../lib/gcc/msp430/4.7.0/mcpu-430x/mmpy-16/libgcc.a(_mul_sf.o)
 .debug_line    0x00000343       0xbb /usr/local/msp430/bin/../lib/gcc/msp430/4.7.0/mcpu-430x/mmpy-16/libgcc.a(_div_sf.o)
 .debug_line    0x000003fe       0x8c /usr/local/msp430/bin/../lib/gcc/msp430/4.7.0/mcpu-430x/mmpy-16/libgcc.a(_si_to_sf.o)
 .debug_line    0x0000048a       0x88 /usr/local/msp430/bin/../lib/gcc/msp430/4.7.0/mcpu-430x/mmpy-16/libgcc.a(_sf_to_si.o)